Component: ARM Compiler 5.06 update 5 (build 528) Tool: armlink [4d35e2]

==============================================================================

Section Cross References

    stm32f4xx_hal.o(.text) refers to stm32f4xx_hal_cortex.o(.text) for HAL_SYSTICK_Config
    stm32f4xx_hal.o(.text) refers to drv_common.o(.text) for HAL_InitTick
    stm32f4xx_hal.o(.text) refers to stm32f4xx_hal_msp.o(.text) for HAL_MspInit
    stm32f4xx_hal.o(.text) refers to stm32f4xx_hal.o(.data) for .data
    stm32f4xx_hal.o(.text) refers to system_stm32f4xx.o(.data) for SystemCoreClock
    stm32f4xx_hal_dma.o(.text) refers to drv_common.o(.text) for HAL_GetTick
    stm32f4xx_hal_dma.o(.text) refers to stm32f4xx_hal_dma.o(.constdata) for .constdata
    stm32f4xx_hal_dma.o(.text) refers to system_stm32f4xx.o(.data) for SystemCoreClock
    stm32f4xx_hal_flash.o(.text) refers to drv_common.o(.text) for HAL_GetTick
    stm32f4xx_hal_flash.o(.text) refers to stm32f4xx_hal_flash_ex.o(.text) for FLASH_Erase_Sector
    stm32f4xx_hal_flash.o(.text) refers to stm32f4xx_hal_flash.o(.bss) for .bss
    stm32f4xx_hal_flash_ex.o(.text) refers to stm32f4xx_hal_flash.o(.text) for FLASH_WaitForLastOperation
    stm32f4xx_hal_flash_ex.o(.text) refers to stm32f4xx_hal_flash.o(.bss) for pFlash
    stm32f4xx_hal_gpio.o(.text) refers to drv_gpio.o(.text) for HAL_GPIO_EXTI_Callback
    stm32f4xx_hal_pcd.o(.text) refers to usbd_conf.o(.text) for HAL_PCD_MspInit
    stm32f4xx_hal_pcd.o(.text) refers to stm32f4xx_ll_usb.o(.text) for USB_DisableGlobalInt
    stm32f4xx_hal_pcd.o(.text) refers to rt_memcpy_w.o(.text) for __aeabi_memcpy4
    stm32f4xx_hal_pcd.o(.text) refers to stm32f4xx_hal_pcd_ex.o(.text) for HAL_PCDEx_LPM_Callback
    stm32f4xx_hal_pcd.o(.text) refers to stm32f4xx_hal_rcc.o(.text) for HAL_RCC_GetHCLKFreq
    stm32f4xx_hal_pwr_ex.o(.text) refers to drv_common.o(.text) for HAL_GetTick
    stm32f4xx_hal_rcc.o(.text) refers to drv_common.o(.text) for HAL_GetTick
    stm32f4xx_hal_rcc.o(.text) refers to lludivv7m.o(.text) for __aeabi_uldivmod
    stm32f4xx_hal_rcc.o(.text) refers to stm32f4xx_hal_gpio.o(.text) for HAL_GPIO_Init
    stm32f4xx_hal_rcc.o(.text) refers to system_stm32f4xx.o(.constdata) for AHBPrescTable
    stm32f4xx_hal_rcc.o(.text) refers to system_stm32f4xx.o(.data) for SystemCoreClock
    stm32f4xx_hal_rcc.o(.text) refers to system_stm32f4xx.o(.constdata) for APBPrescTable
    stm32f4xx_hal_rcc_ex.o(.text) refers to drv_common.o(.text) for HAL_GetTick
    stm32f4xx_hal_rcc_ex.o(.text) refers to system_stm32f4xx.o(.data) for SystemCoreClock
    stm32f4xx_hal_uart.o(.text) refers to stm32f4xx_hal_rcc.o(.text) for HAL_RCC_GetPCLK2Freq
    stm32f4xx_hal_uart.o(.text) refers to stm32f4xx_hal_msp.o(.text) for HAL_UART_MspInit
    stm32f4xx_hal_uart.o(.text) refers to drv_common.o(.text) for HAL_GetTick
    stm32f4xx_hal_uart.o(.text) refers to drv_usart.o(.text) for HAL_UART_ErrorCallback
    stm32f4xx_hal_uart.o(.text) refers to stm32f4xx_hal_dma.o(.text) for HAL_DMA_Start_IT
    stm32f4xx_ll_usb.o(.text) refers to drv_common.o(.text) for HAL_Delay
    stm32f4xx_ll_usb.o(.text) refers to stm32f4xx_ll_usb.o(.data) for .data
    diskio.o(.text) refers to ff_gen_drv.o(.bss) for disk
    ff.o(.text) refers to diskio.o(.text) for disk_write
    ff.o(.text) refers to ff.o(.bss) for .bss
    ff.o(.text) refers to ff.o(.constdata) for .constdata
    ff.o(.text) refers to ff.o(.data) for .data
    ff.o(.text) refers to fatfs.o(.text) for get_fattime
    ff_gen_drv.o(.text) refers to ff_gen_drv.o(.bss) for .bss
    usbd_cdc.o(.text) refers to usbd_conf.o(.text) for USBD_LL_OpenEP
    usbd_cdc.o(.text) refers to h1_alloc.o(.text) for malloc
    usbd_cdc.o(.text) refers to h1_free.o(.text) for free
    usbd_cdc.o(.text) refers to usbd_ctlreq.o(.text) for USBD_CtlError
    usbd_cdc.o(.text) refers to usbd_ioreq.o(.text) for USBD_CtlSendData
    usbd_cdc.o(.text) refers to usbd_cdc.o(.data) for .data
    usbd_cdc.o(.data) refers to usbd_cdc.o(.text) for USBD_CDC_Init
    usbd_core.o(.text) refers to usbd_conf.o(.text) for USBD_LL_Init
    usbd_core.o(.text) refers to usbd_ctlreq.o(.text) for USBD_ParseSetupRequest
    usbd_core.o(.text) refers to usbd_ioreq.o(.text) for USBD_CtlContinueRx
    usbd_ctlreq.o(.text) refers to usbd_conf.o(.text) for USBD_LL_StallEP
    usbd_ctlreq.o(.text) refers to usbd_ioreq.o(.text) for USBD_CtlSendStatus
    usbd_ctlreq.o(.text) refers to usbd_core.o(.text) for USBD_ClrClassConfig
    usbd_ctlreq.o(.text) refers to usbd_ctlreq.o(.data) for .data
    usbd_ioreq.o(.text) refers to usbd_conf.o(.text) for USBD_LL_Transmit
    board.o(.text) refers to scheduler.o(.text) for rt_enter_critical
    clock.o(.text) refers to context_rvds.o(.text) for rt_hw_interrupt_disable
    clock.o(.text) refers to thread.o(.text) for rt_thread_self
    clock.o(.text) refers to timer.o(.text) for rt_timer_check
    clock.o(.text) refers to clock.o(.data) for .data
[...]
    HAL_UART_Transmit                        0x08002847   Thumb Code   204  stm32f4xx_hal_uart.o(.text)
    HAL_UART_Receive                         0x08002913   Thumb Code   208  stm32f4xx_hal_uart.o(.text)
    HAL_UART_Transmit_IT                     0x080029e3   Thumb Code    66  stm32f4xx_hal_uart.o(.text)
    HAL_UART_Receive_IT                      0x08002a25   Thumb Code    86  stm32f4xx_hal_uart.o(.text)
    HAL_UART_TxHalfCpltCallback              0x08002af5   Thumb Code     2  stm32f4xx_hal_uart.o(.text)
    HAL_UART_Transmit_DMA                    0x08002b31   Thumb Code   126  stm32f4xx_hal_uart.o(.text)
    HAL_UART_Receive_DMA                     0x08002bf9   Thumb Code   142  stm32f4xx_hal_uart.o(.text)
    HAL_UART_DMAPause                        0x08002c87   Thumb Code   102  stm32f4xx_hal_uart.o(.text)
    HAL_UART_DMAResume                       0x08002ced   Thumb Code    94  stm32f4xx_hal_uart.o(.text)
    HAL_UART_DMAStop                         0x08002d4b   Thumb Code    88  stm32f4xx_hal_uart.o(.text)
    HAL_UART_Abort                           0x08002da3   Thumb Code   144  stm32f4xx_hal_uart.o(.text)
    HAL_UART_AbortTransmit                   0x08002e33   Thumb Code    78  stm32f4xx_hal_uart.o(.text)
    HAL_UART_AbortReceive                    0x08002e81   Thumb Code    88  stm32f4xx_hal_uart.o(.text)
    HAL_UART_AbortCpltCallback               0x08002ed9   Thumb Code     2  stm32f4xx_hal_uart.o(.text)
    HAL_UART_Abort_IT                        0x08002f33   Thumb Code   196  stm32f4xx_hal_uart.o(.text)
    HAL_UART_AbortTransmitCpltCallback       0x08002ff7   Thumb Code     2  stm32f4xx_hal_uart.o(.text)
    HAL_UART_AbortTransmit_IT                0x0800300d   Thumb Code    92  stm32f4xx_hal_uart.o(.text)
    HAL_UART_AbortReceiveCpltCallback        0x08003069   Thumb Code     2  stm32f4xx_hal_uart.o(.text)
    HAL_UART_AbortReceive_IT                 0x0800307f   Thumb Code   102  stm32f4xx_hal_uart.o(.text)
    HAL_UART_IRQHandler                      0x08003211   Thumb Code   262  stm32f4xx_hal_uart.o(.text)
    HAL_LIN_SendBreak                        0x08003317   Thumb Code    46  stm32f4xx_hal_uart.o(.text)
    HAL_MultiProcessor_EnterMuteMode         0x08003345   Thumb Code    64  stm32f4xx_hal_uart.o(.text)
    HAL_MultiProcessor_ExitMuteMode          0x08003385   Thumb Code    46  stm32f4xx_hal_uart.o(.text)
    HAL_HalfDuplex_EnableTransmitter         0x080033b3   Thumb Code    50  stm32f4xx_hal_uart.o(.text)
    HAL_HalfDuplex_EnableReceiver            0x080033e5   Thumb Code    50  stm32f4xx_hal_uart.o(.text)
    HAL_UART_GetState                        0x08003417   Thumb Code    12  stm32f4xx_hal_uart.o(.text)
    HAL_UART_GetError                        0x08003423   Thumb Code     4  stm32f4xx_hal_uart.o(.text)
    USB_CoreInit                             0x0800345b   Thumb Code   122  stm32f4xx_ll_usb.o(.text)
    USB_SetTurnaroundTime                    0x080034d5   Thumb Code   170  stm32f4xx_ll_usb.o(.text)
    USB_EnableGlobalInt                      0x0800357f   Thumb Code    12  stm32f4xx_ll_usb.o(.text)
    USB_DisableGlobalInt                     0x0800358b   Thumb Code    12  stm32f4xx_ll_usb.o(.text)
    USB_SetCurrentMode                       0x08003597   Thumb Code    48  stm32f4xx_ll_usb.o(.text)
    USB_FlushRxFifo                          0x080035c7   Thumb Code    28  stm32f4xx_ll_usb.o(.text)
    USB_FlushTxFifo                          0x080035e3   Thumb Code    32  stm32f4xx_ll_usb.o(.text)
    USB_SetDevSpeed                          0x08003603   Thumb Code    14  stm32f4xx_ll_usb.o(.text)
    USB_DevInit                              0x08003611   Thumb Code   370  stm32f4xx_ll_usb.o(.text)
    USB_GetDevSpeed                          0x08003783   Thumb Code    32  stm32f4xx_ll_usb.o(.text)
    USB_ActivateEndpoint                     0x080037a3   Thumb Code   226  stm32f4xx_ll_usb.o(.text)
    USB_ActivateDedicatedEndpoint            0x08003885   Thumb Code   140  stm32f4xx_ll_usb.o(.text)
    USB_DeactivateEndpoint                   0x08003911   Thumb Code   122  stm32f4xx_ll_usb.o(.text)
    USB_DeactivateDedicatedEndpoint          0x0800398b   Thumb Code    86  stm32f4xx_ll_usb.o(.text)
    USB_WritePacket                          0x080039e1   Thumb Code    38  stm32f4xx_ll_usb.o(.text)
    USB_EPStartXfer                          0x08003a07   Thumb Code   496  stm32f4xx_ll_usb.o(.text)
    USB_EP0StartXfer                         0x08003bf7   Thumb Code   288  stm32f4xx_ll_usb.o(.text)
    USB_ReadPacket                           0x08003d17   Thumb Code    30  stm32f4xx_ll_usb.o(.text)
    USB_EPSetStall                           0x08003d35   Thumb Code    88  stm32f4xx_ll_usb.o(.text)
    USB_EPClearStall                         0x08003d8d   Thumb Code    88  stm32f4xx_ll_usb.o(.text)
    USB_StopDevice                           0x08003de5   Thumb Code    66  stm32f4xx_ll_usb.o(.text)
    USB_SetDevAddress                        0x08003e27   Thumb Code    30  stm32f4xx_ll_usb.o(.text)
    USB_DevConnect                           0x08003e45   Thumb Code    24  stm32f4xx_ll_usb.o(.text)
    USB_DevDisconnect                        0x08003e5d   Thumb Code    24  stm32f4xx_ll_usb.o(.text)
    USB_ReadInterrupts                       0x08003e75   Thumb Code     8  stm32f4xx_ll_usb.o(.text)
    USB_ReadDevAllOutEpInterrupt             0x08003e7d   Thumb Code    14  stm32f4xx_ll_usb.o(.text)
    USB_ReadDevAllInEpInterrupt              0x08003e8b   Thumb Code    14  stm32f4xx_ll_usb.o(.text)
    USB_ReadDevOutEPInterrupt                0x08003e99   Thumb Code    16  stm32f4xx_ll_usb.o(.text)
    USB_ReadDevInEPInterrupt                 0x08003ea9   Thumb Code    36  stm32f4xx_ll_usb.o(.text)
    USB_ClearInterrupts                      0x08003ecd   Thumb Code     8  stm32f4xx_ll_usb.o(.text)
    USB_GetMode                              0x08003ed5   Thumb Code     8  stm32f4xx_ll_usb.o(.text)
    USB_ActivateSetup                        0x08003edd   Thumb Code    52  stm32f4xx_ll_usb.o(.text)
    USB_EP0_OutStart                         0x08003f11   Thumb Code    80  stm32f4xx_ll_usb.o(.text)
    USB_DriveVbus                            0x08003f61   Thumb Code    58  stm32f4xx_ll_usb.o(.text)
    USB_HostInit                             0x08003f9b   Thumb Code   212  stm32f4xx_ll_usb.o(.text)
    USB_InitFSLSPClkSel                      0x0800406f   Thumb Code    58  stm32f4xx_ll_usb.o(.text)
    USB_ResetPort                            0x080040a9   Thumb Code    52  stm32f4xx_ll_usb.o(.text)
    USB_GetHostSpeed                         0x080040dd   Thumb Code    16  stm32f4xx_ll_usb.o(.text)
    USB_GetCurrentFrame                      0x080040ed   Thumb Code     8  stm32f4xx_ll_usb.o(.text)
    USB_HC_Init                              0x080040f5   Thumb Code   272  stm32f4xx_ll_usb.o(.text)
    USB_DoPing                               0x08004205   Thumb Code    28  stm32f4xx_ll_usb.o(.text)
    USB_HC_StartXfer                         0x08004221   Thumb Code   360  stm32f4xx_ll_usb.o(.text)
    USB_HC_ReadInterrupt                     0x08004389   Thumb Code     8  stm32f4xx_ll_usb.o(.text)
    USB_HC_Halt                              0x08004391   Thumb Code   196  stm32f4xx_ll_usb.o(.text)
    USB_StopHost                             0x08004455   Thumb Code   128  stm32f4xx_ll_usb.o(.text)
    USB_ActivateRemoteWakeup                 0x080044d5   Thumb Code    24  stm32f4xx_ll_usb.o(.text)
    USB_DeActivateRemoteWakeup               0x080044ed   Thumb Code    16  stm32f4xx_ll_usb.o(.text)
    FATFS_LinkDriverEx                       0x080044fd   Thumb Code    58  ff_gen_drv.o(.text)
    FATFS_LinkDriver                         0x08004537   Thumb Code     4  ff_gen_drv.o(.text)
    FATFS_UnLinkDriverEx                     0x0800453b   Thumb Code    48  ff_gen_drv.o(.text)
    FATFS_UnLinkDriver                       0x0800456b   Thumb Code     4  ff_gen_drv.o(.text)
    FATFS_GetAttachedDriversNbr              0x0800456f   Thumb Code     6  ff_gen_drv.o(.text)
    USBD_CDC_GetDeviceQualifierDescriptor    0x0800480f   Thumb Code    10  usbd_cdc.o(.text)
    USBD_CDC_RegisterInterface               0x08004819   Thumb Code    16  usbd_cdc.o(.text)
    USBD_CDC_SetTxBuffer                     0x08004829   Thumb Code    16  usbd_cdc.o(.text)
    USBD_CDC_SetRxBuffer                     0x08004839   Thumb Code    12  usbd_cdc.o(.text)
    USBD_CDC_TransmitPacket                  0x08004845   Thumb Code    52  usbd_cdc.o(.text)
    USBD_CDC_ReceivePacket                   0x08004879   Thumb Code    50  usbd_cdc.o(.text)
    USBD_Init                                0x080048b1   Thumb Code    44  usbd_core.o(.text)
    USBD_DeInit                              0x080048dd   Thumb Code    38  usbd_core.o(.text)
    USBD_RegisterClass                       0x08004903   Thumb Code    18  usbd_core.o(.text)
    USBD_Start                               0x08004915   Thumb Code    10  usbd_core.o(.text)
    USBD_Stop                                0x0800491f   Thumb Code    26  usbd_core.o(.text)
    USBD_RunTestMode                         0x08004939   Thumb Code     4  usbd_core.o(.text)
    USBD_SetClassConfig                      0x0800493d   Thumb Code    24  usbd_core.o(.text)
    USBD_ClrClassConfig                      0x08004955   Thumb Code    14  usbd_core.o(.text)
    USBD_LL_SetupStage                       0x08004963   Thumb Code    90  usbd_core.o(.text)
    USBD_LL_DataOutStage                     0x080049bd   Thumb Code   134  usbd_core.o(.text)
    USBD_LL_DataInStage                      0x08004a43   Thumb Code   216  usbd_core.o(.text)
    USBD_LL_Reset                            0x08004b1b   Thumb Code    82  usbd_core.o(.text)
    USBD_LL_SetSpeed                         0x08004b6d   Thumb Code     6  usbd_core.o(.text)
    USBD_LL_Suspend                          0x08004b73   Thumb Code    16  usbd_core.o(.text)
    USBD_LL_Resume                           0x08004b83   Thumb Code    12  usbd_core.o(.text)
    USBD_LL_SOF                              0x08004b8f   Thumb Code    24  usbd_core.o(.text)
    USBD_LL_IsoINIncomplete                  0x08004ba7   Thumb Code     4  usbd_core.o(.text)
    USBD_LL_IsoOUTIncomplete                 0x08004bab   Thumb Code     4  usbd_core.o(.text)
    USBD_LL_DevConnected                     0x08004baf   Thumb Code     4  usbd_core.o(.text)
    USBD_LL_DevDisconnected                  0x08004bb3   Thumb Code    22  usbd_core.o(.text)
    USBD_CtlError                            0x08004bc9   Thumb Code    24  usbd_ctlreq.o(.text)
    USBD_StdDevReq                           0x08004ecd   Thumb Code   106  usbd_ctlreq.o(.text)
    USBD_StdItfReq                           0x08004f37   Thumb Code   106  usbd_ctlreq.o(.text)
    USBD_StdEPReq                            0x08004fa1   Thumb Code   488  usbd_ctlreq.o(.text)
    USBD_ParseSetupRequest                   0x08005189   Thumb Code    40  usbd_ctlreq.o(.text)
    USBD_GetString                           0x080051c5   Thumb Code    62  usbd_ctlreq.o(.text)
    USBD_CtlSendData                         0x08005203   Thumb Code    26  usbd_ioreq.o(.text)
    USBD_CtlContinueSendData                 0x0800521d   Thumb Code    16  usbd_ioreq.o(.text)
    USBD_CtlPrepareRx                        0x0800522d   Thumb Code    30  usbd_ioreq.o(.text)
    USBD_CtlContinueRx                       0x0800524b   Thumb Code    16  usbd_ioreq.o(.text)
    USBD_CtlSendStatus                       0x0800525b   Thumb Code    22  usbd_ioreq.o(.text)
    USBD_CtlReceiveStatus                    0x08005271   Thumb Code    22  usbd_ioreq.o(.text)
    USBD_GetRxCount                          0x08005287   Thumb Code     4  usbd_ioreq.o(.text)
    rt_hw_console_output                     0x080052b1   Thumb Code    42  board.o(.text)
    rt_system_tick_init                      0x080052e1   Thumb Code     2  clock.o(.text)
    rt_tick_get                              0x080052e3   Thumb Code     6  clock.o(.text)
    rt_tick_set                              0x080052e9   Thumb Code    20  clock.o(.text)
    rt_tick_increase                         0x080052fd   Thumb Code    38  clock.o(.text)
    rt_tick_from_millisecond                 0x08005323   Thumb Code    50  clock.o(.text)
    rt_completion_init                       0x08005359   Thumb Code    38  completion.o(.text)
    rt_completion_wait                       0x0800537f   Thumb Code   200  completion.o(.text)
    rt_completion_done                       0x08005447   Thumb Code    78  completion.o(.text)
    rt_components_board_init                 0x0800552d   Thumb Code    20  components.o(.text)
    rt_components_init                       0x08005541   Thumb Code    20  components.o(.text)
    main_thread_entry                        0x08005555   Thumb Code    14  components.o(.text)
    rt_application_init                      0x08005563   Thumb Code    50  components.o(.text)
    rtthread_startup                         0x08005595   Thumb Code    42  components.o(.text)
    main                                     0x080055bf   Thumb Code    10  components.o(.text)
    rt_hw_interrupt_disable                  0x080055f1   Thumb Code     8  context_rvds.o(.text)
    rt_hw_interrupt_enable                   0x080055f9   Thumb Code     6  context_rvds.o(.text)
    rt_hw_context_switch                     0x080055ff   Thumb Code    32  context_rvds.o(.text)
    rt_hw_context_switch_interrupt           0x080055ff   Thumb Code     0  context_rvds.o(.text)
    PendSV_Handler                           0x0800561f   Thumb Code   108  context_rvds.o(.text)
    rt_hw_context_switch_to                  0x0800568b   Thumb Code    70  context_rvds.o(.text)
    rt_hw_interrupt_thread_switch            0x080056d1   Thumb Code     2  context_rvds.o(.text)
    HardFault_Handler                        0x080056d3   Thumb Code    56  context_rvds.o(.text)
    rt_hw_stack_init                         0x08005725   Thumb Code    58  cpuport.o(.text)
    rt_hw_exception_install                  0x0800575f   Thumb Code     6  cpuport.o(.text)
    rt_hw_hard_fault_exception               0x08005765   Thumb Code   194  cpuport.o(.text)
    rt_hw_cpu_shutdown                       0x08005827   Thumb Code    24  cpuport.o(.text)
    rt_hw_cpu_reset                          0x0800583f   Thumb Code     8  cpuport.o(.text)
    rt_data_queue_init                       0x080059bd   Thumb Code    74  dataqueue.o(.text)
    rt_data_queue_push                       0x08005a07   Thumb Code   284  dataqueue.o(.text)
    rt_data_queue_pop                        0x08005b23   Thumb Code   340  dataqueue.o(.text)
    rt_data_queue_peak                       0x08005c77   Thumb Code    98  dataqueue.o(.text)
    rt_data_queue_reset                      0x08005cd9   Thumb Code   102  dataqueue.o(.text)
    rt_device_find                           0x08005dc5   Thumb Code    94  device.o(.text)
    rt_device_register                       0x08005e23   Thumb Code    54  device.o(.text)
    rt_device_unregister                     0x08005e59   Thumb Code    72  device.o(.text)
    rt_device_init_all                       0x08005ea1   Thumb Code     4  device.o(.text)
    rt_device_create                         0x08005ea5   Thumb Code    36  device.o(.text)
    rt_device_destroy                        0x08005ec9   Thumb Code    78  device.o(.text)
    rt_device_init                           0x08005f17   Thumb Code    64  device.o(.text)
    rt_device_open                           0x08005f57   Thumb Code   170  device.o(.text)
    rt_device_close                          0x08006001   Thumb Code    94  device.o(.text)
    rt_device_read                           0x0800605f   Thumb Code   102  device.o(.text)
    rt_device_write                          0x080060c5   Thumb Code   102  device.o(.text)
    rt_device_control                        0x0800612b   Thumb Code    72  device.o(.text)
    rt_device_set_rx_indicate                0x08006173   Thumb Code    54  device.o(.text)
    rt_device_set_tx_complete                0x080061a9   Thumb Code   334  device.o(.text)
    rt_hw_systick_init                       0x080062f9   Thumb Code    38  drv_common.o(.text)
    SysTick_Handler                          0x0800631f   Thumb Code    22  drv_common.o(.text)
    HAL_GetTick                              0x08006335   Thumb Code    18  drv_common.o(.text)
    HAL_SuspendTick                          0x08006347   Thumb Code     2  drv_common.o(.text)
    HAL_ResumeTick                           0x08006349   Thumb Code     2  drv_common.o(.text)
    HAL_Delay                                0x0800634b   Thumb Code     2  drv_common.o(.text)
    HAL_InitTick                             0x0800634d   Thumb Code     4  drv_common.o(.text)
    _Error_Handler                           0x08006351   Thumb Code     2  drv_common.o(.text)
    rt_hw_us_delay                           0x08006353   Thumb Code    42  drv_common.o(.text)
    rt_hw_board_init                         0x0800637d   Thumb Code    56  drv_common.o(.text)
    HAL_GPIO_EXTI_Callback                   0x080066a3   Thumb Code    32  drv_gpio.o(.text)
    EXTI0_IRQHandler                         0x080066c3   Thumb Code    20  drv_gpio.o(.text)
    EXTI1_IRQHandler                         0x080066d7   Thumb Code    20  drv_gpio.o(.text)
    EXTI2_IRQHandler                         0x080066eb   Thumb Code    20  drv_gpio.o(.text)
    EXTI3_IRQHandler                         0x080066ff   Thumb Code    20  drv_gpio.o(.text)
    EXTI4_IRQHandler                         0x08006713   Thumb Code    20  drv_gpio.o(.text)
    EXTI9_5_IRQHandler                       0x08006727   Thumb Code    48  drv_gpio.o(.text)
    EXTI15_10_IRQHandler                     0x08006757   Thumb Code    62  drv_gpio.o(.text)
    rt_hw_pin_init                           0x08006795   Thumb Code   190  drv_gpio.o(.text)
    USART2_IRQHandler                        0x08006d4b   Thumb Code    20  drv_usart.o(.text)
    DMA1_Stream5_IRQHandler                  0x08006d5f   Thumb Code    22  drv_usart.o(.text)
    HAL_UART_ErrorCallback                   0x08006d75   Thumb Code    20  drv_usart.o(.text)
    HAL_UART_RxCpltCallback                  0x08006d89   Thumb Code    34  drv_usart.o(.text)
    HAL_UART_RxHalfCpltCallback              0x08006dab   Thumb Code    34  drv_usart.o(.text)
    HAL_UART_TxCpltCallback                  0x08006dcd   Thumb Code    38  drv_usart.o(.text)
    rt_hw_usart_init                         0x08006e07   Thumb Code   118  drv_usart.o(.text)
    rt_thread_idle_sethook                   0x08006eb1   Thumb Code    48  idle.o(.text)
    rt_thread_idle_delhook                   0x08006ee1   Thumb Code    52  idle.o(.text)
    rt_thread_idle_excute                    0x08006f15   Thumb Code   160  idle.o(.text)
    rt_thread_idle_init                      0x08006fcf   Thumb Code    82  idle.o(.text)
    rt_thread_idle_gethandler                0x08007021   Thumb Code     6  idle.o(.text)
    rt_sem_init                              0x0800710b   Thumb Code    68  ipc.o(.text)
    rt_sem_detach                            0x0800714f   Thumb Code    80  ipc.o(.text)
    rt_sem_create                            0x0800719f   Thumb Code    98  ipc.o(.text)
    rt_sem_delete                            0x08007201   Thumb Code   126  ipc.o(.text)
    rt_sem_take                              0x0800727f   Thumb Code   262  ipc.o(.text)
    rt_sem_trytake                           0x08007385   Thumb Code     4  ipc.o(.text)
    rt_sem_release                           0x08007389   Thumb Code   114  ipc.o(.text)
    rt_sem_control                           0x080073fb   Thumb Code    90  ipc.o(.text)
    rt_mutex_init                            0x08007455   Thumb Code    62  ipc.o(.text)
    rt_mutex_detach                          0x08007493   Thumb Code    86  ipc.o(.text)
    rt_mutex_create                          0x080074e9   Thumb Code   432  ipc.o(.text)
    rt_mutex_delete                          0x08007699   Thumb Code   122  ipc.o(.text)
    rt_mutex_take                            0x08007713   Thumb Code   336  ipc.o(.text)
    rt_mutex_release                         0x08007863   Thumb Code   292  ipc.o(.text)
    rt_mutex_control                         0x08007987   Thumb Code    54  ipc.o(.text)
    rt_event_init                            0x080079bd   Thumb Code    52  ipc.o(.text)
    rt_event_detach                          0x080079f1   Thumb Code    86  ipc.o(.text)
    rt_event_create                          0x08007a47   Thumb Code   242  ipc.o(.text)
    rt_event_delete                          0x08007b39   Thumb Code   124  ipc.o(.text)
    rt_event_send                            0x08007bb5   Thumb Code   196  ipc.o(.text)
    rt_event_recv                            0x08007c79   Thumb Code   380  ipc.o(.text)
    rt_event_control                         0x08007df5   Thumb Code    92  ipc.o(.text)
    rt_mb_init                               0x08007e51   Thumb Code    72  ipc.o(.text)
    rt_mb_detach                             0x08007e99   Thumb Code    94  ipc.o(.text)
    rt_mb_create                             0x08007ef7   Thumb Code   284  ipc.o(.text)
    rt_mb_delete                             0x08008013   Thumb Code   136  ipc.o(.text)
    rt_mb_send_wait                          0x0800809b   Thumb Code   394  ipc.o(.text)
    rt_mb_send                               0x08008225   Thumb Code     4  ipc.o(.text)
    rt_mb_recv                               0x08008229   Thumb Code   410  ipc.o(.text)
    rt_mb_control                            0x080083c3   Thumb Code   186  ipc.o(.text)
    rt_mq_init                               0x0800847d   Thumb Code   118  ipc.o(.text)
    rt_mq_detach                             0x080084f3   Thumb Code    86  ipc.o(.text)
    rt_mq_delete                             0x08008549   Thumb Code   136  ipc.o(.text)
    rt_mq_create                             0x080085d1   Thumb Code   158  ipc.o(.text)
    rt_mq_send                               0x0800866f   Thumb Code   216  ipc.o(.text)
    rt_mq_urgent                             0x08008747   Thumb Code   210  ipc.o(.text)
    rt_mq_recv                               0x08008819   Thumb Code   600  ipc.o(.text)
    rt_mq_control                            0x08008a71   Thumb Code   118  ipc.o(.text)
    rt_interrupt_enter_sethook               0x08008b21   Thumb Code     6  irq.o(.text)
    rt_interrupt_leave_sethook               0x08008b27   Thumb Code     6  irq.o(.text)
    rt_interrupt_enter                       0x08008b2d   Thumb Code    32  irq.o(.text)
    rt_interrupt_leave                       0x08008b4d   Thumb Code    32  irq.o(.text)
    rt_interrupt_get_nest                    0x08008b6d   Thumb Code    18  irq.o(.text)
    rt_get_errno                             0x08008b85   Thumb Code    28  kservice.o(.text)
    rt_set_errno                             0x08008ba1   Thumb Code    30  kservice.o(.text)
    _rt_errno                                0x08008bbf   Thumb Code    30  kservice.o(.text)
    rt_memset                                0x08008bdd   Thumb Code    70  kservice.o(.text)
    rt_memcpy                                0x08008c23   Thumb Code    78  kservice.o(.text)
    rt_memmove                               0x08008c71   Thumb Code    52  kservice.o(.text)
    rt_memcmp                                0x08008ca5   Thumb Code    28  kservice.o(.text)
    rt_strlen                                0x08008cc1   Thumb Code    16  kservice.o(.text)
    rt_strstr                                0x08008cd1   Thumb Code    60  kservice.o(.text)
    rt_strcasecmp                            0x08008d0d   Thumb Code    42  kservice.o(.text)
    rt_strncpy                               0x08008d37   Thumb Code    38  kservice.o(.text)
    rt_strncmp                               0x08008d5d   Thumb Code    32  kservice.o(.text)
    rt_strcmp                                0x08008d7d   Thumb Code    24  kservice.o(.text)
    rt_strnlen                               0x08008d95   Thumb Code    20  kservice.o(.text)
    rt_strdup                                0x08008da9   Thumb Code    40  kservice.o(.text)
    strdup                                   0x08008da9   Thumb Code     0  kservice.o(.text)
    rt_vsnprintf                             0x08008f03   Thumb Code   662  kservice.o(.text)
    rt_kprintf                               0x08009199   Thumb Code    66  kservice.o(.text)
    rt_show_version                          0x080091db   Thumb Code    38  kservice.o(.text)
    rt_snprintf                              0x08009201   Thumb Code    18  kservice.o(.text)
    rt_vsprintf                              0x08009213   Thumb Code    16  kservice.o(.text)
    rt_sprintf                               0x08009223   Thumb Code    14  kservice.o(.text)
    rt_console_get_device                    0x08009231   Thumb Code     6  kservice.o(.text)
    rt_console_set_device                    0x08009237   Thumb Code    36  kservice.o(.text)
    rt_kputs                                 0x0800925b   Thumb Code    54  kservice.o(.text)
    rt_malloc_align                          0x08009291   Thumb Code    50  kservice.o(.text)
    rt_free_align                            0x080092c3   Thumb Code     8  kservice.o(.text)
    rt_assert_set_hook                       0x080092cb   Thumb Code     6  kservice.o(.text)
    rt_assert_handler                        0x080092d1   Thumb Code    50  kservice.o(.text)
    rt_malloc_sethook                        0x080093fd   Thumb Code     6  mem.o(.text)
    rt_free_sethook                          0x08009403   Thumb Code     6  mem.o(.text)
    rt_system_heap_init                      0x0800948b   Thumb Code   144  mem.o(.text)
    rt_malloc                                0x0800951b   Thumb Code   398  mem.o(.text)
    rt_free                                  0x080096a9   Thumb Code   244  mem.o(.text)
    rt_realloc                               0x0800979d   Thumb Code   756  mem.o(.text)
    rt_calloc                                0x08009a91   Thumb Code    28  mem.o(.text)
    rt_memory_info                           0x08009aad   Thumb Code    28  mem.o(.text)
    rt_object_attach_sethook                 0x08009ad1   Thumb Code     6  object.o(.text)
    rt_object_detach_sethook                 0x08009ad7   Thumb Code     6  object.o(.text)
    rt_object_trytake_sethook                0x08009add   Thumb Code     6  object.o(.text)
    rt_object_take_sethook                   0x08009ae3   Thumb Code     6  object.o(.text)
    rt_object_put_sethook                    0x08009ae9   Thumb Code     6  object.o(.text)
    rt_system_object_init                    0x08009aef   Thumb Code     2  object.o(.text)
    rt_object_get_information                0x08009af1   Thumb Code    32  object.o(.text)
    rt_object_init                           0x08009b11   Thumb Code   128  object.o(.text)
    rt_object_detach                         0x08009b91   Thumb Code    60  object.o(.text)
    rt_object_allocate                       0x08009bcd   Thumb Code   154  object.o(.text)
    rt_object_delete                         0x08009c67   Thumb Code    86  object.o(.text)
    rt_object_is_systemobject                0x08009cbd   Thumb Code    36  object.o(.text)
    rt_object_get_type                       0x08009ce1   Thumb Code    30  object.o(.text)
    rt_object_find                           0x08009cff   Thumb Code   134  object.o(.text)
    rt_device_pin_register                   0x08009ed1   Thumb Code    50  pin.o(.text)
    rt_pin_attach_irq                        0x08009f03   Thumb Code    58  pin.o(.text)
    rt_pin_detach_irq                        0x08009f3d   Thumb Code    44  pin.o(.text)
    rt_pin_irq_enable                        0x08009f69   Thumb Code    48  pin.o(.text)
    rt_pin_mode                              0x08009f99   Thumb Code    42  pin.o(.text)
    rt_pin_write                             0x08009fc3   Thumb Code    42  pin.o(.text)
    rt_pin_read                              0x08009fed   Thumb Code    38  pin.o(.text)
    rt_scheduler_sethook                     0x0800a051   Thumb Code     6  scheduler.o(.text)
    rt_system_scheduler_init                 0x0800a0bf   Thumb Code    38  scheduler.o(.text)
    rt_schedule_remove_thread                0x0800a0e5   Thumb Code    92  scheduler.o(.text)
    rt_system_scheduler_start                0x0800a141   Thumb Code    36  scheduler.o(.text)
    rt_schedule_insert_thread                0x0800a165   Thumb Code   106  scheduler.o(.text)
    rt_schedule                              0x0800a1cf   Thumb Code   204  scheduler.o(.text)
    rt_enter_critical                        0x0800a29b   Thumb Code    22  scheduler.o(.text)
    rt_exit_critical                         0x0800a2b1   Thumb Code    50  scheduler.o(.text)
    rt_critical_level                        0x0800a2e3   Thumb Code     8  scheduler.o(.text)
    rt_hw_serial_register                    0x0800abaf   Thumb Code    80  serial.o(.text)
    rt_hw_serial_isr                         0x0800abff   Thumb Code   468  serial.o(.text)
    rt_thread_suspend_sethook                0x0800aea9   Thumb Code     6  thread.o(.text)
    rt_thread_resume_sethook                 0x0800aeaf   Thumb Code     6  thread.o(.text)
    rt_thread_inited_sethook                 0x0800aeb5   Thumb Code     6  thread.o(.text)
    rt_thread_self                           0x0800aebb   Thumb Code     6  thread.o(.text)
    rt_thread_exit                           0x0800aec1   Thumb Code    80  thread.o(.text)
    rt_thread_timeout                        0x0800af11   Thumb Code    94  thread.o(.text)
    rt_thread_init                           0x0800aff9   Thumb Code    86  thread.o(.text)
    rt_thread_resume                         0x0800b04f   Thumb Code   112  thread.o(.text)
    rt_thread_startup                        0x0800b0bf   Thumb Code   106  thread.o(.text)
    rt_thread_detach                         0x0800b129   Thumb Code   144  thread.o(.text)
    rt_thread_create                         0x0800b1b9   Thumb Code    76  thread.o(.text)
    rt_thread_delete                         0x0800b205   Thumb Code   122  thread.o(.text)
    rt_thread_yield                          0x0800b27f   Thumb Code   334  thread.o(.text)
    rt_thread_suspend                        0x0800b3cd   Thumb Code   144  thread.o(.text)
    rt_thread_sleep                          0x0800b45d   Thumb Code   104  thread.o(.text)
    rt_thread_delay                          0x0800b4c5   Thumb Code     2  thread.o(.text)
    rt_thread_mdelay                         0x0800b4c7   Thumb Code    12  thread.o(.text)
    rt_thread_control                        0x0800b4d3   Thumb Code   146  thread.o(.text)
    rt_thread_find                           0x0800b565   Thumb Code    96  thread.o(.text)
    rt_timer_enter_sethook                   0x0800b625   Thumb Code     6  timer.o(.text)
    rt_timer_exit_sethook                    0x0800b62b   Thumb Code     6  timer.o(.text)
    rt_timer_init                            0x0800b66f   Thumb Code    58  timer.o(.text)
    rt_timer_detach                          0x0800b6a9   Thumb Code    90  timer.o(.text)
    rt_timer_create                          0x0800b703   Thumb Code    46  timer.o(.text)
    rt_timer_delete                          0x0800b731   Thumb Code    96  timer.o(.text)
    rt_timer_start                           0x0800b791   Thumb Code   282  timer.o(.text)
    rt_timer_stop                            0x0800b8ab   Thumb Code    98  timer.o(.text)
    rt_timer_control                         0x0800b90d   Thumb Code   100  timer.o(.text)
    rt_timer_check                           0x0800b971   Thumb Code   126  timer.o(.text)
    rt_timer_next_timeout_tick               0x0800b9ef   Thumb Code     6  timer.o(.text)
    rt_system_timer_init                     0x0800b9f5   Thumb Code   256  timer.o(.text)
    rt_system_timer_thread_init              0x0800baf5   Thumb Code     2  timer.o(.text)
    led1_thread_entry                        0x0800bb35   Thumb Code    44  entry.o(.text)
    led2_thread_entry                        0x0800bb61   Thumb Code    40  entry.o(.text)
    led3_thread_entry                        0x0800bb89   Thumb Code    34  entry.o(.text)
    Error_Handler                            0x0800bbab   Thumb Code     2  entry.o(.text)
    SystemClock_Config                       0x0800bc79   Thumb Code   142  entry.o(.text)
    $Super$$main                             0x0800bd07   Thumb Code   172  entry.o(.text)
    fputc                                    0x0800bdb3   Thumb Code    20  entry.o(.text)
    MX_FATFS_Init                            0x0800be5d   Thumb Code    18  fatfs.o(.text)
    get_fattime                              0x0800be6f   Thumb Code     4  fatfs.o(.text)
    HAL_MspInit                              0x0800be7d   Thumb Code    42  stm32f4xx_hal_msp.o(.text)
    HAL_UART_MspInit                         0x0800bea7   Thumb Code   144  stm32f4xx_hal_msp.o(.text)
    HAL_UART_MspDeInit                       0x0800bf37   Thumb Code    46  stm32f4xx_hal_msp.o(.text)
    NMI_Handler                              0x0800bf79   Thumb Code     2  stm32f4xx_it.o(.text)
    MemManage_Handler                        0x0800bf7b   Thumb Code     2  stm32f4xx_it.o(.text)
    BusFault_Handler                         0x0800bf7d   Thumb Code     2  stm32f4xx_it.o(.text)
    UsageFault_Handler                       0x0800bf7f   Thumb Code     2  stm32f4xx_it.o(.text)
    SVC_Handler                              0x0800bf81   Thumb Code     2  stm32f4xx_it.o(.text)
    DebugMon_Handler                         0x0800bf83   Thumb Code     2  stm32f4xx_it.o(.text)
    DMA1_Stream1_IRQHandler                  0x0800bf85   Thumb Code     6  stm32f4xx_it.o(.text)
    OTG_FS_IRQHandler                        0x0800bf8b   Thumb Code     6  stm32f4xx_it.o(.text)
    SystemInit                               0x0800bf99   Thumb Code    66  system_stm32f4xx.o(.text)
    SystemCoreClockUpdate                    0x0800bfdb   Thumb Code   120  system_stm32f4xx.o(.text)
    MX_USB_DEVICE_Init                       0x0800c071   Thumb Code    38  usb_device.o(.text)
    CDC_Transmit_FS                          0x0800c0e1   Thumb Code    40  usbd_cdc_if.o(.text)
    HAL_PCD_MspInit                          0x0800c115   Thumb Code   112  usbd_conf.o(.text)
    HAL_PCD_MspDeInit                        0x0800c185   Thumb Code    42  usbd_conf.o(.text)
    HAL_PCD_SetupStageCallback               0x0800c1af   Thumb Code    14  usbd_conf.o(.text)
    HAL_PCD_DataOutStageCallback             0x0800c1bd   Thumb Code    20  usbd_conf.o(.text)
    HAL_PCD_DataInStageCallback              0x0800c1d1   Thumb Code    18  usbd_conf.o(.text)
    HAL_PCD_SOFCallback                      0x0800c1e3   Thumb Code     8  usbd_conf.o(.text)
    HAL_PCD_ResetCallback                    0x0800c1eb   Thumb Code    34  usbd_conf.o(.text)
    HAL_PCD_SuspendCallback                  0x0800c20d   Thumb Code    44  usbd_conf.o(.text)
    HAL_PCD_ResumeCallback                   0x0800c239   Thumb Code     8  usbd_conf.o(.text)
    HAL_PCD_ISOOUTIncompleteCallback         0x0800c241   Thumb Code     8  usbd_conf.o(.text)
    HAL_PCD_ISOINIncompleteCallback          0x0800c249   Thumb Code     8  usbd_conf.o(.text)
    HAL_PCD_ConnectCallback                  0x0800c251   Thumb Code     8  usbd_conf.o(.text)
    HAL_PCD_DisconnectCallback               0x0800c259   Thumb Code     8  usbd_conf.o(.text)
    USBD_LL_Init                             0x0800c261   Thumb Code    96  usbd_conf.o(.text)
    USBD_LL_DeInit                           0x0800c2c1   Thumb Code    44  usbd_conf.o(.text)
    USBD_LL_Start                            0x0800c2ed   Thumb Code    44  usbd_conf.o(.text)
    USBD_LL_Stop                             0x0800c319   Thumb Code    44  usbd_conf.o(.text)
    USBD_LL_OpenEP                           0x0800c345   Thumb Code    50  usbd_conf.o(.text)
    USBD_LL_CloseEP                          0x0800c377   Thumb Code    44  usbd_conf.o(.text)
    USBD_LL_FlushEP                          0x0800c3a3   Thumb Code    44  usbd_conf.o(.text)
    USBD_LL_StallEP                          0x0800c3cf   Thumb Code    44  usbd_conf.o(.text)
    USBD_LL_ClearStallEP                     0x0800c3fb   Thumb Code    44  usbd_conf.o(.text)
    USBD_LL_IsStallEP                        0x0800c427   Thumb Code    32  usbd_conf.o(.text)
    USBD_LL_SetUSBAddress                    0x0800c447   Thumb Code    44  usbd_conf.o(.text)
    USBD_LL_Transmit                         0x0800c473   Thumb Code    44  usbd_conf.o(.text)
    USBD_LL_PrepareReceive                   0x0800c49f   Thumb Code    44  usbd_conf.o(.text)
    USBD_LL_GetRxDataSize                    0x0800c4cb   Thumb Code     8  usbd_conf.o(.text)
    USBD_LL_Delay                            0x0800c4d3   Thumb Code     4  usbd_conf.o(.text)
    USBD_FS_DeviceDescriptor                 0x0800c4e9   Thumb Code     8  usbd_desc.o(.text)
    USBD_FS_LangIDStrDescriptor              0x0800c4f1   Thumb Code    10  usbd_desc.o(.text)
    USBD_FS_ProductStrDescriptor             0x0800c4fb   Thumb Code    32  usbd_desc.o(.text)
    USBD_FS_ManufacturerStrDescriptor        0x0800c51b   Thumb Code    16  usbd_desc.o(.text)
    USBD_FS_SerialStrDescriptor              0x0800c52b   Thumb Code    32  usbd_desc.o(.text)
    USBD_FS_ConfigStrDescriptor              0x0800c54b   Thumb Code    32  usbd_desc.o(.text)
    USBD_FS_InterfaceStrDescriptor           0x0800c56b   Thumb Code    32  usbd_desc.o(.text)
    USER_initialize                          0x0800c5ed   Thumb Code    10  user_diskio.o(.text)
    USER_status                              0x0800c5f7   Thumb Code    10  user_diskio.o(.text)
    USER_read                                0x0800c601   Thumb Code     4  user_diskio.o(.text)
    USER_write                               0x0800c605   Thumb Code     4  user_diskio.o(.text)
    USER_ioctl                               0x0800c609   Thumb Code     4  user_diskio.o(.text)
    Reset_Handler                            0x0800c611   Thumb Code     8  startup_stm32f407xx.o(.text)
    ADC_IRQHandler                           0x0800c62b   Thumb Code     0  startup_stm32f407xx.o(.text)
    CAN1_RX0_IRQHandler                      0x0800c62b   Thumb Code     0  startup_stm32f407xx.o(.text)
    CAN1_RX1_IRQHandler                      0x0800c62b   Thumb Code     0  startup_stm32f407xx.o(.text)
    CAN1_SCE_IRQHandler                      0x0800c62b   Thumb Code     0  startup_stm32f407xx.o(.text)
    CAN1_TX_IRQHandler                       0x0800c62b   Thumb Code     0  startup_stm32f407xx.o(.text)
    CAN2_RX0_IRQHandler                      0x0800c62b   Thumb Code     0  startup_stm32f407xx.o(.text)
    CAN2_RX1_IRQHandler                      0x0800c62b   Thumb Code     0  startup_stm32f407xx.o(.text)
    CAN2_SCE_IRQHandler                      0x0800c62b   Thumb Code     0  startup_stm32f407xx.o(.text)
    CAN2_TX_IRQHandler                       0x0800c62b   Thumb Code     0  startup_stm32f407xx.o(.text)
    DCMI_IRQHandler                          0x0800c62b   Thumb Code     0  startup_stm32f407xx.o(.text)
    DMA1_Stream0_IRQHandler                  0x0800c62b   Thumb Code     0  startup_stm32f407xx.o(.text)
    DMA1_Stream2_IRQHandler                  0x0800c62b   Thumb Code     0  startup_stm32f407xx.o(.text)
    DMA1_Stream3_IRQHandler                  0x0800c62b   Thumb Code     0  startup_stm32f407xx.o(.text)
    DMA1_Stream4_IRQHandler                  0x0800c62b   Thumb Code     0  startup_stm32f407xx.o(.text)
    DMA1_Stream6_IRQHandler                  0x0800c62b   Thumb Code     0  startup_stm32f407xx.o(.text)
    DMA1_Stream7_IRQHandler                  0x0800c62b   Thumb Code     0  startup_stm32f407xx.o(.text)
    DMA2_Stream0_IRQHandler                  0x0800c62b   Thumb Code     0  startup_stm32f407xx.o(.text)
    DMA2_Stream1_IRQHandler                  0x0800c62b   Thumb Code     0  startup_stm32f407xx.o(.text)
    DMA2_Stream2_IRQHandler                  0x0800c62b   Thumb Code     0  startup_stm32f407xx.o(.text)
    DMA2_Stream3_IRQHandler                  0x0800c62b   Thumb Code     0  startup_stm32f407xx.o(.text)
    DMA2_Stream4_IRQHandler                  0x0800c62b   Thumb Code     0  startup_stm32f407xx.o(.text)
    DMA2_Stream5_IRQHandler                  0x0800c62b   Thumb Code     0  startup_stm32f407xx.o(.text)
    DMA2_Stream6_IRQHandler                  0x0800c62b   Thumb Code     0  startup_stm32f407xx.o(.text)
    DMA2_Stream7_IRQHandler                  0x0800c62b   Thumb Code     0  startup_stm32f407xx.o(.text)
    ETH_IRQHandler                           0x0800c62b   Thumb Code     0  startup_stm32f407xx.o(.text)
    ETH_WKUP_IRQHandler                      0x0800c62b   Thumb Code     0  startup_stm32f407xx.o(.text)
    FLASH_IRQHandler                         0x0800c62b   Thumb Code     0  startup_stm32f407xx.o(.text)
    FMC_IRQHandler                           0x0800c62b   Thumb Code     0  startup_stm32f407xx.o(.text)
    FPU_IRQHandler                           0x0800c62b   Thumb Code     0  startup_stm32f407xx.o(.text)
    HASH_RNG_IRQHandler                      0x0800c62b   Thumb Code     0  startup_stm32f407xx.o(.text)
    I2C1_ER_IRQHandler                       0x0800c62b   Thumb Code     0  startup_stm32f407xx.o(.text)
    I2C1_EV_IRQHandler                       0x0800c62b   Thumb Code     0  startup_stm32f407xx.o(.text)
    I2C2_ER_IRQHandler                       0x0800c62b   Thumb Code     0  startup_stm32f407xx.o(.text)
    I2C2_EV_IRQHandler                       0x0800c62b   Thumb Code     0  startup_stm32f407xx.o(.text)
    I2C3_ER_IRQHandler                       0x0800c62b   Thumb Code     0  startup_stm32f407xx.o(.text)
    I2C3_EV_IRQHandler                       0x0800c62b   Thumb Code     0  startup_stm32f407xx.o(.text)
    OTG_FS_WKUP_IRQHandler                   0x0800c62b   Thumb Code     0  startup_stm32f407xx.o(.text)
    OTG_HS_EP1_IN_IRQHandler                 0x0800c62b   Thumb Code     0  startup_stm32f407xx.o(.text)
    OTG_HS_EP1_OUT_IRQHandler                0x0800c62b   Thumb Code     0  startup_stm32f407xx.o(.text)
    OTG_HS_IRQHandler                        0x0800c62b   Thumb Code     0  startup_stm32f407xx.o(.text)
    OTG_HS_WKUP_IRQHandler                   0x0800c62b   Thumb Code     0  startup_stm32f407xx.o(.text)
    PVD_IRQHandler                           0x0800c62b   Thumb Code     0  startup_stm32f407xx.o(.text)
    RCC_IRQHandler                           0x0800c62b   Thumb Code     0  startup_stm32f407xx.o(.text)
    RTC_Alarm_IRQHandler                     0x0800c62b   Thumb Code     0  startup_stm32f407xx.o(.text)
    RTC_WKUP_IRQHandler                      0x0800c62b   Thumb Code     0  startup_stm32f407xx.o(.text)
    SDIO_IRQHandler                          0x0800c62b   Thumb Code     0  startup_stm32f407xx.o(.text)
    SPI1_IRQHandler                          0x0800c62b   Thumb Code     0  startup_stm32f407xx.o(.text)
    SPI2_IRQHandler                          0x0800c62b   Thumb Code     0  startup_stm32f407xx.o(.text)
    SPI3_IRQHandler                          0x0800c62b   Thumb Code     0  startup_stm32f407xx.o(.text)
    TAMP_STAMP_IRQHandler                    0x0800c62b   Thumb Code     0  startup_stm32f407xx.o(.text)
    TIM1_BRK_TIM9_IRQHandler                 0x0800c62b   Thumb Code     0  startup_stm32f407xx.o(.text)
    TIM1_CC_IRQHandler                       0x0800c62b   Thumb Code     0  startup_stm32f407xx.o(.text)
    TIM1_TRG_COM_TIM11_IRQHandler            0x0800c62b   Thumb Code     0  startup_stm32f407xx.o(.text)
    TIM1_UP_TIM10_IRQHandler                 0x0800c62b   Thumb Code     0  startup_stm32f407xx.o(.text)
    TIM2_IRQHandler                          0x0800c62b   Thumb Code     0  startup_stm32f407xx.o(.text)
    TIM3_IRQHandler                          0x0800c62b   Thumb Code     0  startup_stm32f407xx.o(.text)
    TIM4_IRQHandler                          0x0800c62b   Thumb Code     0  startup_stm32f407xx.o(.text)
    TIM5_IRQHandler                          0x0800c62b   Thumb Code     0  startup_stm32f407xx.o(.text)
    TIM6_DAC_IRQHandler                      0x0800c62b   Thumb Code     0  startup_stm32f407xx.o(.text)
    TIM7_IRQHandler                          0x0800c62b   Thumb Code     0  startup_stm32f407xx.o(.text)
    TIM8_BRK_TIM12_IRQHandler                0x0800c62b   Thumb Code     0  startup_stm32f407xx.o(.text)
    TIM8_CC_IRQHandler                       0x0800c62b   Thumb Code     0  startup_stm32f407xx.o(.text)
    TIM8_TRG_COM_TIM14_IRQHandler            0x0800c62b   Thumb Code     0  startup_stm32f407xx.o(.text)
    TIM8_UP_TIM13_IRQHandler                 0x0800c62b   Thumb Code     0  startup_stm32f407xx.o(.text)
    UART4_IRQHandler                         0x0800c62b   Thumb Code     0  startup_stm32f407xx.o(.text)
    UART5_IRQHandler                         0x0800c62b   Thumb Code     0  startup_stm32f407xx.o(.text)
    USART1_IRQHandler                        0x0800c62b   Thumb Code     0  startup_stm32f407xx.o(.text)
    USART3_IRQHandler                        0x0800c62b   Thumb Code     0  startup_stm32f407xx.o(.text)
    USART6_IRQHandler                        0x0800c62b   Thumb Code     0  startup_stm32f407xx.o(.text)
    WWDG_IRQHandler                          0x0800c62b   Thumb Code     0  startup_stm32f407xx.o(.text)
    __user_initial_stackheap                 0x0800c62d   Thumb Code     0  startup_stm32f407xx.o(.text)
    malloc                                   0x0800c651   Thumb Code    94  h1_alloc.o(.text)
    free                                     0x0800c6af   Thumb Code    78  h1_free.o(.text)
    __aeabi_uldivmod                         0x0800c6fd   Thumb Code     0  lludivv7m.o(.text)
    _ll_udiv                                 0x0800c6fd   Thumb Code   238  lludivv7m.o(.text)
    __2printf                                0x0800c7ed   Thumb Code    20  noretval__2printf.o(.text)
    __aeabi_memcpy4                          0x0800c805   Thumb Code     0  rt_memcpy_w.o(.text)
    __aeabi_memcpy8                          0x0800c805   Thumb Code     0  rt_memcpy_w.o(.text)
    __rt_memcpy_w                            0x0800c805   Thumb Code   100  rt_memcpy_w.o(.text)
    _memcpy_lastbytes_aligned                0x0800c84d   Thumb Code     0  rt_memcpy_w.o(.text)
    __aeabi_memclr4                          0x0800c869   Thumb Code     0  rt_memclr_w.o(.text)
    __aeabi_memclr8                          0x0800c869   Thumb Code     0  rt_memclr_w.o(.text)
    __rt_memclr_w                            0x0800c869   Thumb Code    78  rt_memclr_w.o(.text)
    _memset_w                                0x0800c86d   Thumb Code     0  rt_memclr_w.o(.text)
    __use_two_region_memory                  0x0800c8b7   Thumb Code     2  heapauxi.o(.text)
    __rt_heap_escrow                         0x0800c8b9   Thumb Code     2  heapauxi.o(.text)
    __rt_heap_expand                         0x0800c8bb   Thumb Code     2  heapauxi.o(.text)
    __rt_heap_descriptor                     0x0800c8bd   Thumb Code     8  rt_heap_descriptor_intlibspace.o(.text)
    __use_no_heap                            0x0800c8c5   Thumb Code     2  hguard.o(.text)
    __heap$guard                             0x0800c8c7   Thumb Code     2  hguard.o(.text)
    _terminate_user_alloc                    0x0800c8c9   Thumb Code     2  init_alloc.o(.text)
    _init_user_alloc                         0x0800c8cb   Thumb Code     2  init_alloc.o(.text)
    __Heap_Full                              0x0800c8cd   Thumb Code    34  init_alloc.o(.text)
    __Heap_Broken                            0x0800c8ef   Thumb Code     6  init_alloc.o(.text)
    _init_alloc                              0x0800c8f5   Thumb Code    94  init_alloc.o(.text)
    __Heap_Initialize                        0x0800c953   Thumb Code    10  h1_init.o(.text)
    __Heap_DescSize                          0x0800c95d   Thumb Code     4  h1_init.o(.text)
    _printf_char_file                        0x0800c961   Thumb Code    32  _printf_char_file.o(.text)
    __user_libspace                          0x0800c985   Thumb Code     8  libspace.o(.text)
    __user_perproc_libspace                  0x0800c985   Thumb Code     0  libspace.o(.text)
    __user_perthread_libspace                0x0800c985   Thumb Code     0  libspace.o(.text)
    __Heap_ProvideMemory                     0x0800c98d   Thumb Code    52  h1_extend.o(.text)
    _printf_char_common                      0x0800c9cb   Thumb Code    32  _printf_char_common.o(.text)
    ferror                                   0x0800c9f1   Thumb Code     8  ferror.o(.text)
    _initio                                  0x0800c9f9   Thumb Code   210  initio.o(.text)
    _terminateio                             0x0800cacb   Thumb Code    56  initio.o(.text)
    __rt_SIGRTMEM                            0x0800cb31   Thumb Code    14  defsig_rtmem_outer.o(.text)
    _sys_open                                0x0800cb3f   Thumb Code    20  sys_io.o(.text)
    _sys_close                               0x0800cb53   Thumb Code    12  sys_io.o(.text)
    _sys_write                               0x0800cb5f   Thumb Code    16  sys_io.o(.text)
    _sys_read                                0x0800cb6f   Thumb Code    14  sys_io.o(.text)
    _sys_istty                               0x0800cb7d   Thumb Code    12  sys_io.o(.text)
    _sys_seek                                0x0800cb89   Thumb Code    14  sys_io.o(.text)
    _sys_ensure                              0x0800cb97   Thumb Code     2  sys_io.o(.text)
    _sys_flen                                0x0800cb99   Thumb Code    12  sys_io.o(.text)
    __I$use$semihosting                      0x0800cba5   Thumb Code     0  use_no_semi.o(.text)
    __use_no_semihosting_swi                 0x0800cba5   Thumb Code     2  use_no_semi.o(.text)
    __semihosting_library_function           0x0800cba7   Thumb Code     0  indicate_semi.o(.text)
    __user_setup_stackheap                   0x0800cba7   Thumb Code    74  sys_stackheap_outer.o(.text)
    __printf                                 0x0800cbf1   Thumb Code    40  __printf_nopercent.o(.text)
    setvbuf                                  0x0800cc19   Thumb Code    70  setvbuf.o(.text)
    freopen                                  0x0800cc61   Thumb Code   158  fopen.o(.text)
    fopen                                    0x0800ccff   Thumb Code    74  fopen.o(.text)
    _fclose_internal                         0x0800cd4d   Thumb Code    76  fclose.o(.text)
    fclose                                   0x0800cd4d   Thumb Code     0  fclose.o(.text)
    exit                                     0x0800cd99   Thumb Code    18  exit.o(.text)
    __sig_exit                               0x0800cdab   Thumb Code    10  defsig_exit.o(.text)
    __rt_SIGRTRED                            0x0800cdb5   Thumb Code    14  defsig_rtred_outer.o(.text)
    __rt_SIGRTMEM_inner                      0x0800cdc5   Thumb Code    22  defsig_rtmem_inner.o(.text)
    _sys_exit                                0x0800ce15   Thumb Code     8  sys_exit.o(.text)
    _fseek                                   0x0800ce21   Thumb Code   242  fseek.o(.text)
    fseek                                    0x0800ce21   Thumb Code     0  fseek.o(.text)
    _seterr                                  0x0800cf19   Thumb Code    20  stdio.o(.text)
    _writebuf                                0x0800cf2d   Thumb Code    84  stdio.o(.text)
    _fflush                                  0x0800cf81   Thumb Code    70  stdio.o(.text)
    _deferredlazyseek                        0x0800cfc7   Thumb Code    60  stdio.o(.text)
    __default_signal_display                 0x0800d009   Thumb Code    50  defsig_general.o(.text)
    __rt_SIGRTRED_inner                      0x0800d03d   Thumb Code    14  defsig_rtred_inner.o(.text)
    strlen                                   0x0800d071   Thumb Code    62  strlen.o(.text)
    _ttywrch                                 0x0800d0af   Thumb Code    14  sys_wrch.o(.text)
    _ftell_internal                          0x0800d0bd   Thumb Code    66  ftell.o(.text)
    ftell                                    0x0800d0bd   Thumb Code     0  ftell.o(.text)
    __aeabi_errno_addr                       0x0800d101   Thumb Code     8  rt_errno_addr_intlibspace.o(.text)
    __errno$intlibspace                      0x0800d101   Thumb Code     0  rt_errno_addr_intlibspace.o(.text)
    __rt_errno_addr$intlibspace              0x0800d101   Thumb Code     0  rt_errno_addr_intlibspace.o(.text)
    _fp_init                                 0x0800d109   Thumb Code    10  fpinit.o(x$fpl$fpinit)
    __fplib_config_fpu_vfp                   0x0800d111   Thumb Code     0  fpinit.o(x$fpl$fpinit)
    __fplib_config_pureend_doubles           0x0800d111   Thumb Code     0  fpinit.o(x$fpl$fpinit)
    AHBPrescTable                            0x0800e096   Data          16  system_stm32f4xx.o(.constdata)
    APBPrescTable                            0x0800e0a6   Data           8  system_stm32f4xx.o(.constdata)
    __stdin_name                             0x0800e0ae   Data           4  sys_io.o(.constdata)
    __stdout_name                            0x0800e0b2   Data           4  sys_io.o(.constdata)
    __stderr_name                            0x0800e0b6   Data           4  sys_io.o(.constdata)
    __rt_init_rti_start                      0x0800e350   Data           4  components.o(.rti_fn.0)
    __rt_init_rti_board_start                0x0800e354   Data           4  components.o(.rti_fn.0.end)
    __rt_init_rti_board_end                  0x0800e358   Data           4  components.o(.rti_fn.1.end)
    __rt_init_rti_end                        0x0800e35c   Data           4  components.o(.rti_fn.6.end)
    Region$$Table$$Base                      0x0800e360   Number         0  anon$$obj.o(Region$$Table)
    Region$$Table$$Limit                     0x0800e380   Number         0  anon$$obj.o(Region$$Table)
    uwTickFreq                               0x20000000   Data           1  stm32f4xx_hal.o(.data)
    uwTickPrio                               0x20000004   Data           4  stm32f4xx_hal.o(.data)
    uwTick                                   0x20000008   Data           4  stm32f4xx_hal.o(.data)
    USBD_CDC_CfgHSDesc                       0x2000001c   Data          67  usbd_cdc.o(.data)
    USBD_CDC_CfgFSDesc                       0x20000060   Data          67  usbd_cdc.o(.data)
    USBD_CDC_OtherSpeedCfgDesc               0x200000a4   Data          67  usbd_cdc.o(.data)
    USBD_CDC                                 0x200000e8   Data          56  usbd_cdc.o(.data)
    rt_interrupt_from_thread                 0x2000012c   Data           4  cpuport.o(.data)
    rt_interrupt_to_thread                   0x20000130   Data           4  cpuport.o(.data)
    rt_thread_switch_interrupt_flag          0x20000134   Data           4  cpuport.o(.data)
    rt_interrupt_nest                        0x20000220   Data           1  irq.o(.data)
    rt_assert_hook                           0x20000234   Data           4  kservice.o(.data)
    rt_object_trytake_hook                   0x20000260   Data           4  object.o(.data)
    rt_object_take_hook                      0x20000264   Data           4  object.o(.data)
    rt_object_put_hook                       0x20000268   Data           4  object.o(.data)
    rt_current_priority                      0x200002fc   Data           1  scheduler.o(.data)
    rt_thread_ready_priority_group           0x20000300   Data           4  scheduler.o(.data)
    rt_current_thread                        0x20000304   Data           4  scheduler.o(.data)
    rt_thread_defunct                        0x2000030c   Data           8  scheduler.o(.data)
    led1_thread                              0x20000334   Data           4  entry.o(.data)
    led2_thread                              0x20000338   Data           4  entry.o(.data)
    led3_thread                              0x2000033c   Data           4  entry.o(.data)
    retUSER                                  0x20000340   Data           1  fatfs.o(.data)
    USERPath                                 0x20000341   Data           4  fatfs.o(.data)
    SystemCoreClock                          0x20000348   Data           4  system_stm32f4xx.o(.data)
    USBD_Interface_fops_FS                   0x2000034c   Data          16  usbd_cdc_if.o(.data)
    FS_Desc                                  0x2000035c   Data          28  usbd_desc.o(.data)
    USBD_LangIDDesc                          0x20000378   Data           4  usbd_desc.o(.data)
    USBD_FS_DeviceDesc                       0x2000037c   Data          18  usbd_desc.o(.data)
    USER_Driver                              0x20000390   Data          20  user_diskio.o(.data)
    __aeabi_stdin                            0x200003a4   Data           4  stdio_streams.o(.data)
    __aeabi_stdout                           0x200003a8   Data           4  stdio_streams.o(.data)
    __aeabi_stderr                           0x200003ac   Data           4  stdio_streams.o(.data)
    disk                                     0x200003b0   Data          12  ff_gen_drv.o(.bss)
    rt_thread_priority_table                 0x20000790   Data         256  scheduler.o(.bss)
    huart3                                   0x20000890   Data          64  entry.o(.bss)
    hdma_usart3_rx                           0x200008d0   Data          96  entry.o(.bss)
    hUsbDeviceFS                             0x20000930   Data         668  usb_device.o(.bss)
    UserRxBufferFS                           0x20000bcc   Data        2048  usbd_cdc_if.o(.bss)
    UserTxBufferFS                           0x200013cc   Data        2048  usbd_cdc_if.o(.bss)
    hpcd_USB_OTG_FS                          0x20001bcc   Data        1032  usbd_conf.o(.bss)
    USBD_StrDesc                             0x20001fd4   Data         512  usbd_desc.o(.bss)
    __stdin                                  0x200021d4   Data          84  stdio_streams.o(.bss)
    __stdout                                 0x20002228   Data          84  stdio_streams.o(.bss)
    __stderr                                 0x2000227c   Data          84  stdio_streams.o(.bss)
    __libspace_start                         0x200022d0   Data          96  libspace.o(.bss)
    __temporary_stack_top$libspace           0x20002330   Data           0  libspace.o(.bss)
    Image$$RW_IRAM1$$ZI$$Limit               0x20002d30   Number         0  anon$$obj.o ABSOLUTE



==============================================================================

Memory Map of the image

  Image Entry point : 0x08000189

  Load Region LR_IROM1 (Base: 0x08000000, Size: 0x0000e730, Max: 0x00100000, ABSOLUTE, COMPRESSED[0x0000e4c0])

    Execution Region ER_IROM1 (Exec base: 0x08000000, Load base: 0x08000000, Size: 0x0000e380, Max: 0x00100000, ABSOLUTE)

    Exec Addr    Load Addr    Size         Type   Attr      Idx    E Section Name        Object

    0x08000000   0x08000000   0x00000188   Data   RO         1958    RESET               startup_stm32f407xx.o
    0x08000188   0x08000188   0x00000008   Code   RO         2039  * !!!main             c_w.l(__main.o)
    0x08000190   0x08000190   0x00000034   Code   RO         2305    !!!scatter          c_w.l(__scatter.o)
    0x080001c4   0x080001c4   0x0000005a   Code   RO         2303    !!dczerorl2         c_w.l(__dczerorl2.o)
    0x0800021e   0x0800021e   0x00000002   PAD
    0x08000220   0x08000220   0x0000001c   Code   RO         2307    !!handler_zi        c_w.l(__scatter_zi.o)
    0x0800023c   0x0800023c   0x00000002   Code   RO         2229    .ARM.Collect$$libinit$$00000000  c_w.l(libinit.o)
    0x0800023e   0x0800023e   0x00000004   Code   RO         2083    .ARM.Collect$$libinit$$00000001  c_w.l(libinit2.o)
    0x08000242   0x08000242   0x00000000   Code   RO         2086    .ARM.Collect$$libinit$$00000004  c_w.l(libinit2.o)
    0x08000242   0x08000242   0x00000008   Code   RO         2087    .ARM.Collect$$libinit$$00000005  c_w.l(libinit2.o)
    0x0800024a   0x0800024a   0x00000000   Code   RO         2089    .ARM.Collect$$libinit$$0000000A  c_w.l(libinit2.o)
    0x0800024a   0x0800024a   0x00000000   Code   RO         2091    .ARM.Collect$$libinit$$0000000C  c_w.l(libinit2.o)
    0x0800024a   0x0800024a   0x00000000   Code   RO         2093    .ARM.Collect$$libinit$$0000000E  c_w.l(libinit2.o)
    0x0800024a   0x0800024a   0x00000000   Code   RO         2096    .ARM.Collect$$libinit$$00000011  c_w.l(libinit2.o)
    0x0800024a   0x0800024a   0x00000000   Code   RO         2098    .ARM.Collect$$libinit$$00000013  c_w.l(libinit2.o)
    0x0800024a   0x0800024a   0x00000000   Code   RO         2100    .ARM.Collect$$libinit$$00000015  c_w.l(libinit2.o)
    0x0800024a   0x0800024a   0x00000000   Code   RO         2102    .ARM.Collect$$libinit$$00000017  c_w.l(libinit2.o)
    0x0800024a   0x0800024a   0x00000000   Code   RO         2104    .ARM.Collect$$libinit$$00000019  c_w.l(libinit2.o)
    0x0800024a   0x0800024a   0x00000000   Code   RO         2106    .ARM.Collect$$libinit$$0000001B  c_w.l(libinit2.o)
    0x0800024a   0x0800024a   0x00000000   Code   RO         2108    .ARM.Collect$$libinit$$0000001D  c_w.l(libinit2.o)
    0x0800024a   0x0800024a   0x00000000   Code   RO         2110    .ARM.Collect$$libinit$$0000001F  c_w.l(libinit2.o)
    0x0800024a   0x0800024a   0x00000000   Code   RO         2112    .ARM.Collect$$libinit$$00000021  c_w.l(libinit2.o)
    0x0800024a   0x0800024a   0x00000000   Code   RO         2114    .ARM.Collect$$libinit$$00000023  c_w.l(libinit2.o)
    0x0800024a   0x0800024a   0x00000004   Code   RO         2115    .ARM.Collect$$libinit$$00000024  c_w.l(libinit2.o)
    0x0800024e   0x0800024e   0x00000000   Code   RO         2116    .ARM.Collect$$libinit$$00000025  c_w.l(libinit2.o)
    0x0800024e   0x0800024e   0x00000000   Code   RO         2120    .ARM.Collect$$libinit$$0000002C  c_w.l(libinit2.o)
    0x0800024e   0x0800024e   0x00000000   Code   RO         2122    .ARM.Collect$$libinit$$0000002E  c_w.l(libinit2.o)
    0x0800024e   0x0800024e   0x00000000   Code   RO         2124    .ARM.Collect$$libinit$$00000030  c_w.l(libinit2.o)
    0x0800024e   0x0800024e   0x00000000   Code   RO         2126    .ARM.Collect$$libinit$$00000032  c_w.l(libinit2.o)
    0x0800024e   0x0800024e   0x00000002   Code   RO         2127    .ARM.Collect$$libinit$$00000033  c_w.l(libinit2.o)
    0x08000250   0x08000250   0x00000002   Code   RO         2300    .ARM.Collect$$libshutdown$$00000000  c_w.l(libshutdown.o)
    0x08000252   0x08000252   0x00000000   Code   RO         2231    .ARM.Collect$$libshutdown$$00000002  c_w.l(libshutdown2.o)
    0x08000252   0x08000252   0x00000004   Code   RO         2232    .ARM.Collect$$libshutdown$$00000003  c_w.l(libshutdown2.o)
    0x08000256   0x08000256   0x00000000   Code   RO         2233    .ARM.Collect$$libshutdown$$00000004  c_w.l(libshutdown2.o)
    0x08000256   0x08000256   0x00000000   Code   RO         2236    .ARM.Collect$$libshutdown$$00000007  c_w.l(libshutdown2.o)
    0x08000256   0x08000256   0x00000000   Code   RO         2239    .ARM.Collect$$libshutdown$$0000000A  c_w.l(libshutdown2.o)
    0x08000256   0x08000256   0x00000000   Code   RO         2241    .ARM.Collect$$libshutdown$$0000000C  c_w.l(libshutdown2.o)
    0x08000256   0x08000256   0x00000000   Code   RO         2244    .ARM.Collect$$libshutdown$$0000000F  c_w.l(libshutdown2.o)
    0x08000256   0x08000256   0x00000002   Code   RO         2245    .ARM.Collect$$libshutdown$$00000010  c_w.l(libshutdown2.o)
    0x08000258   0x08000258   0x00000000   Code   RO         2043    .ARM.Collect$$rtentry$$00000000  c_w.l(__rtentry.o)
    0x08000258   0x08000258   0x00000000   Code   RO         2134    .ARM.Collect$$rtentry$$00000002  c_w.l(__rtentry2.o)
    0x08000258   0x08000258   0x00000006   Code   RO         2146    .ARM.Collect$$rtentry$$00000004  c_w.l(__rtentry4.o)
    0x0800025e   0x0800025e   0x00000000   Code   RO         2136    .ARM.Collect$$rtentry$$00000009  c_w.l(__rtentry2.o)
    0x0800025e   0x0800025e   0x00000004   Code   RO         2137    .ARM.Collect$$rtentry$$0000000A  c_w.l(__rtentry2.o)
    0x08000262   0x08000262   0x00000000   Code   RO         2139    .ARM.Collect$$rtentry$$0000000C  c_w.l(__rtentry2.o)
    0x08000262   0x08000262   0x00000008   Code   RO         2140    .ARM.Collect$$rtentry$$0000000D  c_w.l(__rtentry2.o)
    0x0800026a   0x0800026a   0x00000002   Code   RO         2248    .ARM.Collect$$rtexit$$00000000  c_w.l(rtexit.o)
    0x0800026c   0x0800026c   0x00000000   Code   RO         2271    .ARM.Collect$$rtexit$$00000002  c_w.l(rtexit2.o)
    0x0800026c   0x0800026c   0x00000004   Code   RO         2272    .ARM.Collect$$rtexit$$00000003  c_w.l(rtexit2.o)
    0x08000270   0x08000270   0x00000006   Code   RO         2273    .ARM.Collect$$rtexit$$00000004  c_w.l(rtexit2.o)
    0x08000276   0x08000276   0x00000002   PAD
    0x08000278   0x08000278   0x00000010   Code   RO          992    .emb_text           cpuport.o
    0x08000288   0x08000288   0x00000000   Code   RO         2152    .emb_text           c_w.l(maybetermalloc1.o)
    0x08000288   0x08000288   0x000001b4   Code   RO            4    .text               stm32f4xx_hal.o
    0x0800043c   0x0800043c   0x00000298   Code   RO          129    .text               stm32f4xx_hal_cortex.o
    0x080006d4   0x080006d4   0x00000720   Code   RO          157    .text               stm32f4xx_hal_dma.o
    0x08000df4   0x08000df4   0x00000324   Code   RO          300    .text               stm32f4xx_hal_gpio.o
    0x08001118   0x08001118   0x00000a3a   Code   RO          324    .text               stm32f4xx_hal_pcd.o
    0x08001b52   0x08001b52   0x0000004e   Code   RO          348    .text               stm32f4xx_hal_pcd_ex.o
    0x08001ba0   0x08001ba0   0x00000718   Code   RO          420    .text               stm32f4xx_hal_rcc.o
    0x080022b8   0x080022b8   0x0000116e   Code   RO          504    .text               stm32f4xx_hal_uart.o
    0x08003426   0x08003426   0x00000002   PAD
    0x08003428   0x08003428   0x000010d4   Code   RO          528    .text               stm32f4xx_ll_usb.o
    0x080044fc   0x080044fc   0x0000007c   Code   RO          630    .text               ff_gen_drv.o
    0x08004578   0x08004578   0x00000338   Code   RO          681    .text               usbd_cdc.o
    0x080048b0   0x080048b0   0x00000318   Code   RO          740    .text               usbd_core.o
    0x08004bc8   0x08004bc8   0x0000063a   Code   RO          764    .text               usbd_ctlreq.o
    0x08005202   0x08005202   0x00000088   Code   RO          789    .text               usbd_ioreq.o
    0x0800528a   0x0800528a   0x00000002   PAD
    0x0800528c   0x0800528c   0x00000054   Code   RO          813    .text               board.o
    0x080052e0   0x080052e0   0x00000078   Code   RO          894    .text               clock.o
    0x08005358   0x08005358   0x000001c4   Code   RO          911    .text               completion.o
    0x0800551c   0x0800551c   0x000000d4   Code   RO          960    .text               components.o
    0x080055f0   0x080055f0   0x00000134   Code   RO          979    .text               context_rvds.o
    0x08005724   0x08005724   0x00000298   Code   RO          993    .text               cpuport.o
    0x080059bc   0x080059bc   0x00000408   Code   RO         1015    .text               dataqueue.o
    0x08005dc4   0x08005dc4   0x00000532   Code   RO         1034    .text               device.o
    0x080062f6   0x080062f6   0x00000002   PAD
    0x080062f8   0x080062f8   0x000000d4   Code   RO         1050    .text               drv_common.o
    0x080063cc   0x080063cc   0x000004a8   Code   RO         1086    .text               drv_gpio.o
    0x08006874   0x08006874   0x0000063c   Code   RO         1116    .text               drv_usart.o
    0x08006eb0   0x08006eb0   0x000001d0   Code   RO         1188    .text               idle.o
    0x08007080   0x08007080   0x00001aa0   Code   RO         1207    .text               ipc.o
    0x08008b20   0x08008b20   0x00000064   Code   RO         1222    .text               irq.o
    0x08008b84   0x08008b84   0x00000878   Code   RO         1237    .text               kservice.o
    0x080093fc   0x080093fc   0x000006d4   Code   RO         1257    .text               mem.o
    0x08009ad0   0x08009ad0   0x00000370   Code   RO         1298    .text               object.o
    0x08009e40   0x08009e40   0x00000210   Code   RO         1317    .text               pin.o
    0x0800a050   0x0800a050   0x00000314   Code   RO         1362    .text               scheduler.o
    0x0800a364   0x0800a364   0x00000b44   Code   RO         1383    .text               serial.o
    0x0800aea8   0x0800aea8   0x0000077c   Code   RO         1417    .text               thread.o
    0x0800b624   0x0800b624   0x00000510   Code   RO         1437    .text               timer.o
    0x0800bb34   0x0800bb34   0x00000328   Code   RO         1459    .text               entry.o
    0x0800be5c   0x0800be5c   0x00000020   Code   RO         1582    .text               fatfs.o
    0x0800be7c   0x0800be7c   0x000000fc   Code   RO         1614    .text               stm32f4xx_hal_msp.o
    0x0800bf78   0x0800bf78   0x00000020   Code   RO         1731    .text               stm32f4xx_it.o
    0x0800bf98   0x0800bf98   0x000000d8   Code   RO         1759    .text               system_stm32f4xx.o
    0x0800c070   0x0800c070   0x00000038   Code   RO         1791    .text               usb_device.o
    0x0800c0a8   0x0800c0a8   0x0000006c   Code   RO         1834    .text               usbd_cdc_if.o
    0x0800c114   0x0800c114   0x000003d4   Code   RO         1866    .text               usbd_conf.o
    0x0800c4e8   0x0800c4e8   0x00000104   Code   RO         1893    .text               usbd_desc.o
    0x0800c5ec   0x0800c5ec   0x00000024   Code   RO         1925    .text               user_diskio.o
    0x0800c610   0x0800c610   0x00000040   Code   RO         1959    .text               startup_stm32f407xx.o
    0x0800c650   0x0800c650   0x0000005e   Code   RO         1969    .text               c_w.l(h1_alloc.o)
    0x0800c6ae   0x0800c6ae   0x0000004e   Code   RO         1971    .text               c_w.l(h1_free.o)
    0x0800c6fc   0x0800c6fc   0x000000ee   Code   RO         2027    .text               c_w.l(lludivv7m.o)
    0x0800c7ea   0x0800c7ea   0x00000002   PAD
    0x0800c7ec   0x0800c7ec   0x00000018   Code   RO         2031    .text               c_w.l(noretval__2printf.o)
    0x0800c804   0x0800c804   0x00000064   Code   RO         2033    .text               c_w.l(rt_memcpy_w.o)
    0x0800c868   0x0800c868   0x0000004e   Code   RO         2035    .text               c_w.l(rt_memclr_w.o)
    0x0800c8b6   0x0800c8b6   0x00000006   Code   RO         2037    .text               c_w.l(heapauxi.o)
    0x0800c8bc   0x0800c8bc   0x00000008   Code   RO         2051    .text               c_w.l(rt_heap_descriptor_intlibspace.o)
    0x0800c8c4   0x0800c8c4   0x00000004   Code   RO         2053    .text               c_w.l(hguard.o)
    0x0800c8c8   0x0800c8c8   0x0000008a   Code   RO         2055    .text               c_w.l(init_alloc.o)
    0x0800c952   0x0800c952   0x0000000e   Code   RO         2059    .text               c_w.l(h1_init.o)
    0x0800c960   0x0800c960   0x00000024   Code   RO         2073    .text               c_w.l(_printf_char_file.o)
    0x0800c984   0x0800c984   0x00000008   Code   RO         2130    .text               c_w.l(libspace.o)
    0x0800c98c   0x0800c98c   0x00000034   Code   RO         2154    .text               c_w.l(h1_extend.o)
    0x0800c9c0   0x0800c9c0   0x00000030   Code   RO         2158    .text               c_w.l(_printf_char_common.o)
    0x0800c9f0   0x0800c9f0   0x00000008   Code   RO         2160    .text               c_w.l(ferror.o)
    0x0800c9f8   0x0800c9f8   0x00000138   Code   RO         2162    .text               c_w.l(initio.o)
    0x0800cb30   0x0800cb30   0x0000000e   Code   RO         2168    .text               c_w.l(defsig_rtmem_outer.o)
    0x0800cb3e   0x0800cb3e   0x00000066   Code   RO         2179    .text               c_w.l(sys_io.o)
    0x0800cba4   0x0800cba4   0x00000002   Code   RO         2184    .text               c_w.l(use_no_semi.o)
    0x0800cba6   0x0800cba6   0x00000000   Code   RO         2186    .text               c_w.l(indicate_semi.o)
    0x0800cba6   0x0800cba6   0x0000004a   Code   RO         2187    .text               c_w.l(sys_stackheap_outer.o)
    0x0800cbf0   0x0800cbf0   0x00000028   Code   RO         2193    .text               c_w.l(__printf_nopercent.o)
    0x0800cc18   0x0800cc18   0x00000046   Code   RO         2195    .text               c_w.l(setvbuf.o)
    0x0800cc5e   0x0800cc5e   0x00000002   PAD
    0x0800cc60   0x0800cc60   0x000000ec   Code   RO         2198    .text               c_w.l(fopen.o)
    0x0800cd4c   0x0800cd4c   0x0000004c   Code   RO         2200    .text               c_w.l(fclose.o)
    0x0800cd98   0x0800cd98   0x00000012   Code   RO         2206    .text               c_w.l(exit.o)
    0x0800cdaa   0x0800cdaa   0x0000000a   Code   RO         2208    .text               c_w.l(defsig_exit.o)
    0x0800cdb4   0x0800cdb4   0x0000000e   Code   RO         2214    .text               c_w.l(defsig_rtred_outer.o)
    0x0800cdc2   0x0800cdc2   0x00000002   PAD
    0x0800cdc4   0x0800cdc4   0x00000050   Code   RO         2218    .text               c_w.l(defsig_rtmem_inner.o)
    0x0800ce14   0x0800ce14   0x0000000c   Code   RO         2246    .text               c_w.l(sys_exit.o)
    0x0800ce20   0x0800ce20   0x000000f8   Code   RO         2254    .text               c_w.l(fseek.o)
    0x0800cf18   0x0800cf18   0x000000f0   Code   RO         2256    .text               c_w.l(stdio.o)
    0x0800d008   0x0800d008   0x00000032   Code   RO         2260    .text               c_w.l(defsig_general.o)
    0x0800d03a   0x0800d03a   0x00000002   PAD
    0x0800d03c   0x0800d03c   0x00000034   Code   RO         2264    .text               c_w.l(defsig_rtred_inner.o)
    0x0800d070   0x0800d070   0x0000003e   Code   RO         2266    .text               c_w.l(strlen.o)
    0x0800d0ae   0x0800d0ae   0x0000000e   Code   RO         2268    .text               c_w.l(sys_wrch.o)
    0x0800d0bc   0x0800d0bc   0x00000042   Code   RO         2277    .text               c_w.l(ftell.o)
    0x0800d0fe   0x0800d0fe   0x00000002   PAD
    0x0800d100   0x0800d100   0x00000008   Code   RO         2284    .text               c_w.l(rt_errno_addr_intlibspace.o)
    0x0800d108   0x0800d108   0x0000000a   Code   RO         2177    x$fpl$fpinit        fz_wm.l(fpinit.o)
    0x0800d112   0x0800d112   0x00000008   Data   RO          158    .constdata          stm32f4xx_hal_dma.o
    0x0800d11a   0x0800d11a   0x00000039   Data   RO          912    .constdata          completion.o
    0x0800d153   0x0800d153   0x00000014   Data   RO          961    .constdata          components.o
    0x0800d167   0x0800d167   0x00000013   Data   RO          994    .constdata          cpuport.o
    0x0800d17a   0x0800d17a   0x0000004b   Data   RO         1016    .constdata          dataqueue.o
    0x0800d1c5   0x0800d1c5   0x000000c9   Data   RO         1035    .constdata          device.o
    0x0800d28e   0x0800d28e   0x00000002   PAD
    0x0800d290   0x0800d290   0x00000718   Data   RO         1087    .constdata          drv_gpio.o
    0x0800d9a8   0x0800d9a8   0x000000f9   Data   RO         1118    .constdata          drv_usart.o
    0x0800daa1   0x0800daa1   0x00000016   Data   RO         1190    .constdata          idle.o
    0x0800dab7   0x0800dab7   0x000001f7   Data   RO         1208    .constdata          ipc.o
    0x0800dcae   0x0800dcae   0x00000022   Data   RO         1239    .constdata          kservice.o
    0x0800dcd0   0x0800dcd0   0x0000003c   Data   RO         1259    .constdata          mem.o
    0x0800dd0c   0x0800dd0c   0x00000080   Data   RO         1299    .constdata          object.o
    0x0800dd8c   0x0800dd8c   0x0000007d   Data   RO         1319    .constdata          pin.o
    0x0800de09   0x0800de09   0x0000004e   Data   RO         1364    .constdata          scheduler.o
    0x0800de57   0x0800de57   0x0000012a   Data   RO         1384    .constdata          serial.o
    0x0800df81   0x0800df81   0x000000b9   Data   RO         1418    .constdata          thread.o
    0x0800e03a   0x0800e03a   0x0000005c   Data   RO         1438    .constdata          timer.o
    0x0800e096   0x0800e096   0x00000010   Data   RO         1760    .constdata          system_stm32f4xx.o
    0x0800e0a6   0x0800e0a6   0x00000008   Data   RO         1761    .constdata          system_stm32f4xx.o
    0x0800e0ae   0x0800e0ae   0x00000004   Data   RO         2180    .constdata          c_w.l(sys_io.o)
    0x0800e0b2   0x0800e0b2   0x00000004   Data   RO         2181    .constdata          c_w.l(sys_io.o)
    0x0800e0b6   0x0800e0b6   0x00000004   Data   RO         2182    .constdata          c_w.l(sys_io.o)
    0x0800e0ba   0x0800e0ba   0x00000002   PAD
    0x0800e0bc   0x0800e0bc   0x00000006   Data   RO         1119    .conststring        drv_usart.o
    0x0800e0c2   0x0800e0c2   0x00000002   PAD
    0x0800e0c4   0x0800e0c4   0x0000015a   Data   RO         1209    .conststring        ipc.o
    0x0800e21e   0x0800e21e   0x00000002   PAD
    0x0800e220   0x0800e220   0x000000eb   Data   RO         1260    .conststring        mem.o
    0x0800e30b   0x0800e30b   0x00000001   PAD
    0x0800e30c   0x0800e30c   0x00000042   Data   RO         1419    .conststring        thread.o
    0x0800e34e   0x0800e34e   0x00000002   PAD
    0x0800e350   0x0800e350   0x00000004   Data   RO          962    .rti_fn.0           components.o
    0x0800e354   0x0800e354   0x00000004   Data   RO          963    .rti_fn.0.end       components.o
    0x0800e358   0x0800e358   0x00000004   Data   RO          964    .rti_fn.1.end       components.o
    0x0800e35c   0x0800e35c   0x00000004   Data   RO          965    .rti_fn.6.end       components.o
    0x0800e360   0x0800e360   0x00000020   Data   RO         2301    Region$$Table       anon$$obj.o


    Execution Region RW_IRAM1 (Exec base: 0x20000000, Load base: 0x0800e380, Size: 0x00002d30, Max: 0x00020000, ABSOLUTE, COMPRESSED[0x00000140])

    Exec Addr    Load Addr    Size         Type   Attr      Idx    E Section Name        Object

    0x20000000   COMPRESSED   0x0000000c   Data   RW            5    .data               stm32f4xx_hal.o
    0x2000000c   COMPRESSED   0x00000004   Data   RW          529    .data               stm32f4xx_ll_usb.o
    0x20000010   COMPRESSED   0x000000d7   Data   RW          682    .data               usbd_cdc.o
    0x200000e7   COMPRESSED   0x00000001   PAD
    0x200000e8   COMPRESSED   0x00000038   Data   RW          683    .data               usbd_cdc.o
    0x20000120   COMPRESSED   0x00000001   Data   RW          765    .data               usbd_ctlreq.o
    0x20000121   COMPRESSED   0x00000003   PAD
    0x20000124   COMPRESSED   0x00000004   Data   RW          895    .data               clock.o
    0x20000128   COMPRESSED   0x00000004   Data   RW          995    .data               cpuport.o
    0x2000012c   COMPRESSED   0x00000004   Data   RW          996    .data               cpuport.o
    0x20000130   COMPRESSED   0x00000004   Data   RW          997    .data               cpuport.o
    0x20000134   COMPRESSED   0x00000004   Data   RW          998    .data               cpuport.o
    0x20000138   COMPRESSED   0x000000c4   Data   RW         1088    .data               drv_gpio.o
    0x200001fc   COMPRESSED   0x00000024   Data   RW         1120    .data               drv_usart.o
    0x20000220   COMPRESSED   0x0000000c   Data   RW         1223    .data               irq.o
    0x2000022c   COMPRESSED   0x0000000c   Data   RW         1240    .data               kservice.o
    0x20000238   COMPRESSED   0x00000020   Data   RW         1261    .data               mem.o
    0x20000258   COMPRESSED   0x000000a4   Data   RW         1300    .data               object.o
    0x200002fc   COMPRESSED   0x00000018   Data   RW         1365    .data               scheduler.o
    0x20000314   COMPRESSED   0x0000000c   Data   RW         1420    .data               thread.o
    0x20000320   COMPRESSED   0x00000014   Data   RW         1439    .data               timer.o
    0x20000334   COMPRESSED   0x0000000c   Data   RW         1462    .data               entry.o
    0x20000340   COMPRESSED   0x00000005   Data   RW         1585    .data               fatfs.o
    0x20000345   COMPRESSED   0x00000003   PAD
    0x20000348   COMPRESSED   0x00000004   Data   RW         1762    .data               system_stm32f4xx.o
    0x2000034c   COMPRESSED   0x00000010   Data   RW         1836    .data               usbd_cdc_if.o
    0x2000035c   COMPRESSED   0x0000001c   Data   RW         1895    .data               usbd_desc.o
    0x20000378   COMPRESSED   0x00000016   Data   RW         1896    .data               usbd_desc.o
    0x2000038e   COMPRESSED   0x00000001   Data   RW         1926    .data               user_diskio.o
    0x2000038f   COMPRESSED   0x00000001   PAD
    0x20000390   COMPRESSED   0x00000014   Data   RW         1927    .data               user_diskio.o
    0x200003a4   COMPRESSED   0x00000004   Data   RW         2078    .data               c_w.l(stdio_streams.o)
    0x200003a8   COMPRESSED   0x00000004   Data   RW         2079    .data               c_w.l(stdio_streams.o)
    0x200003ac   COMPRESSED   0x00000004   Data   RW         2080    .data               c_w.l(stdio_streams.o)
    0x200003b0        -       0x0000000c   Zero   RW          631    .bss                ff_gen_drv.o
    0x200003bc        -       0x00000160   Zero   RW         1117    .bss                drv_usart.o
    0x2000051c        -       0x00000190   Zero   RW         1189    .bss                idle.o
    0x200006ac        -       0x00000080   Zero   RW         1238    .bss                kservice.o
    0x2000072c        -       0x00000020   Zero   RW         1258    .bss                mem.o
    0x2000074c        -       0x00000044   Zero   RW         1318    .bss                pin.o
    0x20000790        -       0x00000100   Zero   RW         1363    .bss                scheduler.o
    0x20000890        -       0x00000040   Zero   RW         1460    .bss                entry.o
    0x200008d0        -       0x00000060   Zero   RW         1461    .bss                entry.o
    0x20000930        -       0x0000029c   Zero   RW         1792    .bss                usb_device.o
    0x20000bcc        -       0x00001000   Zero   RW         1835    .bss                usbd_cdc_if.o
    0x20001bcc        -       0x00000408   Zero   RW         1867    .bss                usbd_conf.o
    0x20001fd4        -       0x00000200   Zero   RW         1894    .bss                usbd_desc.o
    0x200021d4        -       0x00000054   Zero   RW         2075    .bss                c_w.l(stdio_streams.o)
    0x20002228        -       0x00000054   Zero   RW         2076    .bss                c_w.l(stdio_streams.o)
    0x2000227c        -       0x00000054   Zero   RW         2077    .bss                c_w.l(stdio_streams.o)
    0x200022d0        -       0x00000060   Zero   RW         2131    .bss                c_w.l(libspace.o)
    0x20002330        -       0x00000600   Zero   RW         1957    HEAP                startup_stm32f407xx.o
    0x20002930        -       0x00000400   Zero   RW         1956    STACK               startup_stm32f407xx.o


==============================================================================

Image component sizes


      Code (inc. data)   RO Data    RW Data    ZI Data      Debug   Object Name

        84          6          0          0          0      10755   board.o
       120          4          0          4          0       1784   clock.o
       452        122         57          0          0      10075   completion.o
       212         40         36          0          0       2706   components.o
       308         26          0          0          0        868   context_rvds.o
       680        374         19         16          0       4979   cpuport.o
      1032        106         75          0          0       5201   dataqueue.o
      1330        274        201          0          0       6178   device.o
         0          0          0          0          0       4368   diskio.o
       212         24          0          0          0       7650   drv_common.o
      1192         36       1816        196          0       7561   drv_gpio.o
      1596        100        255         36        352      38783   drv_usart.o
       808        150          0         12        160      14500   entry.o
        32         10          0          5          0       1286   fatfs.o
         0          0          0          0          0        564   ff.o
       124          4          0          0         12       1969   ff_gen_drv.o
       464         74         22          0        400       6004   idle.o
      6816        938        849          0          0      21931   ipc.o
       100          6          0         12          0       2044   irq.o
      2168        220         34         12        128      13303   kservice.o
      1748        490        295         32         32       5506   mem.o
       880        156        128        164          0       8939   object.o
       528         62        125          0         68       4640   pin.o
       788        122         78         24        256       7613   scheduler.o
      2884        366        298          0          0      10533   serial.o
        64         26        392          0       2560        852   startup_stm32f407xx.o
       436         32          0         12          0     679764   stm32f4xx_hal.o
       664         10          0          0          0      36282   stm32f4xx_hal_cortex.o
      1824         28          8          0          0       7713   stm32f4xx_hal_dma.o
       804         44          0          0          0       4051   stm32f4xx_hal_gpio.o
       252         20          0          0          0     587431   stm32f4xx_hal_msp.o
      2618         10          0          0          0      12207   stm32f4xx_hal_pcd.o
        78          0          0          0          0       2032   stm32f4xx_hal_pcd_ex.o
      1816         56          0          0          0       6151   stm32f4xx_hal_rcc.o
      4462         50          0          0          0      17324   stm32f4xx_hal_uart.o
        32          8          0          0          0       1271   stm32f4xx_it.o
      4308        150          0          4          0      18239   stm32f4xx_ll_usb.o
       216         30         24          4          0       1605   system_stm32f4xx.o
      1916        388        251         12          0      11033   thread.o
      1296        234         92         20          0       9523   timer.o
        56         18          0          0        668       2495   usb_device.o
       824          6          0        271          0      12320   usbd_cdc.o
       108         12          0         16       4096       2120   usbd_cdc_if.o
       980         18          0          0       1032       8446   usbd_conf.o
       792          0          0          0          0       6145   usbd_core.o
      1594         28          0          1          0       6170   usbd_ctlreq.o
       260         98          0         50        512       3451   usbd_desc.o
       136          0          0          0          0       2498   usbd_ioreq.o
        36          4          0         21          0       2264   user_diskio.o

    ----------------------------------------------------------------------
     50136       4980       5096        932      10276    1641127   Object Totals
         0          0         32          0          0          0   (incl. Generated)
         6          0          9          8          0          0   (incl. Padding)

    ----------------------------------------------------------------------

      Code (inc. data)   RO Data    RW Data    ZI Data      Debug   Library Member Name

        90          0          0          0          0          0   __dczerorl2.o
         8          0          0          0          0         68   __main.o
        40          0          0          0          0         84   __printf_nopercent.o
         0          0          0          0          0          0   __rtentry.o
        12          0          0          0          0          0   __rtentry2.o
         6          0          0          0          0          0   __rtentry4.o
        52          8          0          0          0          0   __scatter.o
        28          0          0          0          0          0   __scatter_zi.o
        48          6          0          0          0         96   _printf_char_common.o
        36          4          0          0          0         80   _printf_char_file.o
        10          0          0          0          0         68   defsig_exit.o
        50          0          0          0          0         88   defsig_general.o
        80         58          0          0          0         76   defsig_rtmem_inner.o
        14          0          0          0          0         80   defsig_rtmem_outer.o
        52         38          0          0          0         76   defsig_rtred_inner.o
        14          0          0          0          0         80   defsig_rtred_outer.o
        18          0          0          0          0         80   exit.o
        76          0          0          0          0         88   fclose.o
         8          0          0          0          0         68   ferror.o
       236          4          0          0          0        128   fopen.o
       248          6          0          0          0         84   fseek.o
        66          0          0          0          0         76   ftell.o
        94          0          0          0          0         80   h1_alloc.o
        52          0          0          0          0         68   h1_extend.o
        78          0          0          0          0         80   h1_free.o
        14          0          0          0          0         84   h1_init.o
         6          0          0          0          0        152   heapauxi.o
         4          0          0          0          0        136   hguard.o
         0          0          0          0          0          0   indicate_semi.o
       138          0          0          0          0        168   init_alloc.o
       312         46          0          0          0        112   initio.o
         2          0          0          0          0          0   libinit.o
        18          0          0          0          0          0   libinit2.o
         2          0          0          0          0          0   libshutdown.o
         6          0          0          0          0          0   libshutdown2.o
         8          4          0          0         96         68   libspace.o
       238          0          0          0          0        100   lludivv7m.o
         0          0          0          0          0          0   maybetermalloc1.o
        24          4          0          0          0         84   noretval__2printf.o
         8          4          0          0          0         68   rt_errno_addr_intlibspace.o
         8          4          0          0          0         68   rt_heap_descriptor_intlibspace.o
        78          0          0          0          0         80   rt_memclr_w.o
       100          0          0          0          0         80   rt_memcpy_w.o
         2          0          0          0          0          0   rtexit.o
        10          0          0          0          0          0   rtexit2.o
        70          0          0          0          0         80   setvbuf.o
       240          6          0          0          0        156   stdio.o
         0          0          0         12        252          0   stdio_streams.o
        62          0          0          0          0         76   strlen.o
        12          4          0          0          0         68   sys_exit.o
       102          0         12          0          0        240   sys_io.o
        74          0          0          0          0         80   sys_stackheap_outer.o
        14          0          0          0          0         76   sys_wrch.o
         2          0          0          0          0         68   use_no_semi.o
        10          0          0          0          0        116   fpinit.o

    ----------------------------------------------------------------------
      2994        196         14         12        348       3708   Library Totals
        14          0          2          0          0          0   (incl. Padding)

    ----------------------------------------------------------------------

      Code (inc. data)   RO Data    RW Data    ZI Data      Debug   Library Name

      2970        196         12         12        348       3592   c_w.l
        10          0          0          0          0        116   fz_wm.l

    ----------------------------------------------------------------------
      2994        196         14         12        348       3708   Library Totals

    ----------------------------------------------------------------------

==============================================================================


      Code (inc. data)   RO Data    RW Data    ZI Data      Debug   

     53130       5176       5110        944      10624    1631763   Grand Totals
     53130       5176       5110        320      10624    1631763   ELF Image Totals (compressed)
     53130       5176       5110        320          0          0   ROM Totals

==============================================================================

    Total RO  Size (Code + RO Data)                58240 (  56.88kB)
    Total RW  Size (RW Data + ZI Data)             11568 (  11.30kB)
    Total ROM Size (Code + RO Data + RW Data)      58560 (  57.19kB)

==============================================================================

