Component: ARM Compiler 5.06 update 5 (build 528) Tool: armlink [4d35e2]

==============================================================================

Section Cross References

    stm32f4xx_hal.o(.text) refers to stm32f4xx_hal_cortex.o(.text) for HAL_SYSTICK_Config
    stm32f4xx_hal.o(.text) refers to drv_common.o(.text) for HAL_InitTick
    stm32f4xx_hal.o(.text) refers to stm32f4xx_hal_msp.o(.text) for HAL_MspInit
    stm32f4xx_hal.o(.text) refers to stm32f4xx_hal.o(.data) for .data
    stm32f4xx_hal.o(.text) refers to system_stm32f4xx.o(.data) for SystemCoreClock
    stm32f4xx_hal_dma.o(.text) refers to drv_common.o(.text) for HAL_GetTick
    stm32f4xx_hal_dma.o(.text) refers to stm32f4xx_hal_dma.o(.constdata) for .constdata
    stm32f4xx_hal_dma.o(.text) refers to system_stm32f4xx.o(.data) for SystemCoreClock
    stm32f4xx_hal_flash.o(.text) refers to drv_common.o(.text) for HAL_GetTick
    stm32f4xx_hal_flash.o(.text) refers to stm32f4xx_hal_flash_ex.o(.text) for FLASH_Erase_Sector
    stm32f4xx_hal_flash.o(.text) refers to stm32f4xx_hal_flash.o(.bss) for .bss
    stm32f4xx_hal_flash_ex.o(.text) refers to stm32f4xx_hal_flash.o(.text) for FLASH_WaitForLastOperation
    stm32f4xx_hal_flash_ex.o(.text) refers to stm32f4xx_hal_flash.o(.bss) for pFlash
    stm32f4xx_hal_gpio.o(.text) refers to drv_gpio.o(.text) for HAL_GPIO_EXTI_Callback
    stm32f4xx_hal_pcd.o(.text) refers to usbd_conf.o(.text) for HAL_PCD_MspInit
    stm32f4xx_hal_pcd.o(.text) refers to stm32f4xx_ll_usb.o(.text) for USB_DisableGlobalInt
    stm32f4xx_hal_pcd.o(.text) refers to rt_memcpy_w.o(.text) for __aeabi_memcpy4
    stm32f4xx_hal_pcd.o(.text) refers to stm32f4xx_hal_pcd_ex.o(.text) for HAL_PCDEx_LPM_Callback
    stm32f4xx_hal_pcd.o(.text) refers to stm32f4xx_hal_rcc.o(.text) for HAL_RCC_GetHCLKFreq
    stm32f4xx_hal_pwr_ex.o(.text) refers to drv_common.o(.text) for HAL_GetTick
    stm32f4xx_hal_rcc.o(.text) refers to drv_common.o(.text) for HAL_GetTick
    stm32f4xx_hal_rcc.o(.text) refers to lludivv7m.o(.text) for __aeabi_uldivmod
    stm32f4xx_hal_rcc.o(.text) refers to stm32f4xx_hal_gpio.o(.text) for HAL_GPIO_Init
    stm32f4xx_hal_rcc.o(.text) refers to system_stm32f4xx.o(.constdata) for AHBPrescTable
    stm32f4xx_hal_rcc.o(.text) refers to system_stm32f4xx.o(.data) for SystemCoreClock
    stm32f4xx_hal_rcc.o(.text) refers to system_stm32f4xx.o(.constdata) for APBPrescTable
    stm32f4xx_hal_rcc_ex.o(.text) refers to drv_common.o(.text) for HAL_GetTick
    stm32f4xx_hal_rcc_ex.o(.text) refers to system_stm32f4xx.o(.data) for SystemCoreClock
    stm32f4xx_hal_uart.o(.text) refers to stm32f4xx_hal_rcc.o(.text) for HAL_RCC_GetPCLK2Freq
    stm32f4xx_hal_uart.o(.text) refers to stm32f4xx_hal_msp.o(.text) for HAL_UART_MspInit
    stm32f4xx_hal_uart.o(.text) refers to drv_common.o(.text) for HAL_GetTick
    stm32f4xx_hal_uart.o(.text) refers to drv_usart.o(.text) for HAL_UART_ErrorCallback
    stm32f4xx_hal_uart.o(.text) refers to stm32f4xx_hal_dma.o(.text) for HAL_DMA_Start_IT
    stm32f4xx_ll_usb.o(.text) refers to drv_common.o(.text) for HAL_Delay
    stm32f4xx_ll_usb.o(.text) refers to stm32f4xx_ll_usb.o(.data) for .data
    diskio.o(.text) refers to ff_gen_drv.o(.bss) for disk
    ff.o(.text) refers to diskio.o(.text) for disk_write
    ff.o(.text) refers to ff.o(.bss) for .bss
    ff.o(.text) refers to ff.o(.constdata) for .constdata
    ff.o(.text) refers to ff.o(.data) for .data
    ff.o(.text) refers to fatfs.o(.text) for get_fattime
    ff_gen_drv.o(.text) refers to ff_gen_drv.o(.bss) for .bss
    usbd_cdc.o(.text) refers to usbd_conf.o(.text) for USBD_LL_OpenEP
    usbd_cdc.o(.text) refers to h1_alloc.o(.text) for malloc
    usbd_cdc.o(.text) refers to h1_free.o(.text) for free
    usbd_cdc.o(.text) refers to usbd_ctlreq.o(.text) for USBD_CtlError
    usbd_cdc.o(.text) refers to usbd_ioreq.o(.text) for USBD_CtlSendData
    usbd_cdc.o(.text) refers to usbd_cdc.o(.data) for .data
    usbd_cdc.o(.data) refers to usbd_cdc.o(.text) for USBD_CDC_Init
    usbd_core.o(.text) refers to usbd_conf.o(.text) for USBD_LL_Init
    usbd_core.o(.text) refers to usbd_ctlreq.o(.text) for USBD_ParseSetupRequest
    usbd_core.o(.text) refers to usbd_ioreq.o(.text) for USBD_CtlContinueRx
    usbd_ctlreq.o(.text) refers to usbd_conf.o(.text) for USBD_LL_StallEP
    usbd_ctlreq.o(.text) refers to usbd_ioreq.o(.text) for USBD_CtlSendStatus
    usbd_ctlreq.o(.text) refers to usbd_core.o(.text) for USBD_ClrClassConfig
    usbd_ctlreq.o(.text) refers to usbd_ctlreq.o(.data) for .data
    usbd_ioreq.o(.text) refers to usbd_conf.o(.text) for USBD_LL_Transmit
    board.o(.text) refers to scheduler.o(.text) for rt_enter_critical
    clock.o(.text) refers to context_rvds.o(.text) for rt_hw_interrupt_disable
    clock.o(.text) refers to thread.o(.text) for rt_thread_self
    clock.o(.text) refers to timer.o(.text) for rt_timer_check
    clock.o(.text) refers to clock.o(.data) for .data
[...]
    HAL_GetUIDw2                             0x0800040d   Thumb Code     8  stm32f4xx_hal.o(.text)
    HAL_NVIC_SetPriorityGrouping             0x08000435   Thumb Code    26  stm32f4xx_hal_cortex.o(.text)
    HAL_NVIC_SetPriority                     0x0800044f   Thumb Code    60  stm32f4xx_hal_cortex.o(.text)
    HAL_NVIC_EnableIRQ                       0x0800048b   Thumb Code    26  stm32f4xx_hal_cortex.o(.text)
    HAL_NVIC_DisableIRQ                      0x080004a5   Thumb Code    34  stm32f4xx_hal_cortex.o(.text)
    HAL_NVIC_SystemReset                     0x080004c7   Thumb Code    28  stm32f4xx_hal_cortex.o(.text)
    HAL_SYSTICK_Config                       0x080004e3   Thumb Code    40  stm32f4xx_hal_cortex.o(.text)
    HAL_MPU_Disable                          0x0800050b   Thumb Code    26  stm32f4xx_hal_cortex.o(.text)
    HAL_MPU_Enable                           0x08000525   Thumb Code    32  stm32f4xx_hal_cortex.o(.text)
    HAL_MPU_ConfigRegion                     0x08000545   Thumb Code    84  stm32f4xx_hal_cortex.o(.text)
    HAL_NVIC_GetPriorityGrouping             0x08000599   Thumb Code    10  stm32f4xx_hal_cortex.o(.text)
    HAL_NVIC_GetPriority                     0x080005a3   Thumb Code    86  stm32f4xx_hal_cortex.o(.text)
    HAL_NVIC_SetPendingIRQ                   0x080005f9   Thumb Code    26  stm32f4xx_hal_cortex.o(.text)
    HAL_NVIC_GetPendingIRQ                   0x08000613   Thumb Code    40  stm32f4xx_hal_cortex.o(.text)
    HAL_NVIC_ClearPendingIRQ                 0x0800063b   Thumb Code    26  stm32f4xx_hal_cortex.o(.text)
    HAL_NVIC_GetActive                       0x08000655   Thumb Code    40  stm32f4xx_hal_cortex.o(.text)
    HAL_SYSTICK_CLKSourceConfig              0x0800067d   Thumb Code    28  stm32f4xx_hal_cortex.o(.text)
    HAL_SYSTICK_Callback                     0x08000699   Thumb Code     2  stm32f4xx_hal_cortex.o(.text)
    HAL_SYSTICK_IRQHandler                   0x0800069b   Thumb Code     8  stm32f4xx_hal_cortex.o(.text)
    HAL_DMA_Init                             0x0800076b   Thumb Code   208  stm32f4xx_hal_dma.o(.text)
    HAL_DMA_DeInit                           0x0800083b   Thumb Code   102  stm32f4xx_hal_dma.o(.text)
    HAL_DMA_Start                            0x080008cb   Thumb Code    70  stm32f4xx_hal_dma.o(.text)
    HAL_DMA_Start_IT                         0x08000911   Thumb Code   118  stm32f4xx_hal_dma.o(.text)
    HAL_DMA_Abort                            0x08000987   Thumb Code   140  stm32f4xx_hal_dma.o(.text)
    HAL_DMA_Abort_IT                         0x08000a13   Thumb Code    36  stm32f4xx_hal_dma.o(.text)
    HAL_DMA_PollForTransfer                  0x08000a37   Thumb Code   296  stm32f4xx_hal_dma.o(.text)
    HAL_DMA_IRQHandler                       0x08000b5f   Thumb Code   460  stm32f4xx_hal_dma.o(.text)
    HAL_DMA_RegisterCallback                 0x08000d2b   Thumb Code    80  stm32f4xx_hal_dma.o(.text)
    HAL_DMA_UnRegisterCallback               0x08000d7b   Thumb Code   100  stm32f4xx_hal_dma.o(.text)
    HAL_DMA_GetState                         0x08000ddf   Thumb Code     6  stm32f4xx_hal_dma.o(.text)
    HAL_DMA_GetError                         0x08000de5   Thumb Code     4  stm32f4xx_hal_dma.o(.text)
    HAL_GPIO_Init                            0x08000ded   Thumb Code   406  stm32f4xx_hal_gpio.o(.text)
    HAL_GPIO_DeInit                          0x08000f83   Thumb Code   250  stm32f4xx_hal_gpio.o(.text)
    HAL_GPIO_ReadPin                         0x0800107d   Thumb Code    14  stm32f4xx_hal_gpio.o(.text)
    HAL_GPIO_WritePin                        0x0800108b   Thumb Code    14  stm32f4xx_hal_gpio.o(.text)
    HAL_GPIO_TogglePin                       0x08001099   Thumb Code    18  stm32f4xx_hal_gpio.o(.text)
    HAL_GPIO_LockPin                         0x080010ab   Thumb Code    36  stm32f4xx_hal_gpio.o(.text)
    HAL_GPIO_EXTI_IRQHandler                 0x080010d1   Thumb Code    20  stm32f4xx_hal_gpio.o(.text)
    HAL_PCD_Init                             0x08001113   Thumb Code   228  stm32f4xx_hal_pcd.o(.text)
    HAL_PCD_Stop                             0x080011f9   Thumb Code    60  stm32f4xx_hal_pcd.o(.text)
    HAL_PCD_DeInit                           0x08001235   Thumb Code    38  stm32f4xx_hal_pcd.o(.text)
    HAL_PCD_Start                            0x0800125b   Thumb Code    66  stm32f4xx_hal_pcd.o(.text)
    HAL_PCD_IRQHandler                       0x08001485   Thumb Code  1016  stm32f4xx_hal_pcd.o(.text)
    HAL_PCD_DevConnect                       0x0800187d   Thumb Code    60  stm32f4xx_hal_pcd.o(.text)
    HAL_PCD_DevDisconnect                    0x080018b9   Thumb Code    36  stm32f4xx_hal_pcd.o(.text)
    HAL_PCD_SetAddress                       0x080018dd   Thumb Code    40  stm32f4xx_hal_pcd.o(.text)
    HAL_PCD_EP_Open                          0x08001905   Thumb Code    90  stm32f4xx_hal_pcd.o(.text)
    HAL_PCD_EP_Close                         0x0800195f   Thumb Code    72  stm32f4xx_hal_pcd.o(.text)
    HAL_PCD_EP_Receive                       0x080019a7   Thumb Code    66  stm32f4xx_hal_pcd.o(.text)
    HAL_PCD_EP_GetRxCount                    0x080019e9   Thumb Code    18  stm32f4xx_hal_pcd.o(.text)
    HAL_PCD_EP_Transmit                      0x080019fb   Thumb Code    66  stm32f4xx_hal_pcd.o(.text)
    HAL_PCD_EP_SetStall                      0x08001a3d   Thumb Code   112  stm32f4xx_hal_pcd.o(.text)
    HAL_PCD_EP_ClrStall                      0x08001aad   Thumb Code    88  stm32f4xx_hal_pcd.o(.text)
    HAL_PCD_EP_Flush                         0x08001b05   Thumb Code    52  stm32f4xx_hal_pcd.o(.text)
    HAL_PCD_ActivateRemoteWakeup             0x08001b39   Thumb Code     6  stm32f4xx_hal_pcd.o(.text)
    HAL_PCD_DeActivateRemoteWakeup           0x08001b3f   Thumb Code     6  stm32f4xx_hal_pcd.o(.text)
    HAL_PCD_GetState                         0x08001b45   Thumb Code     6  stm32f4xx_hal_pcd.o(.text)
    HAL_PCDEx_SetTxFiFo                      0x08001b4b   Thumb Code    66  stm32f4xx_hal_pcd_ex.o(.text)
    HAL_PCDEx_SetRxFiFo                      0x08001b8d   Thumb Code     8  stm32f4xx_hal_pcd_ex.o(.text)
    HAL_PCDEx_LPM_Callback                   0x08001b95   Thumb Code     2  stm32f4xx_hal_pcd_ex.o(.text)
    HAL_PCDEx_BCD_Callback                   0x08001b97   Thumb Code     2  stm32f4xx_hal_pcd_ex.o(.text)
    HAL_RCC_OscConfig                        0x08001b9d   Thumb Code   896  stm32f4xx_hal_rcc.o(.text)
    HAL_RCC_GetSysClockFreq                  0x08001f1d   Thumb Code    96  stm32f4xx_hal_rcc.o(.text)
    HAL_RCC_ClockConfig                      0x08001f7d   Thumb Code   334  stm32f4xx_hal_rcc.o(.text)
    HAL_RCC_MCOConfig                        0x080020cb   Thumb Code   130  stm32f4xx_hal_rcc.o(.text)
    HAL_RCC_EnableCSS                        0x0800214d   Thumb Code     8  stm32f4xx_hal_rcc.o(.text)
    HAL_RCC_DisableCSS                       0x08002155   Thumb Code     8  stm32f4xx_hal_rcc.o(.text)
    HAL_RCC_GetHCLKFreq                      0x0800215d   Thumb Code     6  stm32f4xx_hal_rcc.o(.text)
    HAL_RCC_GetPCLK1Freq                     0x08002163   Thumb Code    22  stm32f4xx_hal_rcc.o(.text)
    HAL_RCC_GetPCLK2Freq                     0x08002179   Thumb Code    22  stm32f4xx_hal_rcc.o(.text)
    HAL_RCC_GetOscConfig                     0x0800218f   Thumb Code   178  stm32f4xx_hal_rcc.o(.text)
    HAL_RCC_GetClockConfig                   0x08002241   Thumb Code    52  stm32f4xx_hal_rcc.o(.text)
    HAL_RCC_CSSCallback                      0x08002275   Thumb Code     2  stm32f4xx_hal_rcc.o(.text)
    HAL_RCC_NMI_IRQHandler                   0x08002277   Thumb Code    26  stm32f4xx_hal_rcc.o(.text)
    HAL_UART_Init                            0x080025bf   Thumb Code   100  stm32f4xx_hal_uart.o(.text)
    HAL_HalfDuplex_Init                      0x08002623   Thumb Code   110  stm32f4xx_hal_uart.o(.text)
    HAL_LIN_Init                             0x08002691   Thumb Code   140  stm32f4xx_hal_uart.o(.text)
    HAL_MultiProcessor_Init                  0x0800271d   Thumb Code   142  stm32f4xx_hal_uart.o(.text)
    HAL_UART_DeInit                          0x080027ad   Thumb Code    48  stm32f4xx_hal_uart.o(.text)
    HAL_UART_Transmit                        0x0800283f   Thumb Code   204  stm32f4xx_hal_uart.o(.text)
    HAL_UART_Receive                         0x0800290b   Thumb Code   208  stm32f4xx_hal_uart.o(.text)
    HAL_UART_Transmit_IT                     0x080029db   Thumb Code    66  stm32f4xx_hal_uart.o(.text)
    HAL_UART_Receive_IT                      0x08002a1d   Thumb Code    86  stm32f4xx_hal_uart.o(.text)
    HAL_UART_TxHalfCpltCallback              0x08002aed   Thumb Code     2  stm32f4xx_hal_uart.o(.text)
    HAL_UART_Transmit_DMA                    0x08002b29   Thumb Code   126  stm32f4xx_hal_uart.o(.text)
    HAL_UART_Receive_DMA                     0x08002bf1   Thumb Code   142  stm32f4xx_hal_uart.o(.text)
    HAL_UART_DMAPause                        0x08002c7f   Thumb Code   102  stm32f4xx_hal_uart.o(.text)
    HAL_UART_DMAResume                       0x08002ce5   Thumb Code    94  stm32f4xx_hal_uart.o(.text)
    HAL_UART_DMAStop                         0x08002d43   Thumb Code    88  stm32f4xx_hal_uart.o(.text)
    HAL_UART_Abort                           0x08002d9b   Thumb Code   144  stm32f4xx_hal_uart.o(.text)
    HAL_UART_AbortTransmit                   0x08002e2b   Thumb Code    78  stm32f4xx_hal_uart.o(.text)
    HAL_UART_AbortReceive                    0x08002e79   Thumb Code    88  stm32f4xx_hal_uart.o(.text)
    HAL_UART_AbortCpltCallback               0x08002ed1   Thumb Code     2  stm32f4xx_hal_uart.o(.text)
    HAL_UART_Abort_IT                        0x08002f2b   Thumb Code   196  stm32f4xx_hal_uart.o(.text)
    HAL_UART_AbortTransmitCpltCallback       0x08002fef   Thumb Code     2  stm32f4xx_hal_uart.o(.text)
    HAL_UART_AbortTransmit_IT                0x08003005   Thumb Code    92  stm32f4xx_hal_uart.o(.text)
    HAL_UART_AbortReceiveCpltCallback        0x08003061   Thumb Code     2  stm32f4xx_hal_uart.o(.text)
    HAL_UART_AbortReceive_IT                 0x08003077   Thumb Code   102  stm32f4xx_hal_uart.o(.text)
    HAL_UART_IRQHandler                      0x08003209   Thumb Code   262  stm32f4xx_hal_uart.o(.text)
    HAL_LIN_SendBreak                        0x0800330f   Thumb Code    46  stm32f4xx_hal_uart.o(.text)
    HAL_MultiProcessor_EnterMuteMode         0x0800333d   Thumb Code    64  stm32f4xx_hal_uart.o(.text)
    HAL_MultiProcessor_ExitMuteMode          0x0800337d   Thumb Code    46  stm32f4xx_hal_uart.o(.text)
    HAL_HalfDuplex_EnableTransmitter         0x080033ab   Thumb Code    50  stm32f4xx_hal_uart.o(.text)
    HAL_HalfDuplex_EnableReceiver            0x080033dd   Thumb Code    50  stm32f4xx_hal_uart.o(.text)
    HAL_UART_GetState                        0x0800340f   Thumb Code    12  stm32f4xx_hal_uart.o(.text)
    HAL_UART_GetError                        0x0800341b   Thumb Code     4  stm32f4xx_hal_uart.o(.text)
    USB_CoreInit                             0x08003453   Thumb Code   122  stm32f4xx_ll_usb.o(.text)
    USB_SetTurnaroundTime                    0x080034cd   Thumb Code   170  stm32f4xx_ll_usb.o(.text)
    USB_EnableGlobalInt                      0x08003577   Thumb Code    12  stm32f4xx_ll_usb.o(.text)
    USB_DisableGlobalInt                     0x08003583   Thumb Code    12  stm32f4xx_ll_usb.o(.text)
    USB_SetCurrentMode                       0x0800358f   Thumb Code    48  stm32f4xx_ll_usb.o(.text)
    USB_FlushRxFifo                          0x080035bf   Thumb Code    28  stm32f4xx_ll_usb.o(.text)
    USB_FlushTxFifo                          0x080035db   Thumb Code    32  stm32f4xx_ll_usb.o(.text)
    USB_SetDevSpeed                          0x080035fb   Thumb Code    14  stm32f4xx_ll_usb.o(.text)
    USB_DevInit                              0x08003609   Thumb Code   370  stm32f4xx_ll_usb.o(.text)
    USB_GetDevSpeed                          0x0800377b   Thumb Code    32  stm32f4xx_ll_usb.o(.text)
    USB_ActivateEndpoint                     0x0800379b   Thumb Code   226  stm32f4xx_ll_usb.o(.text)
    USB_ActivateDedicatedEndpoint            0x0800387d   Thumb Code   140  stm32f4xx_ll_usb.o(.text)
    USB_DeactivateEndpoint                   0x08003909   Thumb Code   122  stm32f4xx_ll_usb.o(.text)
    USB_DeactivateDedicatedEndpoint          0x08003983   Thumb Code    86  stm32f4xx_ll_usb.o(.text)
    USB_WritePacket                          0x080039d9   Thumb Code    38  stm32f4xx_ll_usb.o(.text)
    USB_EPStartXfer                          0x080039ff   Thumb Code   496  stm32f4xx_ll_usb.o(.text)
    USB_EP0StartXfer                         0x08003bef   Thumb Code   288  stm32f4xx_ll_usb.o(.text)
    USB_ReadPacket                           0x08003d0f   Thumb Code    30  stm32f4xx_ll_usb.o(.text)
    USB_EPSetStall                           0x08003d2d   Thumb Code    88  stm32f4xx_ll_usb.o(.text)
    USB_EPClearStall                         0x08003d85   Thumb Code    88  stm32f4xx_ll_usb.o(.text)
    USB_StopDevice                           0x08003ddd   Thumb Code    66  stm32f4xx_ll_usb.o(.text)
    USB_SetDevAddress                        0x08003e1f   Thumb Code    30  stm32f4xx_ll_usb.o(.text)
    USB_DevConnect                           0x08003e3d   Thumb Code    24  stm32f4xx_ll_usb.o(.text)
    USB_DevDisconnect                        0x08003e55   Thumb Code    24  stm32f4xx_ll_usb.o(.text)
    USB_ReadInterrupts                       0x08003e6d   Thumb Code     8  stm32f4xx_ll_usb.o(.text)
    USB_ReadDevAllOutEpInterrupt             0x08003e75   Thumb Code    14  stm32f4xx_ll_usb.o(.text)
    USB_ReadDevAllInEpInterrupt              0x08003e83   Thumb Code    14  stm32f4xx_ll_usb.o(.text)
    USB_ReadDevOutEPInterrupt                0x08003e91   Thumb Code    16  stm32f4xx_ll_usb.o(.text)
    USB_ReadDevInEPInterrupt                 0x08003ea1   Thumb Code    36  stm32f4xx_ll_usb.o(.text)
    USB_ClearInterrupts                      0x08003ec5   Thumb Code     8  stm32f4xx_ll_usb.o(.text)
    USB_GetMode                              0x08003ecd   Thumb Code     8  stm32f4xx_ll_usb.o(.text)
    USB_ActivateSetup                        0x08003ed5   Thumb Code    52  stm32f4xx_ll_usb.o(.text)
    USB_EP0_OutStart                         0x08003f09   Thumb Code    80  stm32f4xx_ll_usb.o(.text)
    USB_DriveVbus                            0x08003f59   Thumb Code    58  stm32f4xx_ll_usb.o(.text)
    USB_HostInit                             0x08003f93   Thumb Code   212  stm32f4xx_ll_usb.o(.text)
    USB_InitFSLSPClkSel                      0x08004067   Thumb Code    58  stm32f4xx_ll_usb.o(.text)
    USB_ResetPort                            0x080040a1   Thumb Code    52  stm32f4xx_ll_usb.o(.text)
    USB_GetHostSpeed                         0x080040d5   Thumb Code    16  stm32f4xx_ll_usb.o(.text)
    USB_GetCurrentFrame                      0x080040e5   Thumb Code     8  stm32f4xx_ll_usb.o(.text)
    USB_HC_Init                              0x080040ed   Thumb Code   272  stm32f4xx_ll_usb.o(.text)
    USB_DoPing                               0x080041fd   Thumb Code    28  stm32f4xx_ll_usb.o(.text)
    USB_HC_StartXfer                         0x08004219   Thumb Code   360  stm32f4xx_ll_usb.o(.text)
    USB_HC_ReadInterrupt                     0x08004381   Thumb Code     8  stm32f4xx_ll_usb.o(.text)
    USB_HC_Halt                              0x08004389   Thumb Code   196  stm32f4xx_ll_usb.o(.text)
    USB_StopHost                             0x0800444d   Thumb Code   128  stm32f4xx_ll_usb.o(.text)
    USB_ActivateRemoteWakeup                 0x080044cd   Thumb Code    24  stm32f4xx_ll_usb.o(.text)
    USB_DeActivateRemoteWakeup               0x080044e5   Thumb Code    16  stm32f4xx_ll_usb.o(.text)
    FATFS_LinkDriverEx                       0x080044f5   Thumb Code    58  ff_gen_drv.o(.text)
    FATFS_LinkDriver                         0x0800452f   Thumb Code     4  ff_gen_drv.o(.text)
    FATFS_UnLinkDriverEx                     0x08004533   Thumb Code    48  ff_gen_drv.o(.text)
    FATFS_UnLinkDriver                       0x08004563   Thumb Code     4  ff_gen_drv.o(.text)
    FATFS_GetAttachedDriversNbr              0x08004567   Thumb Code     6  ff_gen_drv.o(.text)
    USBD_CDC_GetDeviceQualifierDescriptor    0x08004807   Thumb Code    10  usbd_cdc.o(.text)
    USBD_CDC_RegisterInterface               0x08004811   Thumb Code    16  usbd_cdc.o(.text)
    USBD_CDC_SetTxBuffer                     0x08004821   Thumb Code    16  usbd_cdc.o(.text)
    USBD_CDC_SetRxBuffer                     0x08004831   Thumb Code    12  usbd_cdc.o(.text)
    USBD_CDC_TransmitPacket                  0x0800483d   Thumb Code    52  usbd_cdc.o(.text)
    USBD_CDC_ReceivePacket                   0x08004871   Thumb Code    50  usbd_cdc.o(.text)
    USBD_Init                                0x080048a9   Thumb Code    44  usbd_core.o(.text)
    USBD_DeInit                              0x080048d5   Thumb Code    38  usbd_core.o(.text)
    USBD_RegisterClass                       0x080048fb   Thumb Code    18  usbd_core.o(.text)
    USBD_Start                               0x0800490d   Thumb Code    10  usbd_core.o(.text)
    USBD_Stop                                0x08004917   Thumb Code    26  usbd_core.o(.text)
    USBD_RunTestMode                         0x08004931   Thumb Code     4  usbd_core.o(.text)
    USBD_SetClassConfig                      0x08004935   Thumb Code    24  usbd_core.o(.text)
    USBD_ClrClassConfig                      0x0800494d   Thumb Code    14  usbd_core.o(.text)
    USBD_LL_SetupStage                       0x0800495b   Thumb Code    90  usbd_core.o(.text)
    USBD_LL_DataOutStage                     0x080049b5   Thumb Code   134  usbd_core.o(.text)
    USBD_LL_DataInStage                      0x08004a3b   Thumb Code   216  usbd_core.o(.text)
    USBD_LL_Reset                            0x08004b13   Thumb Code    82  usbd_core.o(.text)
    USBD_LL_SetSpeed                         0x08004b65   Thumb Code     6  usbd_core.o(.text)
    USBD_LL_Suspend                          0x08004b6b   Thumb Code    16  usbd_core.o(.text)
    USBD_LL_Resume                           0x08004b7b   Thumb Code    12  usbd_core.o(.text)
    USBD_LL_SOF                              0x08004b87   Thumb Code    24  usbd_core.o(.text)
    USBD_LL_IsoINIncomplete                  0x08004b9f   Thumb Code     4  usbd_core.o(.text)
    USBD_LL_IsoOUTIncomplete                 0x08004ba3   Thumb Code     4  usbd_core.o(.text)
    USBD_LL_DevConnected                     0x08004ba7   Thumb Code     4  usbd_core.o(.text)
    USBD_LL_DevDisconnected                  0x08004bab   Thumb Code    22  usbd_core.o(.text)
    USBD_CtlError                            0x08004bc1   Thumb Code    24  usbd_ctlreq.o(.text)
    USBD_StdDevReq                           0x08004ec5   Thumb Code   106  usbd_ctlreq.o(.text)
    USBD_StdItfReq                           0x08004f2f   Thumb Code   106  usbd_ctlreq.o(.text)
    USBD_StdEPReq                            0x08004f99   Thumb Code   488  usbd_ctlreq.o(.text)
    USBD_ParseSetupRequest                   0x08005181   Thumb Code    40  usbd_ctlreq.o(.text)
    USBD_GetString                           0x080051bd   Thumb Code    62  usbd_ctlreq.o(.text)
    USBD_CtlSendData                         0x080051fb   Thumb Code    26  usbd_ioreq.o(.text)
    USBD_CtlContinueSendData                 0x08005215   Thumb Code    16  usbd_ioreq.o(.text)
    USBD_CtlPrepareRx                        0x08005225   Thumb Code    30  usbd_ioreq.o(.text)
    USBD_CtlContinueRx                       0x08005243   Thumb Code    16  usbd_ioreq.o(.text)
    USBD_CtlSendStatus                       0x08005253   Thumb Code    22  usbd_ioreq.o(.text)
    USBD_CtlReceiveStatus                    0x08005269   Thumb Code    22  usbd_ioreq.o(.text)
    USBD_GetRxCount                          0x0800527f   Thumb Code     4  usbd_ioreq.o(.text)
    rt_hw_console_output                     0x080052a9   Thumb Code    42  board.o(.text)
    rt_system_tick_init                      0x080052d9   Thumb Code     2  clock.o(.text)
    rt_tick_get                              0x080052db   Thumb Code     6  clock.o(.text)
    rt_tick_set                              0x080052e1   Thumb Code    20  clock.o(.text)
    rt_tick_increase                         0x080052f5   Thumb Code    38  clock.o(.text)
    rt_tick_from_millisecond                 0x0800531b   Thumb Code    50  clock.o(.text)
    rt_completion_init                       0x08005351   Thumb Code    38  completion.o(.text)
    rt_completion_wait                       0x08005377   Thumb Code   200  completion.o(.text)
    rt_completion_done                       0x0800543f   Thumb Code    78  completion.o(.text)
    rt_components_board_init                 0x08005525   Thumb Code    20  components.o(.text)
    rt_components_init                       0x08005539   Thumb Code    20  components.o(.text)
    main_thread_entry                        0x0800554d   Thumb Code    14  components.o(.text)
    rt_application_init                      0x0800555b   Thumb Code    50  components.o(.text)
    rtthread_startup                         0x0800558d   Thumb Code    42  components.o(.text)
    main                                     0x080055b7   Thumb Code    10  components.o(.text)
    rt_hw_interrupt_disable                  0x080055e9   Thumb Code     8  context_rvds.o(.text)
    rt_hw_interrupt_enable                   0x080055f1   Thumb Code     6  context_rvds.o(.text)
    rt_hw_context_switch                     0x080055f7   Thumb Code    32  context_rvds.o(.text)
    rt_hw_context_switch_interrupt           0x080055f7   Thumb Code     0  context_rvds.o(.text)
    PendSV_Handler                           0x08005617   Thumb Code   108  context_rvds.o(.text)
    rt_hw_context_switch_to                  0x08005683   Thumb Code    70  context_rvds.o(.text)
    rt_hw_interrupt_thread_switch            0x080056c9   Thumb Code     2  context_rvds.o(.text)
    HardFault_Handler                        0x080056cb   Thumb Code    56  context_rvds.o(.text)
    rt_hw_stack_init                         0x0800571d   Thumb Code    58  cpuport.o(.text)
    rt_hw_exception_install                  0x08005757   Thumb Code     6  cpuport.o(.text)
    rt_hw_hard_fault_exception               0x0800575d   Thumb Code   194  cpuport.o(.text)
    rt_hw_cpu_shutdown                       0x0800581f   Thumb Code    24  cpuport.o(.text)
    rt_hw_cpu_reset                          0x08005837   Thumb Code     8  cpuport.o(.text)
    rt_data_queue_init                       0x080059b5   Thumb Code    74  dataqueue.o(.text)
    rt_data_queue_push                       0x080059ff   Thumb Code   284  dataqueue.o(.text)
    rt_data_queue_pop                        0x08005b1b   Thumb Code   340  dataqueue.o(.text)
    rt_data_queue_peak                       0x08005c6f   Thumb Code    98  dataqueue.o(.text)
    rt_data_queue_reset                      0x08005cd1   Thumb Code   102  dataqueue.o(.text)
    rt_device_find                           0x08005dbd   Thumb Code    94  device.o(.text)
    rt_device_register                       0x08005e1b   Thumb Code    54  device.o(.text)
    rt_device_unregister                     0x08005e51   Thumb Code    72  device.o(.text)
    rt_device_init_all                       0x08005e99   Thumb Code     4  device.o(.text)
    rt_device_create                         0x08005e9d   Thumb Code    36  device.o(.text)
    rt_device_destroy                        0x08005ec1   Thumb Code    78  device.o(.text)
    rt_device_init                           0x08005f0f   Thumb Code    64  device.o(.text)
    rt_device_open                           0x08005f4f   Thumb Code   170  device.o(.text)
    rt_device_close                          0x08005ff9   Thumb Code    94  device.o(.text)
    rt_device_read                           0x08006057   Thumb Code   102  device.o(.text)
    rt_device_write                          0x080060bd   Thumb Code   102  device.o(.text)
    rt_device_control                        0x08006123   Thumb Code    72  device.o(.text)
    rt_device_set_rx_indicate                0x0800616b   Thumb Code    54  device.o(.text)
    rt_device_set_tx_complete                0x080061a1   Thumb Code   334  device.o(.text)
    rt_hw_systick_init                       0x080062f1   Thumb Code    38  drv_common.o(.text)
    SysTick_Handler                          0x08006317   Thumb Code    22  drv_common.o(.text)
    HAL_GetTick                              0x0800632d   Thumb Code    18  drv_common.o(.text)
    HAL_SuspendTick                          0x0800633f   Thumb Code     2  drv_common.o(.text)
    HAL_ResumeTick                           0x08006341   Thumb Code     2  drv_common.o(.text)
    HAL_Delay                                0x08006343   Thumb Code     2  drv_common.o(.text)
    HAL_InitTick                             0x08006345   Thumb Code     4  drv_common.o(.text)
    _Error_Handler                           0x08006349   Thumb Code     2  drv_common.o(.text)
    rt_hw_us_delay                           0x0800634b   Thumb Code    42  drv_common.o(.text)
    rt_hw_board_init                         0x08006375   Thumb Code    56  drv_common.o(.text)
    HAL_GPIO_EXTI_Callback                   0x0800669b   Thumb Code    32  drv_gpio.o(.text)
    EXTI0_IRQHandler                         0x080066bb   Thumb Code    20  drv_gpio.o(.text)
    EXTI1_IRQHandler                         0x080066cf   Thumb Code    20  drv_gpio.o(.text)
    EXTI2_IRQHandler                         0x080066e3   Thumb Code    20  drv_gpio.o(.text)
    EXTI3_IRQHandler                         0x080066f7   Thumb Code    20  drv_gpio.o(.text)
    EXTI4_IRQHandler                         0x0800670b   Thumb Code    20  drv_gpio.o(.text)
    EXTI9_5_IRQHandler                       0x0800671f   Thumb Code    48  drv_gpio.o(.text)
    EXTI15_10_IRQHandler                     0x0800674f   Thumb Code    62  drv_gpio.o(.text)
    rt_hw_pin_init                           0x0800678d   Thumb Code   190  drv_gpio.o(.text)
    USART3_IRQHandler                        0x08006d43   Thumb Code    20  drv_usart.o(.text)
    HAL_UART_ErrorCallback                   0x08006d57   Thumb Code    20  drv_usart.o(.text)
    HAL_UART_RxCpltCallback                  0x08006d6b   Thumb Code    34  drv_usart.o(.text)
    HAL_UART_RxHalfCpltCallback              0x08006d8d   Thumb Code    34  drv_usart.o(.text)
    HAL_UART_TxCpltCallback                  0x08006daf   Thumb Code    38  drv_usart.o(.text)
    rt_hw_usart_init                         0x08006ddf   Thumb Code   116  drv_usart.o(.text)
    rt_thread_idle_sethook                   0x08006e89   Thumb Code    48  idle.o(.text)
    rt_thread_idle_delhook                   0x08006eb9   Thumb Code    52  idle.o(.text)
    rt_thread_idle_excute                    0x08006eed   Thumb Code   160  idle.o(.text)
    rt_thread_idle_init                      0x08006fa7   Thumb Code    82  idle.o(.text)
    rt_thread_idle_gethandler                0x08006ff9   Thumb Code     6  idle.o(.text)
    rt_sem_init                              0x080070e3   Thumb Code    68  ipc.o(.text)
    rt_sem_detach                            0x08007127   Thumb Code    80  ipc.o(.text)
    rt_sem_create                            0x08007177   Thumb Code    98  ipc.o(.text)
    rt_sem_delete                            0x080071d9   Thumb Code   126  ipc.o(.text)
    rt_sem_take                              0x08007257   Thumb Code   262  ipc.o(.text)
    rt_sem_trytake                           0x0800735d   Thumb Code     4  ipc.o(.text)
    rt_sem_release                           0x08007361   Thumb Code   114  ipc.o(.text)
    rt_sem_control                           0x080073d3   Thumb Code    90  ipc.o(.text)
    rt_mutex_init                            0x0800742d   Thumb Code    62  ipc.o(.text)
    rt_mutex_detach                          0x0800746b   Thumb Code    86  ipc.o(.text)
    rt_mutex_create                          0x080074c1   Thumb Code   432  ipc.o(.text)
    rt_mutex_delete                          0x08007671   Thumb Code   122  ipc.o(.text)
    rt_mutex_take                            0x080076eb   Thumb Code   336  ipc.o(.text)
    rt_mutex_release                         0x0800783b   Thumb Code   292  ipc.o(.text)
    rt_mutex_control                         0x0800795f   Thumb Code    54  ipc.o(.text)
    rt_event_init                            0x08007995   Thumb Code    52  ipc.o(.text)
    rt_event_detach                          0x080079c9   Thumb Code    86  ipc.o(.text)
    rt_event_create                          0x08007a1f   Thumb Code   242  ipc.o(.text)
    rt_event_delete                          0x08007b11   Thumb Code   124  ipc.o(.text)
    rt_event_send                            0x08007b8d   Thumb Code   196  ipc.o(.text)
    rt_event_recv                            0x08007c51   Thumb Code   380  ipc.o(.text)
    rt_event_control                         0x08007dcd   Thumb Code    92  ipc.o(.text)
    rt_mb_init                               0x08007e29   Thumb Code    72  ipc.o(.text)
    rt_mb_detach                             0x08007e71   Thumb Code    94  ipc.o(.text)
    rt_mb_create                             0x08007ecf   Thumb Code   284  ipc.o(.text)
    rt_mb_delete                             0x08007feb   Thumb Code   136  ipc.o(.text)
    rt_mb_send_wait                          0x08008073   Thumb Code   394  ipc.o(.text)
    rt_mb_send                               0x080081fd   Thumb Code     4  ipc.o(.text)
    rt_mb_recv                               0x08008201   Thumb Code   410  ipc.o(.text)
    rt_mb_control                            0x0800839b   Thumb Code   186  ipc.o(.text)
    rt_mq_init                               0x08008455   Thumb Code   118  ipc.o(.text)
    rt_mq_detach                             0x080084cb   Thumb Code    86  ipc.o(.text)
    rt_mq_delete                             0x08008521   Thumb Code   136  ipc.o(.text)
    rt_mq_create                             0x080085a9   Thumb Code   158  ipc.o(.text)
    rt_mq_send                               0x08008647   Thumb Code   216  ipc.o(.text)
    rt_mq_urgent                             0x0800871f   Thumb Code   210  ipc.o(.text)
    rt_mq_recv                               0x080087f1   Thumb Code   600  ipc.o(.text)
    rt_mq_control                            0x08008a49   Thumb Code   118  ipc.o(.text)
    rt_interrupt_enter_sethook               0x08008af9   Thumb Code     6  irq.o(.text)
    rt_interrupt_leave_sethook               0x08008aff   Thumb Code     6  irq.o(.text)
    rt_interrupt_enter                       0x08008b05   Thumb Code    32  irq.o(.text)
    rt_interrupt_leave                       0x08008b25   Thumb Code    32  irq.o(.text)
    rt_interrupt_get_nest                    0x08008b45   Thumb Code    18  irq.o(.text)
    rt_get_errno                             0x08008b5d   Thumb Code    28  kservice.o(.text)
    rt_set_errno                             0x08008b79   Thumb Code    30  kservice.o(.text)
    _rt_errno                                0x08008b97   Thumb Code    30  kservice.o(.text)
    rt_memset                                0x08008bb5   Thumb Code    70  kservice.o(.text)
    rt_memcpy                                0x08008bfb   Thumb Code    78  kservice.o(.text)
    rt_memmove                               0x08008c49   Thumb Code    52  kservice.o(.text)
    rt_memcmp                                0x08008c7d   Thumb Code    28  kservice.o(.text)
    rt_strlen                                0x08008c99   Thumb Code    16  kservice.o(.text)
    rt_strstr                                0x08008ca9   Thumb Code    60  kservice.o(.text)
    rt_strcasecmp                            0x08008ce5   Thumb Code    42  kservice.o(.text)
    rt_strncpy                               0x08008d0f   Thumb Code    38  kservice.o(.text)
    rt_strncmp                               0x08008d35   Thumb Code    32  kservice.o(.text)
    rt_strcmp                                0x08008d55   Thumb Code    24  kservice.o(.text)
    rt_strnlen                               0x08008d6d   Thumb Code    20  kservice.o(.text)
    rt_strdup                                0x08008d81   Thumb Code    40  kservice.o(.text)
    strdup                                   0x08008d81   Thumb Code     0  kservice.o(.text)
    rt_vsnprintf                             0x08008edb   Thumb Code   662  kservice.o(.text)
    rt_kprintf                               0x08009171   Thumb Code    66  kservice.o(.text)
    rt_show_version                          0x080091b3   Thumb Code    38  kservice.o(.text)
    rt_snprintf                              0x080091d9   Thumb Code    18  kservice.o(.text)
    rt_vsprintf                              0x080091eb   Thumb Code    16  kservice.o(.text)
    rt_sprintf                               0x080091fb   Thumb Code    14  kservice.o(.text)
    rt_console_get_device                    0x08009209   Thumb Code     6  kservice.o(.text)
    rt_console_set_device                    0x0800920f   Thumb Code    36  kservice.o(.text)
    rt_kputs                                 0x08009233   Thumb Code    54  kservice.o(.text)
    rt_malloc_align                          0x08009269   Thumb Code    50  kservice.o(.text)
    rt_free_align                            0x0800929b   Thumb Code     8  kservice.o(.text)
    rt_assert_set_hook                       0x080092a3   Thumb Code     6  kservice.o(.text)
    rt_assert_handler                        0x080092a9   Thumb Code    50  kservice.o(.text)
    rt_malloc_sethook                        0x080093d5   Thumb Code     6  mem.o(.text)
    rt_free_sethook                          0x080093db   Thumb Code     6  mem.o(.text)
    rt_system_heap_init                      0x08009463   Thumb Code   144  mem.o(.text)
    rt_malloc                                0x080094f3   Thumb Code   398  mem.o(.text)
    rt_free                                  0x08009681   Thumb Code   244  mem.o(.text)
    rt_realloc                               0x08009775   Thumb Code   756  mem.o(.text)
    rt_calloc                                0x08009a69   Thumb Code    28  mem.o(.text)
    rt_memory_info                           0x08009a85   Thumb Code    28  mem.o(.text)
    rt_object_attach_sethook                 0x08009aa9   Thumb Code     6  object.o(.text)
    rt_object_detach_sethook                 0x08009aaf   Thumb Code     6  object.o(.text)
    rt_object_trytake_sethook                0x08009ab5   Thumb Code     6  object.o(.text)
    rt_object_take_sethook                   0x08009abb   Thumb Code     6  object.o(.text)
    rt_object_put_sethook                    0x08009ac1   Thumb Code     6  object.o(.text)
    rt_system_object_init                    0x08009ac7   Thumb Code     2  object.o(.text)
    rt_object_get_information                0x08009ac9   Thumb Code    32  object.o(.text)
    rt_object_init                           0x08009ae9   Thumb Code   128  object.o(.text)
    rt_object_detach                         0x08009b69   Thumb Code    60  object.o(.text)
    rt_object_allocate                       0x08009ba5   Thumb Code   154  object.o(.text)
    rt_object_delete                         0x08009c3f   Thumb Code    86  object.o(.text)
    rt_object_is_systemobject                0x08009c95   Thumb Code    36  object.o(.text)
    rt_object_get_type                       0x08009cb9   Thumb Code    30  object.o(.text)
    rt_object_find                           0x08009cd7   Thumb Code   134  object.o(.text)
    rt_device_pin_register                   0x08009ea9   Thumb Code    50  pin.o(.text)
    rt_pin_attach_irq                        0x08009edb   Thumb Code    58  pin.o(.text)
    rt_pin_detach_irq                        0x08009f15   Thumb Code    44  pin.o(.text)
    rt_pin_irq_enable                        0x08009f41   Thumb Code    48  pin.o(.text)
    rt_pin_mode                              0x08009f71   Thumb Code    42  pin.o(.text)
    rt_pin_write                             0x08009f9b   Thumb Code    42  pin.o(.text)
    rt_pin_read                              0x08009fc5   Thumb Code    38  pin.o(.text)
    rt_scheduler_sethook                     0x0800a029   Thumb Code     6  scheduler.o(.text)
    rt_system_scheduler_init                 0x0800a097   Thumb Code    38  scheduler.o(.text)
    rt_schedule_remove_thread                0x0800a0bd   Thumb Code    92  scheduler.o(.text)
    rt_system_scheduler_start                0x0800a119   Thumb Code    36  scheduler.o(.text)
    rt_schedule_insert_thread                0x0800a13d   Thumb Code   106  scheduler.o(.text)
    rt_schedule                              0x0800a1a7   Thumb Code   204  scheduler.o(.text)
    rt_enter_critical                        0x0800a273   Thumb Code    22  scheduler.o(.text)
    rt_exit_critical                         0x0800a289   Thumb Code    50  scheduler.o(.text)
    rt_critical_level                        0x0800a2bb   Thumb Code     8  scheduler.o(.text)
    rt_hw_serial_register                    0x0800ab87   Thumb Code    80  serial.o(.text)
    rt_hw_serial_isr                         0x0800abd7   Thumb Code   468  serial.o(.text)
    rt_thread_suspend_sethook                0x0800ae81   Thumb Code     6  thread.o(.text)
    rt_thread_resume_sethook                 0x0800ae87   Thumb Code     6  thread.o(.text)
    rt_thread_inited_sethook                 0x0800ae8d   Thumb Code     6  thread.o(.text)
    rt_thread_self                           0x0800ae93   Thumb Code     6  thread.o(.text)
    rt_thread_exit                           0x0800ae99   Thumb Code    80  thread.o(.text)
    rt_thread_timeout                        0x0800aee9   Thumb Code    94  thread.o(.text)
    rt_thread_init                           0x0800afd1   Thumb Code    86  thread.o(.text)
    rt_thread_resume                         0x0800b027   Thumb Code   112  thread.o(.text)
    rt_thread_startup                        0x0800b097   Thumb Code   106  thread.o(.text)
    rt_thread_detach                         0x0800b101   Thumb Code   144  thread.o(.text)
    rt_thread_create                         0x0800b191   Thumb Code    76  thread.o(.text)
    rt_thread_delete                         0x0800b1dd   Thumb Code   122  thread.o(.text)
    rt_thread_yield                          0x0800b257   Thumb Code   334  thread.o(.text)
    rt_thread_suspend                        0x0800b3a5   Thumb Code   144  thread.o(.text)
    rt_thread_sleep                          0x0800b435   Thumb Code   104  thread.o(.text)
    rt_thread_delay                          0x0800b49d   Thumb Code     2  thread.o(.text)
    rt_thread_mdelay                         0x0800b49f   Thumb Code    12  thread.o(.text)
    rt_thread_control                        0x0800b4ab   Thumb Code   146  thread.o(.text)
    rt_thread_find                           0x0800b53d   Thumb Code    96  thread.o(.text)
    rt_timer_enter_sethook                   0x0800b5fd   Thumb Code     6  timer.o(.text)
    rt_timer_exit_sethook                    0x0800b603   Thumb Code     6  timer.o(.text)
    rt_timer_init                            0x0800b647   Thumb Code    58  timer.o(.text)
    rt_timer_detach                          0x0800b681   Thumb Code    90  timer.o(.text)
    rt_timer_create                          0x0800b6db   Thumb Code    46  timer.o(.text)
    rt_timer_delete                          0x0800b709   Thumb Code    96  timer.o(.text)
    rt_timer_start                           0x0800b769   Thumb Code   282  timer.o(.text)
    rt_timer_stop                            0x0800b883   Thumb Code    98  timer.o(.text)
    rt_timer_control                         0x0800b8e5   Thumb Code   100  timer.o(.text)
    rt_timer_check                           0x0800b949   Thumb Code   126  timer.o(.text)
    rt_timer_next_timeout_tick               0x0800b9c7   Thumb Code     6  timer.o(.text)
    rt_system_timer_init                     0x0800b9cd   Thumb Code   256  timer.o(.text)
    rt_system_timer_thread_init              0x0800bacd   Thumb Code     2  timer.o(.text)
    led1_thread_entry                        0x0800bb0d   Thumb Code    44  entry.o(.text)
    led2_thread_entry                        0x0800bb39   Thumb Code    40  entry.o(.text)
    led3_thread_entry                        0x0800bb61   Thumb Code    34  entry.o(.text)
    Error_Handler                            0x0800bb83   Thumb Code     2  entry.o(.text)
    SystemClock_Config                       0x0800bc51   Thumb Code   142  entry.o(.text)
    $Super$$main                             0x0800bcdf   Thumb Code   164  entry.o(.text)
    fputc                                    0x0800bd83   Thumb Code    20  entry.o(.text)
    MX_FATFS_Init                            0x0800be1d   Thumb Code    18  fatfs.o(.text)
    get_fattime                              0x0800be2f   Thumb Code     4  fatfs.o(.text)
    HAL_MspInit                              0x0800be3d   Thumb Code    42  stm32f4xx_hal_msp.o(.text)
    HAL_UART_MspInit                         0x0800be67   Thumb Code   144  stm32f4xx_hal_msp.o(.text)
    HAL_UART_MspDeInit                       0x0800bef7   Thumb Code    46  stm32f4xx_hal_msp.o(.text)
    NMI_Handler                              0x0800bf39   Thumb Code     2  stm32f4xx_it.o(.text)
    MemManage_Handler                        0x0800bf3b   Thumb Code     2  stm32f4xx_it.o(.text)
    BusFault_Handler                         0x0800bf3d   Thumb Code     2  stm32f4xx_it.o(.text)
    UsageFault_Handler                       0x0800bf3f   Thumb Code     2  stm32f4xx_it.o(.text)
    SVC_Handler                              0x0800bf41   Thumb Code     2  stm32f4xx_it.o(.text)
    DebugMon_Handler                         0x0800bf43   Thumb Code     2  stm32f4xx_it.o(.text)
    DMA1_Stream1_IRQHandler                  0x0800bf45   Thumb Code     6  stm32f4xx_it.o(.text)
    OTG_FS_IRQHandler                        0x0800bf4b   Thumb Code     6  stm32f4xx_it.o(.text)
    SystemInit                               0x0800bf59   Thumb Code    66  system_stm32f4xx.o(.text)
    SystemCoreClockUpdate                    0x0800bf9b   Thumb Code   120  system_stm32f4xx.o(.text)
    MX_USB_DEVICE_Init                       0x0800c031   Thumb Code    38  usb_device.o(.text)
    CDC_Transmit_FS                          0x0800c0a1   Thumb Code    40  usbd_cdc_if.o(.text)
    HAL_PCD_MspInit                          0x0800c0d5   Thumb Code   112  usbd_conf.o(.text)
    HAL_PCD_MspDeInit                        0x0800c145   Thumb Code    42  usbd_conf.o(.text)
    HAL_PCD_SetupStageCallback               0x0800c16f   Thumb Code    14  usbd_conf.o(.text)
    HAL_PCD_DataOutStageCallback             0x0800c17d   Thumb Code    20  usbd_conf.o(.text)
    HAL_PCD_DataInStageCallback              0x0800c191   Thumb Code    18  usbd_conf.o(.text)
    HAL_PCD_SOFCallback                      0x0800c1a3   Thumb Code     8  usbd_conf.o(.text)
    HAL_PCD_ResetCallback                    0x0800c1ab   Thumb Code    34  usbd_conf.o(.text)
    HAL_PCD_SuspendCallback                  0x0800c1cd   Thumb Code    44  usbd_conf.o(.text)
    HAL_PCD_ResumeCallback                   0x0800c1f9   Thumb Code     8  usbd_conf.o(.text)
    HAL_PCD_ISOOUTIncompleteCallback         0x0800c201   Thumb Code     8  usbd_conf.o(.text)
    HAL_PCD_ISOINIncompleteCallback          0x0800c209   Thumb Code     8  usbd_conf.o(.text)
    HAL_PCD_ConnectCallback                  0x0800c211   Thumb Code     8  usbd_conf.o(.text)
    HAL_PCD_DisconnectCallback               0x0800c219   Thumb Code     8  usbd_conf.o(.text)
    USBD_LL_Init                             0x0800c221   Thumb Code    96  usbd_conf.o(.text)
    USBD_LL_DeInit                           0x0800c281   Thumb Code    44  usbd_conf.o(.text)
    USBD_LL_Start                            0x0800c2ad   Thumb Code    44  usbd_conf.o(.text)
    USBD_LL_Stop                             0x0800c2d9   Thumb Code    44  usbd_conf.o(.text)
    USBD_LL_OpenEP                           0x0800c305   Thumb Code    50  usbd_conf.o(.text)
    USBD_LL_CloseEP                          0x0800c337   Thumb Code    44  usbd_conf.o(.text)
    USBD_LL_FlushEP                          0x0800c363   Thumb Code    44  usbd_conf.o(.text)
    USBD_LL_StallEP                          0x0800c38f   Thumb Code    44  usbd_conf.o(.text)
    USBD_LL_ClearStallEP                     0x0800c3bb   Thumb Code    44  usbd_conf.o(.text)
    USBD_LL_IsStallEP                        0x0800c3e7   Thumb Code    32  usbd_conf.o(.text)
    USBD_LL_SetUSBAddress                    0x0800c407   Thumb Code    44  usbd_conf.o(.text)
    USBD_LL_Transmit                         0x0800c433   Thumb Code    44  usbd_conf.o(.text)
    USBD_LL_PrepareReceive                   0x0800c45f   Thumb Code    44  usbd_conf.o(.text)
    USBD_LL_GetRxDataSize                    0x0800c48b   Thumb Code     8  usbd_conf.o(.text)
    USBD_LL_Delay                            0x0800c493   Thumb Code     4  usbd_conf.o(.text)
    USBD_FS_DeviceDescriptor                 0x0800c4a9   Thumb Code     8  usbd_desc.o(.text)
    USBD_FS_LangIDStrDescriptor              0x0800c4b1   Thumb Code    10  usbd_desc.o(.text)
    USBD_FS_ProductStrDescriptor             0x0800c4bb   Thumb Code    32  usbd_desc.o(.text)
    USBD_FS_ManufacturerStrDescriptor        0x0800c4db   Thumb Code    16  usbd_desc.o(.text)
    USBD_FS_SerialStrDescriptor              0x0800c4eb   Thumb Code    32  usbd_desc.o(.text)
    USBD_FS_ConfigStrDescriptor              0x0800c50b   Thumb Code    32  usbd_desc.o(.text)
    USBD_FS_InterfaceStrDescriptor           0x0800c52b   Thumb Code    32  usbd_desc.o(.text)
    USER_initialize                          0x0800c5ad   Thumb Code    10  user_diskio.o(.text)
    USER_status                              0x0800c5b7   Thumb Code    10  user_diskio.o(.text)
    USER_read                                0x0800c5c1   Thumb Code     4  user_diskio.o(.text)
    USER_write                               0x0800c5c5   Thumb Code     4  user_diskio.o(.text)
    USER_ioctl                               0x0800c5c9   Thumb Code     4  user_diskio.o(.text)
    uart_sample                              0x0800c61d   Thumb Code   154  example_uart.o(.text)
    Reset_Handler                            0x0800c70d   Thumb Code     8  startup_stm32f407xx.o(.text)
    ADC_IRQHandler                           0x0800c727   Thumb Code     0  startup_stm32f407xx.o(.text)
    CAN1_RX0_IRQHandler                      0x0800c727   Thumb Code     0  startup_stm32f407xx.o(.text)
    CAN1_RX1_IRQHandler                      0x0800c727   Thumb Code     0  startup_stm32f407xx.o(.text)
    CAN1_SCE_IRQHandler                      0x0800c727   Thumb Code     0  startup_stm32f407xx.o(.text)
    CAN1_TX_IRQHandler                       0x0800c727   Thumb Code     0  startup_stm32f407xx.o(.text)
    CAN2_RX0_IRQHandler                      0x0800c727   Thumb Code     0  startup_stm32f407xx.o(.text)
    CAN2_RX1_IRQHandler                      0x0800c727   Thumb Code     0  startup_stm32f407xx.o(.text)
    CAN2_SCE_IRQHandler                      0x0800c727   Thumb Code     0  startup_stm32f407xx.o(.text)
    CAN2_TX_IRQHandler                       0x0800c727   Thumb Code     0  startup_stm32f407xx.o(.text)
    DCMI_IRQHandler                          0x0800c727   Thumb Code     0  startup_stm32f407xx.o(.text)
    DMA1_Stream0_IRQHandler                  0x0800c727   Thumb Code     0  startup_stm32f407xx.o(.text)
    DMA1_Stream2_IRQHandler                  0x0800c727   Thumb Code     0  startup_stm32f407xx.o(.text)
    DMA1_Stream3_IRQHandler                  0x0800c727   Thumb Code     0  startup_stm32f407xx.o(.text)
    DMA1_Stream4_IRQHandler                  0x0800c727   Thumb Code     0  startup_stm32f407xx.o(.text)
    DMA1_Stream5_IRQHandler                  0x0800c727   Thumb Code     0  startup_stm32f407xx.o(.text)
    DMA1_Stream6_IRQHandler                  0x0800c727   Thumb Code     0  startup_stm32f407xx.o(.text)
    DMA1_Stream7_IRQHandler                  0x0800c727   Thumb Code     0  startup_stm32f407xx.o(.text)
    DMA2_Stream0_IRQHandler                  0x0800c727   Thumb Code     0  startup_stm32f407xx.o(.text)
    DMA2_Stream1_IRQHandler                  0x0800c727   Thumb Code     0  startup_stm32f407xx.o(.text)
    DMA2_Stream2_IRQHandler                  0x0800c727   Thumb Code     0  startup_stm32f407xx.o(.text)
    DMA2_Stream3_IRQHandler                  0x0800c727   Thumb Code     0  startup_stm32f407xx.o(.text)
    DMA2_Stream4_IRQHandler                  0x0800c727   Thumb Code     0  startup_stm32f407xx.o(.text)
    DMA2_Stream5_IRQHandler                  0x0800c727   Thumb Code     0  startup_stm32f407xx.o(.text)
    DMA2_Stream6_IRQHandler                  0x0800c727   Thumb Code     0  startup_stm32f407xx.o(.text)
    DMA2_Stream7_IRQHandler                  0x0800c727   Thumb Code     0  startup_stm32f407xx.o(.text)
    ETH_IRQHandler                           0x0800c727   Thumb Code     0  startup_stm32f407xx.o(.text)
    ETH_WKUP_IRQHandler                      0x0800c727   Thumb Code     0  startup_stm32f407xx.o(.text)
    FLASH_IRQHandler                         0x0800c727   Thumb Code     0  startup_stm32f407xx.o(.text)
    FMC_IRQHandler                           0x0800c727   Thumb Code     0  startup_stm32f407xx.o(.text)
    FPU_IRQHandler                           0x0800c727   Thumb Code     0  startup_stm32f407xx.o(.text)
    HASH_RNG_IRQHandler                      0x0800c727   Thumb Code     0  startup_stm32f407xx.o(.text)
    I2C1_ER_IRQHandler                       0x0800c727   Thumb Code     0  startup_stm32f407xx.o(.text)
    I2C1_EV_IRQHandler                       0x0800c727   Thumb Code     0  startup_stm32f407xx.o(.text)
    I2C2_ER_IRQHandler                       0x0800c727   Thumb Code     0  startup_stm32f407xx.o(.text)
    I2C2_EV_IRQHandler                       0x0800c727   Thumb Code     0  startup_stm32f407xx.o(.text)
    I2C3_ER_IRQHandler                       0x0800c727   Thumb Code     0  startup_stm32f407xx.o(.text)
    I2C3_EV_IRQHandler                       0x0800c727   Thumb Code     0  startup_stm32f407xx.o(.text)
    OTG_FS_WKUP_IRQHandler                   0x0800c727   Thumb Code     0  startup_stm32f407xx.o(.text)
    OTG_HS_EP1_IN_IRQHandler                 0x0800c727   Thumb Code     0  startup_stm32f407xx.o(.text)
    OTG_HS_EP1_OUT_IRQHandler                0x0800c727   Thumb Code     0  startup_stm32f407xx.o(.text)
    OTG_HS_IRQHandler                        0x0800c727   Thumb Code     0  startup_stm32f407xx.o(.text)
    OTG_HS_WKUP_IRQHandler                   0x0800c727   Thumb Code     0  startup_stm32f407xx.o(.text)
    PVD_IRQHandler                           0x0800c727   Thumb Code     0  startup_stm32f407xx.o(.text)
    RCC_IRQHandler                           0x0800c727   Thumb Code     0  startup_stm32f407xx.o(.text)
    RTC_Alarm_IRQHandler                     0x0800c727   Thumb Code     0  startup_stm32f407xx.o(.text)
    RTC_WKUP_IRQHandler                      0x0800c727   Thumb Code     0  startup_stm32f407xx.o(.text)
    SDIO_IRQHandler                          0x0800c727   Thumb Code     0  startup_stm32f407xx.o(.text)
    SPI1_IRQHandler                          0x0800c727   Thumb Code     0  startup_stm32f407xx.o(.text)
    SPI2_IRQHandler                          0x0800c727   Thumb Code     0  startup_stm32f407xx.o(.text)
    SPI3_IRQHandler                          0x0800c727   Thumb Code     0  startup_stm32f407xx.o(.text)
    TAMP_STAMP_IRQHandler                    0x0800c727   Thumb Code     0  startup_stm32f407xx.o(.text)
    TIM1_BRK_TIM9_IRQHandler                 0x0800c727   Thumb Code     0  startup_stm32f407xx.o(.text)
    TIM1_CC_IRQHandler                       0x0800c727   Thumb Code     0  startup_stm32f407xx.o(.text)
    TIM1_TRG_COM_TIM11_IRQHandler            0x0800c727   Thumb Code     0  startup_stm32f407xx.o(.text)
    TIM1_UP_TIM10_IRQHandler                 0x0800c727   Thumb Code     0  startup_stm32f407xx.o(.text)
    TIM2_IRQHandler                          0x0800c727   Thumb Code     0  startup_stm32f407xx.o(.text)
    TIM3_IRQHandler                          0x0800c727   Thumb Code     0  startup_stm32f407xx.o(.text)
    TIM4_IRQHandler                          0x0800c727   Thumb Code     0  startup_stm32f407xx.o(.text)
    TIM5_IRQHandler                          0x0800c727   Thumb Code     0  startup_stm32f407xx.o(.text)
    TIM6_DAC_IRQHandler                      0x0800c727   Thumb Code     0  startup_stm32f407xx.o(.text)
    TIM7_IRQHandler                          0x0800c727   Thumb Code     0  startup_stm32f407xx.o(.text)
    TIM8_BRK_TIM12_IRQHandler                0x0800c727   Thumb Code     0  startup_stm32f407xx.o(.text)
    TIM8_CC_IRQHandler                       0x0800c727   Thumb Code     0  startup_stm32f407xx.o(.text)
    TIM8_TRG_COM_TIM14_IRQHandler            0x0800c727   Thumb Code     0  startup_stm32f407xx.o(.text)
    TIM8_UP_TIM13_IRQHandler                 0x0800c727   Thumb Code     0  startup_stm32f407xx.o(.text)
    UART4_IRQHandler                         0x0800c727   Thumb Code     0  startup_stm32f407xx.o(.text)
    UART5_IRQHandler                         0x0800c727   Thumb Code     0  startup_stm32f407xx.o(.text)
    USART1_IRQHandler                        0x0800c727   Thumb Code     0  startup_stm32f407xx.o(.text)
    USART2_IRQHandler                        0x0800c727   Thumb Code     0  startup_stm32f407xx.o(.text)
    USART6_IRQHandler                        0x0800c727   Thumb Code     0  startup_stm32f407xx.o(.text)
    WWDG_IRQHandler                          0x0800c727   Thumb Code     0  startup_stm32f407xx.o(.text)
    __user_initial_stackheap                 0x0800c729   Thumb Code     0  startup_stm32f407xx.o(.text)
    malloc                                   0x0800c74d   Thumb Code    94  h1_alloc.o(.text)
    free                                     0x0800c7ab   Thumb Code    78  h1_free.o(.text)
    __aeabi_uldivmod                         0x0800c7f9   Thumb Code     0  lludivv7m.o(.text)
    _ll_udiv                                 0x0800c7f9   Thumb Code   238  lludivv7m.o(.text)
    __aeabi_memcpy4                          0x0800c8e7   Thumb Code     0  rt_memcpy_w.o(.text)
    __aeabi_memcpy8                          0x0800c8e7   Thumb Code     0  rt_memcpy_w.o(.text)
    __rt_memcpy_w                            0x0800c8e7   Thumb Code   100  rt_memcpy_w.o(.text)
    _memcpy_lastbytes_aligned                0x0800c92f   Thumb Code     0  rt_memcpy_w.o(.text)
    __aeabi_memclr4                          0x0800c94b   Thumb Code     0  rt_memclr_w.o(.text)
    __aeabi_memclr8                          0x0800c94b   Thumb Code     0  rt_memclr_w.o(.text)
    __rt_memclr_w                            0x0800c94b   Thumb Code    78  rt_memclr_w.o(.text)
    _memset_w                                0x0800c94f   Thumb Code     0  rt_memclr_w.o(.text)
    __use_two_region_memory                  0x0800c999   Thumb Code     2  heapauxi.o(.text)
    __rt_heap_escrow                         0x0800c99b   Thumb Code     2  heapauxi.o(.text)
    __rt_heap_expand                         0x0800c99d   Thumb Code     2  heapauxi.o(.text)
    __rt_heap_descriptor                     0x0800c9a1   Thumb Code     8  rt_heap_descriptor_intlibspace.o(.text)
    __use_no_heap                            0x0800c9a9   Thumb Code     2  hguard.o(.text)
    __heap$guard                             0x0800c9ab   Thumb Code     2  hguard.o(.text)
    _terminate_user_alloc                    0x0800c9ad   Thumb Code     2  init_alloc.o(.text)
    _init_user_alloc                         0x0800c9af   Thumb Code     2  init_alloc.o(.text)
    __Heap_Full                              0x0800c9b1   Thumb Code    34  init_alloc.o(.text)
    __Heap_Broken                            0x0800c9d3   Thumb Code     6  init_alloc.o(.text)
    _init_alloc                              0x0800c9d9   Thumb Code    94  init_alloc.o(.text)
    __Heap_Initialize                        0x0800ca37   Thumb Code    10  h1_init.o(.text)
    __Heap_DescSize                          0x0800ca41   Thumb Code     4  h1_init.o(.text)
    __user_libspace                          0x0800ca45   Thumb Code     8  libspace.o(.text)
    __user_perproc_libspace                  0x0800ca45   Thumb Code     0  libspace.o(.text)
    __user_perthread_libspace                0x0800ca45   Thumb Code     0  libspace.o(.text)
    __Heap_ProvideMemory                     0x0800ca4d   Thumb Code    52  h1_extend.o(.text)
    __rt_SIGRTMEM                            0x0800ca81   Thumb Code    14  defsig_rtmem_outer.o(.text)
    __I$use$semihosting                      0x0800ca8f   Thumb Code     0  use_no_semi.o(.text)
    __use_no_semihosting_swi                 0x0800ca8f   Thumb Code     2  use_no_semi.o(.text)
    __semihosting_library_function           0x0800ca91   Thumb Code     0  indicate_semi.o(.text)
    __user_setup_stackheap                   0x0800ca91   Thumb Code    74  sys_stackheap_outer.o(.text)
    exit                                     0x0800cadb   Thumb Code    18  exit.o(.text)
    __sig_exit                               0x0800caed   Thumb Code    10  defsig_exit.o(.text)
    __rt_SIGRTMEM_inner                      0x0800caf9   Thumb Code    22  defsig_rtmem_inner.o(.text)
    _sys_exit                                0x0800cb49   Thumb Code     8  sys_exit.o(.text)
    __default_signal_display                 0x0800cb55   Thumb Code    50  defsig_general.o(.text)
    _ttywrch                                 0x0800cb87   Thumb Code    14  sys_wrch.o(.text)
    _fp_init                                 0x0800cb95   Thumb Code    10  fpinit.o(x$fpl$fpinit)
    __fplib_config_fpu_vfp                   0x0800cb9d   Thumb Code     0  fpinit.o(x$fpl$fpinit)
    __fplib_config_pureend_doubles           0x0800cb9d   Thumb Code     0  fpinit.o(x$fpl$fpinit)
    AHBPrescTable                            0x0800db22   Data          16  system_stm32f4xx.o(.constdata)
    APBPrescTable                            0x0800db32   Data           8  system_stm32f4xx.o(.constdata)
    __rt_init_rti_start                      0x0800ddd0   Data           4  components.o(.rti_fn.0)
    __rt_init_rti_board_start                0x0800ddd4   Data           4  components.o(.rti_fn.0.end)
    __rt_init_rti_board_end                  0x0800ddd8   Data           4  components.o(.rti_fn.1.end)
    __rt_init_rti_end                        0x0800dddc   Data           4  components.o(.rti_fn.6.end)
    Region$$Table$$Base                      0x0800dde0   Number         0  anon$$obj.o(Region$$Table)
    Region$$Table$$Limit                     0x0800de00   Number         0  anon$$obj.o(Region$$Table)
    uwTickFreq                               0x20000000   Data           1  stm32f4xx_hal.o(.data)
    uwTickPrio                               0x20000004   Data           4  stm32f4xx_hal.o(.data)
    uwTick                                   0x20000008   Data           4  stm32f4xx_hal.o(.data)
    USBD_CDC_CfgHSDesc                       0x2000001c   Data          67  usbd_cdc.o(.data)
    USBD_CDC_CfgFSDesc                       0x20000060   Data          67  usbd_cdc.o(.data)
    USBD_CDC_OtherSpeedCfgDesc               0x200000a4   Data          67  usbd_cdc.o(.data)
    USBD_CDC                                 0x200000e8   Data          56  usbd_cdc.o(.data)
    rt_interrupt_from_thread                 0x2000012c   Data           4  cpuport.o(.data)
    rt_interrupt_to_thread                   0x20000130   Data           4  cpuport.o(.data)
    rt_thread_switch_interrupt_flag          0x20000134   Data           4  cpuport.o(.data)
    rt_interrupt_nest                        0x20000210   Data           1  irq.o(.data)
    rt_assert_hook                           0x20000224   Data           4  kservice.o(.data)
    rt_object_trytake_hook                   0x20000250   Data           4  object.o(.data)
    rt_object_take_hook                      0x20000254   Data           4  object.o(.data)
    rt_object_put_hook                       0x20000258   Data           4  object.o(.data)
    rt_current_priority                      0x200002ec   Data           1  scheduler.o(.data)
    rt_thread_ready_priority_group           0x200002f0   Data           4  scheduler.o(.data)
    rt_current_thread                        0x200002f4   Data           4  scheduler.o(.data)
    rt_thread_defunct                        0x200002fc   Data           8  scheduler.o(.data)
    aa                                       0x20000324   Data           4  entry.o(.data)
    led1_thread                              0x20000328   Data           4  entry.o(.data)
    led2_thread                              0x2000032c   Data           4  entry.o(.data)
    led3_thread                              0x20000330   Data           4  entry.o(.data)
    retUSER                                  0x20000334   Data           1  fatfs.o(.data)
    USERPath                                 0x20000335   Data           4  fatfs.o(.data)
    SystemCoreClock                          0x2000033c   Data           4  system_stm32f4xx.o(.data)
    USBD_Interface_fops_FS                   0x20000340   Data          16  usbd_cdc_if.o(.data)
    FS_Desc                                  0x20000350   Data          28  usbd_desc.o(.data)
    USBD_LangIDDesc                          0x2000036c   Data           4  usbd_desc.o(.data)
    USBD_FS_DeviceDesc                       0x20000370   Data          18  usbd_desc.o(.data)
    USER_Driver                              0x20000384   Data          20  user_diskio.o(.data)
    disk                                     0x2000039c   Data          12  ff_gen_drv.o(.bss)
    rt_thread_priority_table                 0x2000077c   Data         256  scheduler.o(.bss)
    huart3                                   0x2000087c   Data          64  entry.o(.bss)
    hdma_usart3_rx                           0x200008bc   Data          96  entry.o(.bss)
    hUsbDeviceFS                             0x2000091c   Data         668  usb_device.o(.bss)
    UserRxBufferFS                           0x20000bb8   Data        2048  usbd_cdc_if.o(.bss)
    UserTxBufferFS                           0x200013b8   Data        2048  usbd_cdc_if.o(.bss)
    hpcd_USB_OTG_FS                          0x20001bb8   Data        1032  usbd_conf.o(.bss)
    USBD_StrDesc                             0x20001fc0   Data         512  usbd_desc.o(.bss)
    __libspace_start                         0x200021e0   Data          96  libspace.o(.bss)
    __temporary_stack_top$libspace           0x20002240   Data           0  libspace.o(.bss)
    Image$$RW_IRAM1$$ZI$$Limit               0x20002c40   Number         0  anon$$obj.o ABSOLUTE



==============================================================================

Memory Map of the image

  Image Entry point : 0x08000189

  Load Region LR_IROM1 (Base: 0x08000000, Size: 0x0000e19c, Max: 0x00100000, ABSOLUTE, COMPRESSED[0x0000df38])

    Execution Region ER_IROM1 (Exec base: 0x08000000, Load base: 0x08000000, Size: 0x0000de00, Max: 0x00100000, ABSOLUTE)

    Exec Addr    Load Addr    Size         Type   Attr      Idx    E Section Name        Object

    0x08000000   0x08000000   0x00000188   Data   RO         1892    RESET               startup_stm32f407xx.o
    0x08000188   0x08000188   0x00000008   Code   RO         1969  * !!!main             c_w.l(__main.o)
    0x08000190   0x08000190   0x00000034   Code   RO         2182    !!!scatter          c_w.l(__scatter.o)
    0x080001c4   0x080001c4   0x0000005a   Code   RO         2180    !!dczerorl2         c_w.l(__dczerorl2.o)
    0x0800021e   0x0800021e   0x00000002   PAD
    0x08000220   0x08000220   0x0000001c   Code   RO         2184    !!handler_zi        c_w.l(__scatter_zi.o)
    0x0800023c   0x0800023c   0x00000002   Code   RO         2119    .ARM.Collect$$libinit$$00000000  c_w.l(libinit.o)
    0x0800023e   0x0800023e   0x00000004   Code   RO         2005    .ARM.Collect$$libinit$$00000001  c_w.l(libinit2.o)
    0x08000242   0x08000242   0x00000000   Code   RO         2008    .ARM.Collect$$libinit$$00000004  c_w.l(libinit2.o)
    0x08000242   0x08000242   0x00000008   Code   RO         2009    .ARM.Collect$$libinit$$00000005  c_w.l(libinit2.o)
    0x0800024a   0x0800024a   0x00000000   Code   RO         2011    .ARM.Collect$$libinit$$0000000A  c_w.l(libinit2.o)
    0x0800024a   0x0800024a   0x00000000   Code   RO         2013    .ARM.Collect$$libinit$$0000000C  c_w.l(libinit2.o)
    0x0800024a   0x0800024a   0x00000000   Code   RO         2015    .ARM.Collect$$libinit$$0000000E  c_w.l(libinit2.o)
    0x0800024a   0x0800024a   0x00000000   Code   RO         2018    .ARM.Collect$$libinit$$00000011  c_w.l(libinit2.o)
    0x0800024a   0x0800024a   0x00000000   Code   RO         2020    .ARM.Collect$$libinit$$00000013  c_w.l(libinit2.o)
    0x0800024a   0x0800024a   0x00000000   Code   RO         2022    .ARM.Collect$$libinit$$00000015  c_w.l(libinit2.o)
    0x0800024a   0x0800024a   0x00000000   Code   RO         2024    .ARM.Collect$$libinit$$00000017  c_w.l(libinit2.o)
    0x0800024a   0x0800024a   0x00000000   Code   RO         2026    .ARM.Collect$$libinit$$00000019  c_w.l(libinit2.o)
    0x0800024a   0x0800024a   0x00000000   Code   RO         2028    .ARM.Collect$$libinit$$0000001B  c_w.l(libinit2.o)
    0x0800024a   0x0800024a   0x00000000   Code   RO         2030    .ARM.Collect$$libinit$$0000001D  c_w.l(libinit2.o)
    0x0800024a   0x0800024a   0x00000000   Code   RO         2032    .ARM.Collect$$libinit$$0000001F  c_w.l(libinit2.o)
    0x0800024a   0x0800024a   0x00000000   Code   RO         2034    .ARM.Collect$$libinit$$00000021  c_w.l(libinit2.o)
    0x0800024a   0x0800024a   0x00000000   Code   RO         2036    .ARM.Collect$$libinit$$00000023  c_w.l(libinit2.o)
    0x0800024a   0x0800024a   0x00000000   Code   RO         2038    .ARM.Collect$$libinit$$00000025  c_w.l(libinit2.o)
    0x0800024a   0x0800024a   0x00000000   Code   RO         2042    .ARM.Collect$$libinit$$0000002C  c_w.l(libinit2.o)
    0x0800024a   0x0800024a   0x00000000   Code   RO         2044    .ARM.Collect$$libinit$$0000002E  c_w.l(libinit2.o)
    0x0800024a   0x0800024a   0x00000000   Code   RO         2046    .ARM.Collect$$libinit$$00000030  c_w.l(libinit2.o)
    0x0800024a   0x0800024a   0x00000000   Code   RO         2048    .ARM.Collect$$libinit$$00000032  c_w.l(libinit2.o)
    0x0800024a   0x0800024a   0x00000002   Code   RO         2049    .ARM.Collect$$libinit$$00000033  c_w.l(libinit2.o)
    0x0800024c   0x0800024c   0x00000002   Code   RO         2177    .ARM.Collect$$libshutdown$$00000000  c_w.l(libshutdown.o)
    0x0800024e   0x0800024e   0x00000000   Code   RO         2135    .ARM.Collect$$libshutdown$$00000002  c_w.l(libshutdown2.o)
    0x0800024e   0x0800024e   0x00000000   Code   RO         2137    .ARM.Collect$$libshutdown$$00000004  c_w.l(libshutdown2.o)
    0x0800024e   0x0800024e   0x00000000   Code   RO         2140    .ARM.Collect$$libshutdown$$00000007  c_w.l(libshutdown2.o)
    0x0800024e   0x0800024e   0x00000000   Code   RO         2143    .ARM.Collect$$libshutdown$$0000000A  c_w.l(libshutdown2.o)
    0x0800024e   0x0800024e   0x00000000   Code   RO         2145    .ARM.Collect$$libshutdown$$0000000C  c_w.l(libshutdown2.o)
    0x0800024e   0x0800024e   0x00000000   Code   RO         2148    .ARM.Collect$$libshutdown$$0000000F  c_w.l(libshutdown2.o)
    0x0800024e   0x0800024e   0x00000002   Code   RO         2149    .ARM.Collect$$libshutdown$$00000010  c_w.l(libshutdown2.o)
    0x08000250   0x08000250   0x00000000   Code   RO         1973    .ARM.Collect$$rtentry$$00000000  c_w.l(__rtentry.o)
    0x08000250   0x08000250   0x00000000   Code   RO         2056    .ARM.Collect$$rtentry$$00000002  c_w.l(__rtentry2.o)
    0x08000250   0x08000250   0x00000006   Code   RO         2068    .ARM.Collect$$rtentry$$00000004  c_w.l(__rtentry4.o)
    0x08000256   0x08000256   0x00000000   Code   RO         2058    .ARM.Collect$$rtentry$$00000009  c_w.l(__rtentry2.o)
    0x08000256   0x08000256   0x00000004   Code   RO         2059    .ARM.Collect$$rtentry$$0000000A  c_w.l(__rtentry2.o)
    0x0800025a   0x0800025a   0x00000000   Code   RO         2061    .ARM.Collect$$rtentry$$0000000C  c_w.l(__rtentry2.o)
    0x0800025a   0x0800025a   0x00000008   Code   RO         2062    .ARM.Collect$$rtentry$$0000000D  c_w.l(__rtentry2.o)
    0x08000262   0x08000262   0x00000002   Code   RO         2122    .ARM.Collect$$rtexit$$00000000  c_w.l(rtexit.o)
    0x08000264   0x08000264   0x00000000   Code   RO         2153    .ARM.Collect$$rtexit$$00000002  c_w.l(rtexit2.o)
    0x08000264   0x08000264   0x00000004   Code   RO         2154    .ARM.Collect$$rtexit$$00000003  c_w.l(rtexit2.o)
    0x08000268   0x08000268   0x00000006   Code   RO         2155    .ARM.Collect$$rtexit$$00000004  c_w.l(rtexit2.o)
    0x0800026e   0x0800026e   0x00000002   PAD
    0x08000270   0x08000270   0x00000010   Code   RO          995    .emb_text           cpuport.o
    0x08000280   0x08000280   0x00000000   Code   RO         2074    .emb_text           c_w.l(maybetermalloc1.o)
    0x08000280   0x08000280   0x000001b4   Code   RO            4    .text               stm32f4xx_hal.o
    0x08000434   0x08000434   0x00000298   Code   RO          129    .text               stm32f4xx_hal_cortex.o
    0x080006cc   0x080006cc   0x00000720   Code   RO          157    .text               stm32f4xx_hal_dma.o
    0x08000dec   0x08000dec   0x00000324   Code   RO          300    .text               stm32f4xx_hal_gpio.o
    0x08001110   0x08001110   0x00000a3a   Code   RO          324    .text               stm32f4xx_hal_pcd.o
    0x08001b4a   0x08001b4a   0x0000004e   Code   RO          348    .text               stm32f4xx_hal_pcd_ex.o
    0x08001b98   0x08001b98   0x00000718   Code   RO          420    .text               stm32f4xx_hal_rcc.o
    0x080022b0   0x080022b0   0x0000116e   Code   RO          504    .text               stm32f4xx_hal_uart.o
    0x0800341e   0x0800341e   0x00000002   PAD
    0x08003420   0x08003420   0x000010d4   Code   RO          528    .text               stm32f4xx_ll_usb.o
    0x080044f4   0x080044f4   0x0000007c   Code   RO          630    .text               ff_gen_drv.o
    0x08004570   0x08004570   0x00000338   Code   RO          681    .text               usbd_cdc.o
    0x080048a8   0x080048a8   0x00000318   Code   RO          740    .text               usbd_core.o
    0x08004bc0   0x08004bc0   0x0000063a   Code   RO          764    .text               usbd_ctlreq.o
    0x080051fa   0x080051fa   0x00000088   Code   RO          789    .text               usbd_ioreq.o
    0x08005282   0x08005282   0x00000002   PAD
    0x08005284   0x08005284   0x00000054   Code   RO          813    .text               board.o
    0x080052d8   0x080052d8   0x00000078   Code   RO          933    .text               clock.o
    0x08005350   0x08005350   0x000001c4   Code   RO          950    .text               completion.o
    0x08005514   0x08005514   0x000000d4   Code   RO          966    .text               components.o
    0x080055e8   0x080055e8   0x00000134   Code   RO          985    .text               context_rvds.o
    0x0800571c   0x0800571c   0x00000298   Code   RO          996    .text               cpuport.o
    0x080059b4   0x080059b4   0x00000408   Code   RO         1018    .text               dataqueue.o
    0x08005dbc   0x08005dbc   0x00000532   Code   RO         1037    .text               device.o
    0x080062ee   0x080062ee   0x00000002   PAD
    0x080062f0   0x080062f0   0x000000d4   Code   RO         1053    .text               drv_common.o
    0x080063c4   0x080063c4   0x000004a8   Code   RO         1092    .text               drv_gpio.o
    0x0800686c   0x0800686c   0x0000061c   Code   RO         1119    .text               drv_usart.o
    0x08006e88   0x08006e88   0x000001d0   Code   RO         1191    .text               idle.o
    0x08007058   0x08007058   0x00001aa0   Code   RO         1210    .text               ipc.o
    0x08008af8   0x08008af8   0x00000064   Code   RO         1225    .text               irq.o
    0x08008b5c   0x08008b5c   0x00000878   Code   RO         1240    .text               kservice.o
    0x080093d4   0x080093d4   0x000006d4   Code   RO         1260    .text               mem.o
    0x08009aa8   0x08009aa8   0x00000370   Code   RO         1301    .text               object.o
    0x08009e18   0x08009e18   0x00000210   Code   RO         1320    .text               pin.o
    0x0800a028   0x0800a028   0x00000314   Code   RO         1365    .text               scheduler.o
    0x0800a33c   0x0800a33c   0x00000b44   Code   RO         1386    .text               serial.o
    0x0800ae80   0x0800ae80   0x0000077c   Code   RO         1420    .text               thread.o
    0x0800b5fc   0x0800b5fc   0x00000510   Code   RO         1440    .text               timer.o
    0x0800bb0c   0x0800bb0c   0x00000310   Code   RO         1462    .text               entry.o
    0x0800be1c   0x0800be1c   0x00000020   Code   RO         1592    .text               fatfs.o
    0x0800be3c   0x0800be3c   0x000000fc   Code   RO         1624    .text               stm32f4xx_hal_msp.o
    0x0800bf38   0x0800bf38   0x00000020   Code   RO         1649    .text               stm32f4xx_it.o
    0x0800bf58   0x0800bf58   0x000000d8   Code   RO         1677    .text               system_stm32f4xx.o
    0x0800c030   0x0800c030   0x00000038   Code   RO         1709    .text               usb_device.o
    0x0800c068   0x0800c068   0x0000006c   Code   RO         1752    .text               usbd_cdc_if.o
    0x0800c0d4   0x0800c0d4   0x000003d4   Code   RO         1784    .text               usbd_conf.o
    0x0800c4a8   0x0800c4a8   0x00000104   Code   RO         1811    .text               usbd_desc.o
    0x0800c5ac   0x0800c5ac   0x00000024   Code   RO         1843    .text               user_diskio.o
    0x0800c5d0   0x0800c5d0   0x0000013c   Code   RO         1874    .text               example_uart.o
    0x0800c70c   0x0800c70c   0x00000040   Code   RO         1893    .text               startup_stm32f407xx.o
    0x0800c74c   0x0800c74c   0x0000005e   Code   RO         1903    .text               c_w.l(h1_alloc.o)
    0x0800c7aa   0x0800c7aa   0x0000004e   Code   RO         1905    .text               c_w.l(h1_free.o)
    0x0800c7f8   0x0800c7f8   0x000000ee   Code   RO         1961    .text               c_w.l(lludivv7m.o)
    0x0800c8e6   0x0800c8e6   0x00000064   Code   RO         1963    .text               c_w.l(rt_memcpy_w.o)
    0x0800c94a   0x0800c94a   0x0000004e   Code   RO         1965    .text               c_w.l(rt_memclr_w.o)
    0x0800c998   0x0800c998   0x00000006   Code   RO         1967    .text               c_w.l(heapauxi.o)
    0x0800c99e   0x0800c99e   0x00000002   PAD
    0x0800c9a0   0x0800c9a0   0x00000008   Code   RO         1981    .text               c_w.l(rt_heap_descriptor_intlibspace.o)
    0x0800c9a8   0x0800c9a8   0x00000004   Code   RO         1983    .text               c_w.l(hguard.o)
    0x0800c9ac   0x0800c9ac   0x0000008a   Code   RO         1985    .text               c_w.l(init_alloc.o)
    0x0800ca36   0x0800ca36   0x0000000e   Code   RO         1989    .text               c_w.l(h1_init.o)
    0x0800ca44   0x0800ca44   0x00000008   Code   RO         2052    .text               c_w.l(libspace.o)
    0x0800ca4c   0x0800ca4c   0x00000034   Code   RO         2076    .text               c_w.l(h1_extend.o)
    0x0800ca80   0x0800ca80   0x0000000e   Code   RO         2080    .text               c_w.l(defsig_rtmem_outer.o)
    0x0800ca8e   0x0800ca8e   0x00000002   Code   RO         2091    .text               c_w.l(use_no_semi.o)
    0x0800ca90   0x0800ca90   0x00000000   Code   RO         2093    .text               c_w.l(indicate_semi.o)
    0x0800ca90   0x0800ca90   0x0000004a   Code   RO         2094    .text               c_w.l(sys_stackheap_outer.o)
    0x0800cada   0x0800cada   0x00000012   Code   RO         2100    .text               c_w.l(exit.o)
    0x0800caec   0x0800caec   0x0000000a   Code   RO         2102    .text               c_w.l(defsig_exit.o)
    0x0800caf6   0x0800caf6   0x00000002   PAD
    0x0800caf8   0x0800caf8   0x00000050   Code   RO         2108    .text               c_w.l(defsig_rtmem_inner.o)
    0x0800cb48   0x0800cb48   0x0000000c   Code   RO         2120    .text               c_w.l(sys_exit.o)
    0x0800cb54   0x0800cb54   0x00000032   Code   RO         2130    .text               c_w.l(defsig_general.o)
    0x0800cb86   0x0800cb86   0x0000000e   Code   RO         2150    .text               c_w.l(sys_wrch.o)
    0x0800cb94   0x0800cb94   0x0000000a   Code   RO         2089    x$fpl$fpinit        fz_wm.l(fpinit.o)
    0x0800cb9e   0x0800cb9e   0x00000008   Data   RO          158    .constdata          stm32f4xx_hal_dma.o
    0x0800cba6   0x0800cba6   0x00000039   Data   RO          951    .constdata          completion.o
    0x0800cbdf   0x0800cbdf   0x00000014   Data   RO          967    .constdata          components.o
    0x0800cbf3   0x0800cbf3   0x00000013   Data   RO          997    .constdata          cpuport.o
    0x0800cc06   0x0800cc06   0x0000004b   Data   RO         1019    .constdata          dataqueue.o
    0x0800cc51   0x0800cc51   0x000000c9   Data   RO         1038    .constdata          device.o
    0x0800cd1a   0x0800cd1a   0x00000002   PAD
    0x0800cd1c   0x0800cd1c   0x00000718   Data   RO         1093    .constdata          drv_gpio.o
    0x0800d434   0x0800d434   0x000000f9   Data   RO         1121    .constdata          drv_usart.o
    0x0800d52d   0x0800d52d   0x00000016   Data   RO         1193    .constdata          idle.o
    0x0800d543   0x0800d543   0x000001f7   Data   RO         1211    .constdata          ipc.o
    0x0800d73a   0x0800d73a   0x00000022   Data   RO         1242    .constdata          kservice.o
    0x0800d75c   0x0800d75c   0x0000003c   Data   RO         1262    .constdata          mem.o
    0x0800d798   0x0800d798   0x00000080   Data   RO         1302    .constdata          object.o
    0x0800d818   0x0800d818   0x0000007d   Data   RO         1322    .constdata          pin.o
    0x0800d895   0x0800d895   0x0000004e   Data   RO         1367    .constdata          scheduler.o
    0x0800d8e3   0x0800d8e3   0x0000012a   Data   RO         1387    .constdata          serial.o
    0x0800da0d   0x0800da0d   0x000000b9   Data   RO         1421    .constdata          thread.o
    0x0800dac6   0x0800dac6   0x0000005c   Data   RO         1441    .constdata          timer.o
    0x0800db22   0x0800db22   0x00000010   Data   RO         1678    .constdata          system_stm32f4xx.o
    0x0800db32   0x0800db32   0x00000008   Data   RO         1679    .constdata          system_stm32f4xx.o
    0x0800db3a   0x0800db3a   0x00000002   PAD
    0x0800db3c   0x0800db3c   0x00000006   Data   RO         1122    .conststring        drv_usart.o
    0x0800db42   0x0800db42   0x00000002   PAD
    0x0800db44   0x0800db44   0x0000015a   Data   RO         1212    .conststring        ipc.o
    0x0800dc9e   0x0800dc9e   0x00000002   PAD
    0x0800dca0   0x0800dca0   0x000000eb   Data   RO         1263    .conststring        mem.o
    0x0800dd8b   0x0800dd8b   0x00000001   PAD
    0x0800dd8c   0x0800dd8c   0x00000042   Data   RO         1422    .conststring        thread.o
    0x0800ddce   0x0800ddce   0x00000002   PAD
    0x0800ddd0   0x0800ddd0   0x00000004   Data   RO          968    .rti_fn.0           components.o
    0x0800ddd4   0x0800ddd4   0x00000004   Data   RO          969    .rti_fn.0.end       components.o
    0x0800ddd8   0x0800ddd8   0x00000004   Data   RO          970    .rti_fn.1.end       components.o
    0x0800dddc   0x0800dddc   0x00000004   Data   RO          971    .rti_fn.6.end       components.o
    0x0800dde0   0x0800dde0   0x00000020   Data   RO         2178    Region$$Table       anon$$obj.o


    Execution Region RW_IRAM1 (Exec base: 0x20000000, Load base: 0x0800de00, Size: 0x00002c40, Max: 0x00020000, ABSOLUTE, COMPRESSED[0x00000138])

    Exec Addr    Load Addr    Size         Type   Attr      Idx    E Section Name        Object

    0x20000000   COMPRESSED   0x0000000c   Data   RW            5    .data               stm32f4xx_hal.o
    0x2000000c   COMPRESSED   0x00000004   Data   RW          529    .data               stm32f4xx_ll_usb.o
    0x20000010   COMPRESSED   0x000000d7   Data   RW          682    .data               usbd_cdc.o
    0x200000e7   COMPRESSED   0x00000001   PAD
    0x200000e8   COMPRESSED   0x00000038   Data   RW          683    .data               usbd_cdc.o
    0x20000120   COMPRESSED   0x00000001   Data   RW          765    .data               usbd_ctlreq.o
    0x20000121   COMPRESSED   0x00000003   PAD
    0x20000124   COMPRESSED   0x00000004   Data   RW          934    .data               clock.o
    0x20000128   COMPRESSED   0x00000004   Data   RW          998    .data               cpuport.o
    0x2000012c   COMPRESSED   0x00000004   Data   RW          999    .data               cpuport.o
    0x20000130   COMPRESSED   0x00000004   Data   RW         1000    .data               cpuport.o
    0x20000134   COMPRESSED   0x00000004   Data   RW         1001    .data               cpuport.o
    0x20000138   COMPRESSED   0x000000c4   Data   RW         1094    .data               drv_gpio.o
    0x200001fc   COMPRESSED   0x00000014   Data   RW         1123    .data               drv_usart.o
    0x20000210   COMPRESSED   0x0000000c   Data   RW         1226    .data               irq.o
    0x2000021c   COMPRESSED   0x0000000c   Data   RW         1243    .data               kservice.o
    0x20000228   COMPRESSED   0x00000020   Data   RW         1264    .data               mem.o
    0x20000248   COMPRESSED   0x000000a4   Data   RW         1303    .data               object.o
    0x200002ec   COMPRESSED   0x00000018   Data   RW         1368    .data               scheduler.o
    0x20000304   COMPRESSED   0x0000000c   Data   RW         1423    .data               thread.o
    0x20000310   COMPRESSED   0x00000014   Data   RW         1442    .data               timer.o
    0x20000324   COMPRESSED   0x00000004   Data   RW         1465    .data               entry.o
    0x20000328   COMPRESSED   0x0000000c   Data   RW         1466    .data               entry.o
    0x20000334   COMPRESSED   0x00000005   Data   RW         1595    .data               fatfs.o
    0x20000339   COMPRESSED   0x00000003   PAD
    0x2000033c   COMPRESSED   0x00000004   Data   RW         1680    .data               system_stm32f4xx.o
    0x20000340   COMPRESSED   0x00000010   Data   RW         1754    .data               usbd_cdc_if.o
    0x20000350   COMPRESSED   0x0000001c   Data   RW         1813    .data               usbd_desc.o
    0x2000036c   COMPRESSED   0x00000016   Data   RW         1814    .data               usbd_desc.o
    0x20000382   COMPRESSED   0x00000001   Data   RW         1844    .data               user_diskio.o
    0x20000383   COMPRESSED   0x00000001   PAD
    0x20000384   COMPRESSED   0x00000014   Data   RW         1845    .data               user_diskio.o
    0x20000398   COMPRESSED   0x00000004   Data   RW         1876    .data               example_uart.o
    0x2000039c        -       0x0000000c   Zero   RW          631    .bss                ff_gen_drv.o
    0x200003a8        -       0x00000160   Zero   RW         1120    .bss                drv_usart.o
    0x20000508        -       0x00000190   Zero   RW         1192    .bss                idle.o
    0x20000698        -       0x00000080   Zero   RW         1241    .bss                kservice.o
    0x20000718        -       0x00000020   Zero   RW         1261    .bss                mem.o
    0x20000738        -       0x00000044   Zero   RW         1321    .bss                pin.o
    0x2000077c        -       0x00000100   Zero   RW         1366    .bss                scheduler.o
    0x2000087c        -       0x00000040   Zero   RW         1463    .bss                entry.o
    0x200008bc        -       0x00000060   Zero   RW         1464    .bss                entry.o
    0x2000091c        -       0x0000029c   Zero   RW         1710    .bss                usb_device.o
    0x20000bb8        -       0x00001000   Zero   RW         1753    .bss                usbd_cdc_if.o
    0x20001bb8        -       0x00000408   Zero   RW         1785    .bss                usbd_conf.o
    0x20001fc0        -       0x00000200   Zero   RW         1812    .bss                usbd_desc.o
    0x200021c0        -       0x00000020   Zero   RW         1875    .bss                example_uart.o
    0x200021e0        -       0x00000060   Zero   RW         2053    .bss                c_w.l(libspace.o)
    0x20002240        -       0x00000600   Zero   RW         1891    HEAP                startup_stm32f407xx.o
    0x20002840        -       0x00000400   Zero   RW         1890    STACK               startup_stm32f407xx.o


==============================================================================

Image component sizes


      Code (inc. data)   RO Data    RW Data    ZI Data      Debug   Object Name

        84          6          0          0          0      16511   board.o
       120          4          0          4          0       1784   clock.o
       452        122         57          0          0       5119   completion.o
       212         40         36          0          0       2706   components.o
       308         26          0          0          0        868   context_rvds.o
       680        374         19         16          0       4979   cpuport.o
      1032        106         75          0          0       5201   dataqueue.o
      1330        274        201          0          0       6178   device.o
         0          0          0          0          0       4368   diskio.o
       212         24          0          0          0       7650   drv_common.o
      1192         36       1816        196          0       6761   drv_gpio.o
      1564        102        255         20        352      38595   drv_usart.o
       784        134          0         16        160      14511   entry.o
       316         86          0          4         32       1534   example_uart.o
        32         10          0          5          0       1286   fatfs.o
         0          0          0          0          0        564   ff.o
       124          4          0          0         12       1969   ff_gen_drv.o
       464         74         22          0        400       6004   idle.o
      6816        938        849          0          0      21931   ipc.o
       100          6          0         12          0       2044   irq.o
      2168        220         34         12        128      13303   kservice.o
      1748        490        295         32         32       5506   mem.o
       880        156        128        164          0       8939   object.o
       528         62        125          0         68       4640   pin.o
       788        122         78         24        256       7613   scheduler.o
      2884        366        298          0          0      10533   serial.o
        64         26        392          0       2560        852   startup_stm32f407xx.o
       436         32          0         12          0     679764   stm32f4xx_hal.o
       664         10          0          0          0      36282   stm32f4xx_hal_cortex.o
      1824         28          8          0          0       7713   stm32f4xx_hal_dma.o
       804         44          0          0          0       4051   stm32f4xx_hal_gpio.o
       252         20          0          0          0       1635   stm32f4xx_hal_msp.o
      2618         10          0          0          0      12207   stm32f4xx_hal_pcd.o
        78          0          0          0          0       2032   stm32f4xx_hal_pcd_ex.o
      1816         56          0          0          0       6151   stm32f4xx_hal_rcc.o
      4462         50          0          0          0      17324   stm32f4xx_hal_uart.o
        32          8          0          0          0       1271   stm32f4xx_it.o
      4308        150          0          4          0      18239   stm32f4xx_ll_usb.o
       216         30         24          4          0       1605   system_stm32f4xx.o
      1916        388        251         12          0      11033   thread.o
      1296        234         92         20          0       9523   timer.o
        56         18          0          0        668       2495   usb_device.o
       824          6          0        271          0      12320   usbd_cdc.o
       108         12          0         16       4096       2120   usbd_cdc_if.o
       980         18          0          0       1032       8446   usbd_conf.o
       792          0          0          0          0       6145   usbd_core.o
      1594         28          0          1          0       6170   usbd_ctlreq.o
       260         98          0         50        512       3451   usbd_desc.o
       136          0          0          0          0       2498   usbd_ioreq.o
        36          4          0         21          0       2264   user_diskio.o

    ----------------------------------------------------------------------
     50396       5052       5098        924      10308    1056688   Object Totals
         0          0         32          0          0          0   (incl. Generated)
         6          0         11          8          0          0   (incl. Padding)

    ----------------------------------------------------------------------

      Code (inc. data)   RO Data    RW Data    ZI Data      Debug   Library Member Name

        90          0          0          0          0          0   __dczerorl2.o
         8          0          0          0          0         68   __main.o
         0          0          0          0          0          0   __rtentry.o
        12          0          0          0          0          0   __rtentry2.o
         6          0          0          0          0          0   __rtentry4.o
        52          8          0          0          0          0   __scatter.o
        28          0          0          0          0          0   __scatter_zi.o
        10          0          0          0          0         68   defsig_exit.o
        50          0          0          0          0         88   defsig_general.o
        80         58          0          0          0         76   defsig_rtmem_inner.o
        14          0          0          0          0         80   defsig_rtmem_outer.o
        18          0          0          0          0         80   exit.o
        94          0          0          0          0         80   h1_alloc.o
        52          0          0          0          0         68   h1_extend.o
        78          0          0          0          0         80   h1_free.o
        14          0          0          0          0         84   h1_init.o
         6          0          0          0          0        152   heapauxi.o
         4          0          0          0          0        136   hguard.o
         0          0          0          0          0          0   indicate_semi.o
       138          0          0          0          0        168   init_alloc.o
         2          0          0          0          0          0   libinit.o
        14          0          0          0          0          0   libinit2.o
         2          0          0          0          0          0   libshutdown.o
         2          0          0          0          0          0   libshutdown2.o
         8          4          0          0         96         68   libspace.o
       238          0          0          0          0        100   lludivv7m.o
         0          0          0          0          0          0   maybetermalloc1.o
         8          4          0          0          0         68   rt_heap_descriptor_intlibspace.o
        78          0          0          0          0         80   rt_memclr_w.o
       100          0          0          0          0         80   rt_memcpy_w.o
         2          0          0          0          0          0   rtexit.o
        10          0          0          0          0          0   rtexit2.o
        12          4          0          0          0         68   sys_exit.o
        74          0          0          0          0         80   sys_stackheap_outer.o
        14          0          0          0          0         76   sys_wrch.o
         2          0          0          0          0         68   use_no_semi.o
        10          0          0          0          0        116   fpinit.o

    ----------------------------------------------------------------------
      1338         78          0          0         96       2032   Library Totals
         8          0          0          0          0          0   (incl. Padding)

    ----------------------------------------------------------------------

      Code (inc. data)   RO Data    RW Data    ZI Data      Debug   Library Name

      1320         78          0          0         96       1916   c_w.l
        10          0          0          0          0        116   fz_wm.l

    ----------------------------------------------------------------------
      1338         78          0          0         96       2032   Library Totals

    ----------------------------------------------------------------------

==============================================================================


      Code (inc. data)   RO Data    RW Data    ZI Data      Debug   

     51734       5130       5098        924      10404    1046432   Grand Totals
     51734       5130       5098        312      10404    1046432   ELF Image Totals (compressed)
     51734       5130       5098        312          0          0   ROM Totals

==============================================================================

    Total RO  Size (Code + RO Data)                56832 (  55.50kB)
    Total RW  Size (RW Data + ZI Data)             11328 (  11.06kB)
    Total ROM Size (Code + RO Data + RW Data)      57144 (  55.80kB)

==============================================================================

